<!doctype html public "-//w3c//dtd html 4.0 transitional//en">
<html><head>
<title>Static Call Graph - [.\output\debug\template.axf]</title></head>
<body><HR>
<H1>Static Call Graph for image .\output\debug\template.axf</H1><HR>
<BR><P>#&#060CALLGRAPH&#062# ARM Linker, 5060960: Last Updated: Sun Oct 27 13:03:50 2024
<BR><P>
<H3>Maximum Stack Usage =        496 bytes + Unknown(Cycles, Untraceable Function Pointers)</H3><H3>
Call chain for Maximum Stack Depth:</H3>
main &rArr; f_mkfs &rArr; disk_initialize &rArr; SD_Initialize &rArr; SdCard_Config &rArr; SD_Init &rArr; SD_SetSpeedMode &rArr; SD_ReadWriteFifo &rArr; SDMMC_CMD12_StopTrans &rArr; SDMMC_GetCmdResp1Busy &rArr; SDMMC_WaitResponse &rArr; SDIOC_GetIntStatus
<P>
<H3>
Mutually Recursive functions
</H3> <LI><a href="#[3]">NMI_Handler</a>&nbsp;&nbsp;&nbsp;&rArr;&nbsp;&nbsp;&nbsp;<a href="#[3]">NMI_Handler</a><BR>
 <LI><a href="#[4]">HardFault_Handler</a>&nbsp;&nbsp;&nbsp;&rArr;&nbsp;&nbsp;&nbsp;<a href="#[4]">HardFault_Handler</a><BR>
 <LI><a href="#[5]">MemManage_Handler</a>&nbsp;&nbsp;&nbsp;&rArr;&nbsp;&nbsp;&nbsp;<a href="#[5]">MemManage_Handler</a><BR>
 <LI><a href="#[6]">BusFault_Handler</a>&nbsp;&nbsp;&nbsp;&rArr;&nbsp;&nbsp;&nbsp;<a href="#[6]">BusFault_Handler</a><BR>
 <LI><a href="#[7]">UsageFault_Handler</a>&nbsp;&nbsp;&nbsp;&rArr;&nbsp;&nbsp;&nbsp;<a href="#[7]">UsageFault_Handler</a><BR>
 <LI><a href="#[8]">SVC_Handler</a>&nbsp;&nbsp;&nbsp;&rArr;&nbsp;&nbsp;&nbsp;<a href="#[8]">SVC_Handler</a><BR>
 <LI><a href="#[9]">DebugMon_Handler</a>&nbsp;&nbsp;&nbsp;&rArr;&nbsp;&nbsp;&nbsp;<a href="#[9]">DebugMon_Handler</a><BR>
 <LI><a href="#[a]">PendSV_Handler</a>&nbsp;&nbsp;&nbsp;&rArr;&nbsp;&nbsp;&nbsp;<a href="#[a]">PendSV_Handler</a><BR>
 <LI><a href="#[b]">SysTick_Handler</a>&nbsp;&nbsp;&nbsp;&rArr;&nbsp;&nbsp;&nbsp;<a href="#[b]">SysTick_Handler</a><BR>
 <LI><a href="#[a8]">DDL_AssertHandler</a>&nbsp;&nbsp;&nbsp;&rArr;&nbsp;&nbsp;&nbsp;<a href="#[a8]">DDL_AssertHandler</a><BR>
</UL>
<P>
<H3>
Function Pointers
</H3><UL>
 <LI><a href="#[6]">BusFault_Handler</a> from startup_hc32f4a0.o(.text) referenced from startup_hc32f4a0.o(RESET)
 <LI><a href="#[9]">DebugMon_Handler</a> from startup_hc32f4a0.o(.text) referenced from startup_hc32f4a0.o(RESET)
 <LI><a href="#[4]">HardFault_Handler</a> from startup_hc32f4a0.o(.text) referenced from startup_hc32f4a0.o(RESET)
 <LI><a href="#[c]">IRQ000_Handler</a> from hc32_ll_interrupts.o(i.IRQ000_Handler) referenced from startup_hc32f4a0.o(RESET)
 <LI><a href="#[d]">IRQ001_Handler</a> from hc32_ll_interrupts.o(i.IRQ001_Handler) referenced from startup_hc32f4a0.o(RESET)
 <LI><a href="#[e]">IRQ002_Handler</a> from hc32_ll_interrupts.o(i.IRQ002_Handler) referenced from startup_hc32f4a0.o(RESET)
 <LI><a href="#[f]">IRQ003_Handler</a> from hc32_ll_interrupts.o(i.IRQ003_Handler) referenced from startup_hc32f4a0.o(RESET)
 <LI><a href="#[10]">IRQ004_Handler</a> from hc32_ll_interrupts.o(i.IRQ004_Handler) referenced from startup_hc32f4a0.o(RESET)
 <LI><a href="#[11]">IRQ005_Handler</a> from hc32_ll_interrupts.o(i.IRQ005_Handler) referenced from startup_hc32f4a0.o(RESET)
 <LI><a href="#[12]">IRQ006_Handler</a> from hc32_ll_interrupts.o(i.IRQ006_Handler) referenced from startup_hc32f4a0.o(RESET)
 <LI><a href="#[13]">IRQ007_Handler</a> from hc32_ll_interrupts.o(i.IRQ007_Handler) referenced from startup_hc32f4a0.o(RESET)
 <LI><a href="#[14]">IRQ008_Handler</a> from hc32_ll_interrupts.o(i.IRQ008_Handler) referenced from startup_hc32f4a0.o(RESET)
 <LI><a href="#[15]">IRQ009_Handler</a> from hc32_ll_interrupts.o(i.IRQ009_Handler) referenced from startup_hc32f4a0.o(RESET)
 <LI><a href="#[16]">IRQ010_Handler</a> from hc32_ll_interrupts.o(i.IRQ010_Handler) referenced from startup_hc32f4a0.o(RESET)
 <LI><a href="#[17]">IRQ011_Handler</a> from hc32_ll_interrupts.o(i.IRQ011_Handler) referenced from startup_hc32f4a0.o(RESET)
 <LI><a href="#[18]">IRQ012_Handler</a> from hc32_ll_interrupts.o(i.IRQ012_Handler) referenced from startup_hc32f4a0.o(RESET)
 <LI><a href="#[19]">IRQ013_Handler</a> from hc32_ll_interrupts.o(i.IRQ013_Handler) referenced from startup_hc32f4a0.o(RESET)
 <LI><a href="#[1a]">IRQ014_Handler</a> from hc32_ll_interrupts.o(i.IRQ014_Handler) referenced from startup_hc32f4a0.o(RESET)
 <LI><a href="#[1b]">IRQ015_Handler</a> from hc32_ll_interrupts.o(i.IRQ015_Handler) referenced from startup_hc32f4a0.o(RESET)
 <LI><a href="#[1c]">IRQ016_Handler</a> from hc32_ll_interrupts.o(i.IRQ016_Handler) referenced from startup_hc32f4a0.o(RESET)
 <LI><a href="#[1d]">IRQ017_Handler</a> from hc32_ll_interrupts.o(i.IRQ017_Handler) referenced from startup_hc32f4a0.o(RESET)
 <LI><a href="#[1e]">IRQ018_Handler</a> from hc32_ll_interrupts.o(i.IRQ018_Handler) referenced from startup_hc32f4a0.o(RESET)
 <LI><a href="#[1f]">IRQ019_Handler</a> from hc32_ll_interrupts.o(i.IRQ019_Handler) referenced from startup_hc32f4a0.o(RESET)
 <LI><a href="#[20]">IRQ020_Handler</a> from hc32_ll_interrupts.o(i.IRQ020_Handler) referenced from startup_hc32f4a0.o(RESET)
 <LI><a href="#[21]">IRQ021_Handler</a> from hc32_ll_interrupts.o(i.IRQ021_Handler) referenced from startup_hc32f4a0.o(RESET)
 <LI><a href="#[22]">IRQ022_Handler</a> from hc32_ll_interrupts.o(i.IRQ022_Handler) referenced from startup_hc32f4a0.o(RESET)
 <LI><a href="#[23]">IRQ023_Handler</a> from hc32_ll_interrupts.o(i.IRQ023_Handler) referenced from startup_hc32f4a0.o(RESET)
 <LI><a href="#[24]">IRQ024_Handler</a> from hc32_ll_interrupts.o(i.IRQ024_Handler) referenced from startup_hc32f4a0.o(RESET)
 <LI><a href="#[25]">IRQ025_Handler</a> from hc32_ll_interrupts.o(i.IRQ025_Handler) referenced from startup_hc32f4a0.o(RESET)
 <LI><a href="#[26]">IRQ026_Handler</a> from hc32_ll_interrupts.o(i.IRQ026_Handler) referenced from startup_hc32f4a0.o(RESET)
 <LI><a href="#[27]">IRQ027_Handler</a> from hc32_ll_interrupts.o(i.IRQ027_Handler) referenced from startup_hc32f4a0.o(RESET)
 <LI><a href="#[28]">IRQ028_Handler</a> from hc32_ll_interrupts.o(i.IRQ028_Handler) referenced from startup_hc32f4a0.o(RESET)
 <LI><a href="#[29]">IRQ029_Handler</a> from hc32_ll_interrupts.o(i.IRQ029_Handler) referenced from startup_hc32f4a0.o(RESET)
 <LI><a href="#[2a]">IRQ030_Handler</a> from hc32_ll_interrupts.o(i.IRQ030_Handler) referenced from startup_hc32f4a0.o(RESET)
 <LI><a href="#[2b]">IRQ031_Handler</a> from hc32_ll_interrupts.o(i.IRQ031_Handler) referenced from startup_hc32f4a0.o(RESET)
 <LI><a href="#[2c]">IRQ032_Handler</a> from hc32_ll_interrupts.o(i.IRQ032_Handler) referenced from startup_hc32f4a0.o(RESET)
 <LI><a href="#[2d]">IRQ033_Handler</a> from hc32_ll_interrupts.o(i.IRQ033_Handler) referenced from startup_hc32f4a0.o(RESET)
 <LI><a href="#[2e]">IRQ034_Handler</a> from hc32_ll_interrupts.o(i.IRQ034_Handler) referenced from startup_hc32f4a0.o(RESET)
 <LI><a href="#[2f]">IRQ035_Handler</a> from hc32_ll_interrupts.o(i.IRQ035_Handler) referenced from startup_hc32f4a0.o(RESET)
 <LI><a href="#[30]">IRQ036_Handler</a> from hc32_ll_interrupts.o(i.IRQ036_Handler) referenced from startup_hc32f4a0.o(RESET)
 <LI><a href="#[31]">IRQ037_Handler</a> from hc32_ll_interrupts.o(i.IRQ037_Handler) referenced from startup_hc32f4a0.o(RESET)
 <LI><a href="#[32]">IRQ038_Handler</a> from hc32_ll_interrupts.o(i.IRQ038_Handler) referenced from startup_hc32f4a0.o(RESET)
 <LI><a href="#[33]">IRQ039_Handler</a> from hc32_ll_interrupts.o(i.IRQ039_Handler) referenced from startup_hc32f4a0.o(RESET)
 <LI><a href="#[34]">IRQ040_Handler</a> from hc32_ll_interrupts.o(i.IRQ040_Handler) referenced from startup_hc32f4a0.o(RESET)
 <LI><a href="#[35]">IRQ041_Handler</a> from hc32_ll_interrupts.o(i.IRQ041_Handler) referenced from startup_hc32f4a0.o(RESET)
 <LI><a href="#[36]">IRQ042_Handler</a> from hc32_ll_interrupts.o(i.IRQ042_Handler) referenced from startup_hc32f4a0.o(RESET)
 <LI><a href="#[37]">IRQ043_Handler</a> from hc32_ll_interrupts.o(i.IRQ043_Handler) referenced from startup_hc32f4a0.o(RESET)
 <LI><a href="#[38]">IRQ044_Handler</a> from hc32_ll_interrupts.o(i.IRQ044_Handler) referenced from startup_hc32f4a0.o(RESET)
 <LI><a href="#[39]">IRQ045_Handler</a> from hc32_ll_interrupts.o(i.IRQ045_Handler) referenced from startup_hc32f4a0.o(RESET)
 <LI><a href="#[3a]">IRQ046_Handler</a> from hc32_ll_interrupts.o(i.IRQ046_Handler) referenced from startup_hc32f4a0.o(RESET)
 <LI><a href="#[3b]">IRQ047_Handler</a> from hc32_ll_interrupts.o(i.IRQ047_Handler) referenced from startup_hc32f4a0.o(RESET)
 <LI><a href="#[3c]">IRQ048_Handler</a> from hc32_ll_interrupts.o(i.IRQ048_Handler) referenced from startup_hc32f4a0.o(RESET)
 <LI><a href="#[3d]">IRQ049_Handler</a> from hc32_ll_interrupts.o(i.IRQ049_Handler) referenced from startup_hc32f4a0.o(RESET)
 <LI><a href="#[3e]">IRQ050_Handler</a> from hc32_ll_interrupts.o(i.IRQ050_Handler) referenced from startup_hc32f4a0.o(RESET)
 <LI><a href="#[3f]">IRQ051_Handler</a> from hc32_ll_interrupts.o(i.IRQ051_Handler) referenced from startup_hc32f4a0.o(RESET)
 <LI><a href="#[40]">IRQ052_Handler</a> from hc32_ll_interrupts.o(i.IRQ052_Handler) referenced from startup_hc32f4a0.o(RESET)
 <LI><a href="#[41]">IRQ053_Handler</a> from hc32_ll_interrupts.o(i.IRQ053_Handler) referenced from startup_hc32f4a0.o(RESET)
 <LI><a href="#[42]">IRQ054_Handler</a> from hc32_ll_interrupts.o(i.IRQ054_Handler) referenced from startup_hc32f4a0.o(RESET)
 <LI><a href="#[43]">IRQ055_Handler</a> from hc32_ll_interrupts.o(i.IRQ055_Handler) referenced from startup_hc32f4a0.o(RESET)
 <LI><a href="#[44]">IRQ056_Handler</a> from hc32_ll_interrupts.o(i.IRQ056_Handler) referenced from startup_hc32f4a0.o(RESET)
 <LI><a href="#[45]">IRQ057_Handler</a> from hc32_ll_interrupts.o(i.IRQ057_Handler) referenced from startup_hc32f4a0.o(RESET)
 <LI><a href="#[46]">IRQ058_Handler</a> from hc32_ll_interrupts.o(i.IRQ058_Handler) referenced from startup_hc32f4a0.o(RESET)
 <LI><a href="#[47]">IRQ059_Handler</a> from hc32_ll_interrupts.o(i.IRQ059_Handler) referenced from startup_hc32f4a0.o(RESET)
 <LI><a href="#[48]">IRQ060_Handler</a> from hc32_ll_interrupts.o(i.IRQ060_Handler) referenced from startup_hc32f4a0.o(RESET)
 <LI><a href="#[49]">IRQ061_Handler</a> from hc32_ll_interrupts.o(i.IRQ061_Handler) referenced from startup_hc32f4a0.o(RESET)
 <LI><a href="#[4a]">IRQ062_Handler</a> from hc32_ll_interrupts.o(i.IRQ062_Handler) referenced from startup_hc32f4a0.o(RESET)
 <LI><a href="#[4b]">IRQ063_Handler</a> from hc32_ll_interrupts.o(i.IRQ063_Handler) referenced from startup_hc32f4a0.o(RESET)
 <LI><a href="#[4c]">IRQ064_Handler</a> from hc32_ll_interrupts.o(i.IRQ064_Handler) referenced from startup_hc32f4a0.o(RESET)
 <LI><a href="#[4d]">IRQ065_Handler</a> from hc32_ll_interrupts.o(i.IRQ065_Handler) referenced from startup_hc32f4a0.o(RESET)
 <LI><a href="#[4e]">IRQ066_Handler</a> from hc32_ll_interrupts.o(i.IRQ066_Handler) referenced from startup_hc32f4a0.o(RESET)
 <LI><a href="#[4f]">IRQ067_Handler</a> from hc32_ll_interrupts.o(i.IRQ067_Handler) referenced from startup_hc32f4a0.o(RESET)
 <LI><a href="#[50]">IRQ068_Handler</a> from hc32_ll_interrupts.o(i.IRQ068_Handler) referenced from startup_hc32f4a0.o(RESET)
 <LI><a href="#[51]">IRQ069_Handler</a> from hc32_ll_interrupts.o(i.IRQ069_Handler) referenced from startup_hc32f4a0.o(RESET)
 <LI><a href="#[52]">IRQ070_Handler</a> from hc32_ll_interrupts.o(i.IRQ070_Handler) referenced from startup_hc32f4a0.o(RESET)
 <LI><a href="#[53]">IRQ071_Handler</a> from hc32_ll_interrupts.o(i.IRQ071_Handler) referenced from startup_hc32f4a0.o(RESET)
 <LI><a href="#[54]">IRQ072_Handler</a> from hc32_ll_interrupts.o(i.IRQ072_Handler) referenced from startup_hc32f4a0.o(RESET)
 <LI><a href="#[55]">IRQ073_Handler</a> from hc32_ll_interrupts.o(i.IRQ073_Handler) referenced from startup_hc32f4a0.o(RESET)
 <LI><a href="#[56]">IRQ074_Handler</a> from hc32_ll_interrupts.o(i.IRQ074_Handler) referenced from startup_hc32f4a0.o(RESET)
 <LI><a href="#[57]">IRQ075_Handler</a> from hc32_ll_interrupts.o(i.IRQ075_Handler) referenced from startup_hc32f4a0.o(RESET)
 <LI><a href="#[58]">IRQ076_Handler</a> from hc32_ll_interrupts.o(i.IRQ076_Handler) referenced from startup_hc32f4a0.o(RESET)
 <LI><a href="#[59]">IRQ077_Handler</a> from hc32_ll_interrupts.o(i.IRQ077_Handler) referenced from startup_hc32f4a0.o(RESET)
 <LI><a href="#[5a]">IRQ078_Handler</a> from hc32_ll_interrupts.o(i.IRQ078_Handler) referenced from startup_hc32f4a0.o(RESET)
 <LI><a href="#[5b]">IRQ079_Handler</a> from hc32_ll_interrupts.o(i.IRQ079_Handler) referenced from startup_hc32f4a0.o(RESET)
 <LI><a href="#[5c]">IRQ080_Handler</a> from hc32_ll_interrupts.o(i.IRQ080_Handler) referenced from startup_hc32f4a0.o(RESET)
 <LI><a href="#[5d]">IRQ081_Handler</a> from hc32_ll_interrupts.o(i.IRQ081_Handler) referenced from startup_hc32f4a0.o(RESET)
 <LI><a href="#[5e]">IRQ082_Handler</a> from hc32_ll_interrupts.o(i.IRQ082_Handler) referenced from startup_hc32f4a0.o(RESET)
 <LI><a href="#[5f]">IRQ083_Handler</a> from hc32_ll_interrupts.o(i.IRQ083_Handler) referenced from startup_hc32f4a0.o(RESET)
 <LI><a href="#[60]">IRQ084_Handler</a> from hc32_ll_interrupts.o(i.IRQ084_Handler) referenced from startup_hc32f4a0.o(RESET)
 <LI><a href="#[61]">IRQ085_Handler</a> from hc32_ll_interrupts.o(i.IRQ085_Handler) referenced from startup_hc32f4a0.o(RESET)
 <LI><a href="#[62]">IRQ086_Handler</a> from hc32_ll_interrupts.o(i.IRQ086_Handler) referenced from startup_hc32f4a0.o(RESET)
 <LI><a href="#[63]">IRQ087_Handler</a> from hc32_ll_interrupts.o(i.IRQ087_Handler) referenced from startup_hc32f4a0.o(RESET)
 <LI><a href="#[64]">IRQ088_Handler</a> from hc32_ll_interrupts.o(i.IRQ088_Handler) referenced from startup_hc32f4a0.o(RESET)
 <LI><a href="#[65]">IRQ089_Handler</a> from hc32_ll_interrupts.o(i.IRQ089_Handler) referenced from startup_hc32f4a0.o(RESET)
 <LI><a href="#[66]">IRQ090_Handler</a> from hc32_ll_interrupts.o(i.IRQ090_Handler) referenced from startup_hc32f4a0.o(RESET)
 <LI><a href="#[67]">IRQ091_Handler</a> from hc32_ll_interrupts.o(i.IRQ091_Handler) referenced from startup_hc32f4a0.o(RESET)
 <LI><a href="#[68]">IRQ092_Handler</a> from hc32_ll_interrupts.o(i.IRQ092_Handler) referenced from startup_hc32f4a0.o(RESET)
 <LI><a href="#[69]">IRQ093_Handler</a> from hc32_ll_interrupts.o(i.IRQ093_Handler) referenced from startup_hc32f4a0.o(RESET)
 <LI><a href="#[6a]">IRQ094_Handler</a> from hc32_ll_interrupts.o(i.IRQ094_Handler) referenced from startup_hc32f4a0.o(RESET)
 <LI><a href="#[6b]">IRQ095_Handler</a> from hc32_ll_interrupts.o(i.IRQ095_Handler) referenced from startup_hc32f4a0.o(RESET)
 <LI><a href="#[6c]">IRQ096_Handler</a> from hc32_ll_interrupts.o(i.IRQ096_Handler) referenced from startup_hc32f4a0.o(RESET)
 <LI><a href="#[6d]">IRQ097_Handler</a> from hc32_ll_interrupts.o(i.IRQ097_Handler) referenced from startup_hc32f4a0.o(RESET)
 <LI><a href="#[6e]">IRQ098_Handler</a> from hc32_ll_interrupts.o(i.IRQ098_Handler) referenced from startup_hc32f4a0.o(RESET)
 <LI><a href="#[6f]">IRQ099_Handler</a> from hc32_ll_interrupts.o(i.IRQ099_Handler) referenced from startup_hc32f4a0.o(RESET)
 <LI><a href="#[70]">IRQ100_Handler</a> from hc32_ll_interrupts.o(i.IRQ100_Handler) referenced from startup_hc32f4a0.o(RESET)
 <LI><a href="#[71]">IRQ101_Handler</a> from hc32_ll_interrupts.o(i.IRQ101_Handler) referenced from startup_hc32f4a0.o(RESET)
 <LI><a href="#[72]">IRQ102_Handler</a> from hc32_ll_interrupts.o(i.IRQ102_Handler) referenced from startup_hc32f4a0.o(RESET)
 <LI><a href="#[73]">IRQ103_Handler</a> from hc32_ll_interrupts.o(i.IRQ103_Handler) referenced from startup_hc32f4a0.o(RESET)
 <LI><a href="#[74]">IRQ104_Handler</a> from hc32_ll_interrupts.o(i.IRQ104_Handler) referenced from startup_hc32f4a0.o(RESET)
 <LI><a href="#[75]">IRQ105_Handler</a> from hc32_ll_interrupts.o(i.IRQ105_Handler) referenced from startup_hc32f4a0.o(RESET)
 <LI><a href="#[76]">IRQ106_Handler</a> from hc32_ll_interrupts.o(i.IRQ106_Handler) referenced from startup_hc32f4a0.o(RESET)
 <LI><a href="#[77]">IRQ107_Handler</a> from hc32_ll_interrupts.o(i.IRQ107_Handler) referenced from startup_hc32f4a0.o(RESET)
 <LI><a href="#[78]">IRQ108_Handler</a> from hc32_ll_interrupts.o(i.IRQ108_Handler) referenced from startup_hc32f4a0.o(RESET)
 <LI><a href="#[79]">IRQ109_Handler</a> from hc32_ll_interrupts.o(i.IRQ109_Handler) referenced from startup_hc32f4a0.o(RESET)
 <LI><a href="#[7a]">IRQ110_Handler</a> from hc32_ll_interrupts.o(i.IRQ110_Handler) referenced from startup_hc32f4a0.o(RESET)
 <LI><a href="#[7b]">IRQ111_Handler</a> from hc32_ll_interrupts.o(i.IRQ111_Handler) referenced from startup_hc32f4a0.o(RESET)
 <LI><a href="#[7c]">IRQ112_Handler</a> from hc32_ll_interrupts.o(i.IRQ112_Handler) referenced from startup_hc32f4a0.o(RESET)
 <LI><a href="#[7d]">IRQ113_Handler</a> from hc32_ll_interrupts.o(i.IRQ113_Handler) referenced from startup_hc32f4a0.o(RESET)
 <LI><a href="#[7e]">IRQ114_Handler</a> from hc32_ll_interrupts.o(i.IRQ114_Handler) referenced from startup_hc32f4a0.o(RESET)
 <LI><a href="#[7f]">IRQ115_Handler</a> from hc32_ll_interrupts.o(i.IRQ115_Handler) referenced from startup_hc32f4a0.o(RESET)
 <LI><a href="#[80]">IRQ116_Handler</a> from hc32_ll_interrupts.o(i.IRQ116_Handler) referenced from startup_hc32f4a0.o(RESET)
 <LI><a href="#[81]">IRQ117_Handler</a> from hc32_ll_interrupts.o(i.IRQ117_Handler) referenced from startup_hc32f4a0.o(RESET)
 <LI><a href="#[82]">IRQ118_Handler</a> from hc32_ll_interrupts.o(i.IRQ118_Handler) referenced from startup_hc32f4a0.o(RESET)
 <LI><a href="#[83]">IRQ119_Handler</a> from hc32_ll_interrupts.o(i.IRQ119_Handler) referenced from startup_hc32f4a0.o(RESET)
 <LI><a href="#[84]">IRQ120_Handler</a> from hc32_ll_interrupts.o(i.IRQ120_Handler) referenced from startup_hc32f4a0.o(RESET)
 <LI><a href="#[85]">IRQ121_Handler</a> from hc32_ll_interrupts.o(i.IRQ121_Handler) referenced from startup_hc32f4a0.o(RESET)
 <LI><a href="#[86]">IRQ122_Handler</a> from hc32_ll_interrupts.o(i.IRQ122_Handler) referenced from startup_hc32f4a0.o(RESET)
 <LI><a href="#[87]">IRQ123_Handler</a> from hc32_ll_interrupts.o(i.IRQ123_Handler) referenced from startup_hc32f4a0.o(RESET)
 <LI><a href="#[88]">IRQ124_Handler</a> from hc32_ll_interrupts.o(i.IRQ124_Handler) referenced from startup_hc32f4a0.o(RESET)
 <LI><a href="#[89]">IRQ125_Handler</a> from hc32_ll_interrupts.o(i.IRQ125_Handler) referenced from startup_hc32f4a0.o(RESET)
 <LI><a href="#[8a]">IRQ126_Handler</a> from hc32_ll_interrupts.o(i.IRQ126_Handler) referenced from startup_hc32f4a0.o(RESET)
 <LI><a href="#[8b]">IRQ127_Handler</a> from hc32_ll_interrupts.o(i.IRQ127_Handler) referenced from startup_hc32f4a0.o(RESET)
 <LI><a href="#[8c]">IRQ128_Handler</a> from hc32f4a0_ll_interrupts_share.o(i.IRQ128_Handler) referenced from startup_hc32f4a0.o(RESET)
 <LI><a href="#[8d]">IRQ129_Handler</a> from hc32f4a0_ll_interrupts_share.o(i.IRQ129_Handler) referenced from startup_hc32f4a0.o(RESET)
 <LI><a href="#[8e]">IRQ130_Handler</a> from hc32f4a0_ll_interrupts_share.o(i.IRQ130_Handler) referenced from startup_hc32f4a0.o(RESET)
 <LI><a href="#[8f]">IRQ131_Handler</a> from hc32f4a0_ll_interrupts_share.o(i.IRQ131_Handler) referenced from startup_hc32f4a0.o(RESET)
 <LI><a href="#[90]">IRQ132_Handler</a> from hc32f4a0_ll_interrupts_share.o(i.IRQ132_Handler) referenced from startup_hc32f4a0.o(RESET)
 <LI><a href="#[91]">IRQ133_Handler</a> from hc32f4a0_ll_interrupts_share.o(i.IRQ133_Handler) referenced from startup_hc32f4a0.o(RESET)
 <LI><a href="#[92]">IRQ134_Handler</a> from hc32f4a0_ll_interrupts_share.o(i.IRQ134_Handler) referenced from startup_hc32f4a0.o(RESET)
 <LI><a href="#[93]">IRQ135_Handler</a> from hc32f4a0_ll_interrupts_share.o(i.IRQ135_Handler) referenced from startup_hc32f4a0.o(RESET)
 <LI><a href="#[94]">IRQ136_Handler</a> from hc32f4a0_ll_interrupts_share.o(i.IRQ136_Handler) referenced from startup_hc32f4a0.o(RESET)
 <LI><a href="#[95]">IRQ137_Handler</a> from hc32f4a0_ll_interrupts_share.o(i.IRQ137_Handler) referenced from startup_hc32f4a0.o(RESET)
 <LI><a href="#[96]">IRQ138_Handler</a> from hc32f4a0_ll_interrupts_share.o(i.IRQ138_Handler) referenced from startup_hc32f4a0.o(RESET)
 <LI><a href="#[97]">IRQ139_Handler</a> from hc32f4a0_ll_interrupts_share.o(i.IRQ139_Handler) referenced from startup_hc32f4a0.o(RESET)
 <LI><a href="#[98]">IRQ140_Handler</a> from hc32f4a0_ll_interrupts_share.o(i.IRQ140_Handler) referenced from startup_hc32f4a0.o(RESET)
 <LI><a href="#[99]">IRQ141_Handler</a> from hc32f4a0_ll_interrupts_share.o(i.IRQ141_Handler) referenced from startup_hc32f4a0.o(RESET)
 <LI><a href="#[9a]">IRQ142_Handler</a> from hc32f4a0_ll_interrupts_share.o(i.IRQ142_Handler) referenced from startup_hc32f4a0.o(RESET)
 <LI><a href="#[9b]">IRQ143_Handler</a> from hc32f4a0_ll_interrupts_share.o(i.IRQ143_Handler) referenced from startup_hc32f4a0.o(RESET)
 <LI><a href="#[5]">MemManage_Handler</a> from startup_hc32f4a0.o(.text) referenced from startup_hc32f4a0.o(RESET)
 <LI><a href="#[3]">NMI_Handler</a> from startup_hc32f4a0.o(.text) referenced from startup_hc32f4a0.o(RESET)
 <LI><a href="#[a]">PendSV_Handler</a> from startup_hc32f4a0.o(.text) referenced from startup_hc32f4a0.o(RESET)
 <LI><a href="#[2]">Reset_Handler</a> from startup_hc32f4a0.o(.text) referenced from startup_hc32f4a0.o(RESET)
 <LI><a href="#[8]">SVC_Handler</a> from startup_hc32f4a0.o(.text) referenced from startup_hc32f4a0.o(RESET)
 <LI><a href="#[b]">SysTick_Handler</a> from startup_hc32f4a0.o(.text) referenced from startup_hc32f4a0.o(RESET)
 <LI><a href="#[9d]">SystemInit</a> from system_hc32f4a0.o(i.SystemInit) referenced from startup_hc32f4a0.o(.text)
 <LI><a href="#[a1]">USB_IRQ_Handler</a> from msc_storage.o(i.USB_IRQ_Handler) referenced from msc_storage.o(i.usb_dc_low_level_init)
 <LI><a href="#[7]">UsageFault_Handler</a> from startup_hc32f4a0.o(.text) referenced from startup_hc32f4a0.o(RESET)
 <LI><a href="#[9e]">__main</a> from entry.o(.ARM.Collect$$$$00000000) referenced from startup_hc32f4a0.o(.text)
 <LI><a href="#[9f]">fputc</a> from uart1.o(i.fputc) referenced from printfa.o(i.__0printf)
 <LI><a href="#[9c]">main</a> from main.o(i.main) referenced from entry9a.o(.ARM.Collect$$$$0000000B)
 <LI><a href="#[a7]">mass_storage_bulk_in</a> from usbd_msc.o(i.mass_storage_bulk_in) referenced from usbd_msc.o(i.usbd_msc_init_intf)
 <LI><a href="#[a6]">mass_storage_bulk_out</a> from usbd_msc.o(i.mass_storage_bulk_out) referenced from usbd_msc.o(i.usbd_msc_init_intf)
 <LI><a href="#[a4]">msc_storage_class_interface_request_handler</a> from usbd_msc.o(i.msc_storage_class_interface_request_handler) referenced from usbd_msc.o(i.usbd_msc_init_intf)
 <LI><a href="#[a5]">msc_storage_notify_handler</a> from usbd_msc.o(i.msc_storage_notify_handler) referenced from usbd_msc.o(i.usbd_msc_init_intf)
 <LI><a href="#[0]">my_mem_init</a> from malloc.o(i.my_mem_init) referenced 2 times from malloc.o(.data)
 <LI><a href="#[1]">my_mem_perused</a> from malloc.o(i.my_mem_perused) referenced 2 times from malloc.o(.data)
 <LI><a href="#[a2]">usbd_event_ep0_in_complete_handler</a> from usbd_core.o(i.usbd_event_ep0_in_complete_handler) referenced from usbd_core.o(i.usbd_desc_register)
 <LI><a href="#[a3]">usbd_event_ep0_out_complete_handler</a> from usbd_core.o(i.usbd_event_ep0_out_complete_handler) referenced from usbd_core.o(i.usbd_desc_register)
 <LI><a href="#[a0]">usbd_event_handler</a> from msc_storage.o(i.usbd_event_handler) referenced from msc_storage.o(i.msc_storage_init)
</UL>
<P>
<H3>
Global Symbols
</H3>
<P><STRONG><a name="[9e]"></a>__main</STRONG> (Thumb, 0 bytes, Stack size unknown bytes, entry.o(.ARM.Collect$$$$00000000))
<BR>[Address Reference Count : 1]<UL><LI> startup_hc32f4a0.o(.text)
</UL>
<P><STRONG><a name="[3a8]"></a>_main_stk</STRONG> (Thumb, 0 bytes, Stack size unknown bytes, entry2.o(.ARM.Collect$$$$00000001))

<P><STRONG><a name="[266]"></a>_main_scatterload</STRONG> (Thumb, 0 bytes, Stack size unknown bytes, entry5.o(.ARM.Collect$$$$00000004))
<BR><BR>[Calls]<UL><LI><a href="#[267]">&gt;&gt;</a>&nbsp;&nbsp;&nbsp;__scatterload
</UL>

<P><STRONG><a name="[282]"></a>__main_after_scatterload</STRONG> (Thumb, 0 bytes, Stack size unknown bytes, entry5.o(.ARM.Collect$$$$00000004))
<BR><BR>[Called By]<UL><LI><a href="#[267]">&gt;&gt;</a>&nbsp;&nbsp;&nbsp;__scatterload
</UL>

<P><STRONG><a name="[3a9]"></a>_main_clock</STRONG> (Thumb, 0 bytes, Stack size unknown bytes, entry7b.o(.ARM.Collect$$$$00000008))

<P><STRONG><a name="[3aa]"></a>_main_cpp_init</STRONG> (Thumb, 0 bytes, Stack size unknown bytes, entry8b.o(.ARM.Collect$$$$0000000A))

<P><STRONG><a name="[3ab]"></a>_main_init</STRONG> (Thumb, 0 bytes, Stack size unknown bytes, entry9a.o(.ARM.Collect$$$$0000000B))

<P><STRONG><a name="[3ac]"></a>__rt_lib_shutdown_fini</STRONG> (Thumb, 0 bytes, Stack size unknown bytes, entry12b.o(.ARM.Collect$$$$0000000E))

<P><STRONG><a name="[3ad]"></a>__rt_final_cpp</STRONG> (Thumb, 0 bytes, Stack size unknown bytes, entry10a.o(.ARM.Collect$$$$0000000F))

<P><STRONG><a name="[3ae]"></a>__rt_final_exit</STRONG> (Thumb, 0 bytes, Stack size unknown bytes, entry11a.o(.ARM.Collect$$$$00000011))

<P><STRONG><a name="[2]"></a>Reset_Handler</STRONG> (Thumb, 8 bytes, Stack size 0 bytes, startup_hc32f4a0.o(.text))
<BR>[Address Reference Count : 1]<UL><LI> startup_hc32f4a0.o(RESET)
</UL>
<P><STRONG><a name="[3]"></a>NMI_Handler</STRONG> (Thumb, 2 bytes, Stack size 0 bytes, startup_hc32f4a0.o(.text))
<BR><BR>[Calls]<UL><LI><a href="#[3]">&gt;&gt;</a>&nbsp;&nbsp;&nbsp;NMI_Handler
</UL>
<BR>[Called By]<UL><LI><a href="#[3]">&gt;&gt;</a>&nbsp;&nbsp;&nbsp;NMI_Handler
</UL>
<BR>[Address Reference Count : 1]<UL><LI> startup_hc32f4a0.o(RESET)
</UL>
<P><STRONG><a name="[4]"></a>HardFault_Handler</STRONG> (Thumb, 2 bytes, Stack size 0 bytes, startup_hc32f4a0.o(.text))
<BR><BR>[Calls]<UL><LI><a href="#[4]">&gt;&gt;</a>&nbsp;&nbsp;&nbsp;HardFault_Handler
</UL>
<BR>[Called By]<UL><LI><a href="#[4]">&gt;&gt;</a>&nbsp;&nbsp;&nbsp;HardFault_Handler
</UL>
<BR>[Address Reference Count : 1]<UL><LI> startup_hc32f4a0.o(RESET)
</UL>
<P><STRONG><a name="[5]"></a>MemManage_Handler</STRONG> (Thumb, 2 bytes, Stack size 0 bytes, startup_hc32f4a0.o(.text))
<BR><BR>[Calls]<UL><LI><a href="#[5]">&gt;&gt;</a>&nbsp;&nbsp;&nbsp;MemManage_Handler
</UL>
<BR>[Called By]<UL><LI><a href="#[5]">&gt;&gt;</a>&nbsp;&nbsp;&nbsp;MemManage_Handler
</UL>
<BR>[Address Reference Count : 1]<UL><LI> startup_hc32f4a0.o(RESET)
</UL>
<P><STRONG><a name="[6]"></a>BusFault_Handler</STRONG> (Thumb, 2 bytes, Stack size 0 bytes, startup_hc32f4a0.o(.text))
<BR><BR>[Calls]<UL><LI><a href="#[6]">&gt;&gt;</a>&nbsp;&nbsp;&nbsp;BusFault_Handler
</UL>
<BR>[Called By]<UL><LI><a href="#[6]">&gt;&gt;</a>&nbsp;&nbsp;&nbsp;BusFault_Handler
</UL>
<BR>[Address Reference Count : 1]<UL><LI> startup_hc32f4a0.o(RESET)
</UL>
<P><STRONG><a name="[7]"></a>UsageFault_Handler</STRONG> (Thumb, 2 bytes, Stack size 0 bytes, startup_hc32f4a0.o(.text))
<BR><BR>[Calls]<UL><LI><a href="#[7]">&gt;&gt;</a>&nbsp;&nbsp;&nbsp;UsageFault_Handler
</UL>
<BR>[Called By]<UL><LI><a href="#[7]">&gt;&gt;</a>&nbsp;&nbsp;&nbsp;UsageFault_Handler
</UL>
<BR>[Address Reference Count : 1]<UL><LI> startup_hc32f4a0.o(RESET)
</UL>
<P><STRONG><a name="[8]"></a>SVC_Handler</STRONG> (Thumb, 2 bytes, Stack size 0 bytes, startup_hc32f4a0.o(.text))
<BR><BR>[Calls]<UL><LI><a href="#[8]">&gt;&gt;</a>&nbsp;&nbsp;&nbsp;SVC_Handler
</UL>
<BR>[Called By]<UL><LI><a href="#[8]">&gt;&gt;</a>&nbsp;&nbsp;&nbsp;SVC_Handler
</UL>
<BR>[Address Reference Count : 1]<UL><LI> startup_hc32f4a0.o(RESET)
</UL>
<P><STRONG><a name="[9]"></a>DebugMon_Handler</STRONG> (Thumb, 2 bytes, Stack size 0 bytes, startup_hc32f4a0.o(.text))
<BR><BR>[Calls]<UL><LI><a href="#[9]">&gt;&gt;</a>&nbsp;&nbsp;&nbsp;DebugMon_Handler
</UL>
<BR>[Called By]<UL><LI><a href="#[9]">&gt;&gt;</a>&nbsp;&nbsp;&nbsp;DebugMon_Handler
</UL>
<BR>[Address Reference Count : 1]<UL><LI> startup_hc32f4a0.o(RESET)
</UL>
<P><STRONG><a name="[a]"></a>PendSV_Handler</STRONG> (Thumb, 2 bytes, Stack size 0 bytes, startup_hc32f4a0.o(.text))
<BR><BR>[Calls]<UL><LI><a href="#[a]">&gt;&gt;</a>&nbsp;&nbsp;&nbsp;PendSV_Handler
</UL>
<BR>[Called By]<UL><LI><a href="#[a]">&gt;&gt;</a>&nbsp;&nbsp;&nbsp;PendSV_Handler
</UL>
<BR>[Address Reference Count : 1]<UL><LI> startup_hc32f4a0.o(RESET)
</UL>
<P><STRONG><a name="[b]"></a>SysTick_Handler</STRONG> (Thumb, 2 bytes, Stack size 0 bytes, startup_hc32f4a0.o(.text))
<BR><BR>[Calls]<UL><LI><a href="#[b]">&gt;&gt;</a>&nbsp;&nbsp;&nbsp;SysTick_Handler
</UL>
<BR>[Called By]<UL><LI><a href="#[b]">&gt;&gt;</a>&nbsp;&nbsp;&nbsp;SysTick_Handler
</UL>
<BR>[Address Reference Count : 1]<UL><LI> startup_hc32f4a0.o(RESET)
</UL>
<P><STRONG><a name="[268]"></a>__aeabi_uldivmod</STRONG> (Thumb, 98 bytes, Stack size 40 bytes, uldiv.o(.text))
<BR><BR>[Stack]<UL><LI>Max Depth = 40<LI>Call Chain = __aeabi_uldivmod
</UL>
<BR>[Calls]<UL><LI><a href="#[269]">&gt;&gt;</a>&nbsp;&nbsp;&nbsp;__aeabi_llsr
<LI><a href="#[26a]">&gt;&gt;</a>&nbsp;&nbsp;&nbsp;__aeabi_llsl
</UL>
<BR>[Called By]<UL><LI><a href="#[341]">&gt;&gt;</a>&nbsp;&nbsp;&nbsp;UART_CalculateBrr
<LI><a href="#[340]">&gt;&gt;</a>&nbsp;&nbsp;&nbsp;SmartCard_CalculateBrr
<LI><a href="#[296]">&gt;&gt;</a>&nbsp;&nbsp;&nbsp;ClockSync_CalculateBrr
<LI><a href="#[350]">&gt;&gt;</a>&nbsp;&nbsp;&nbsp;_printf_core
<LI><a href="#[351]">&gt;&gt;</a>&nbsp;&nbsp;&nbsp;_fp_digits
</UL>

<P><STRONG><a name="[2e6]"></a>__aeabi_memcpy</STRONG> (Thumb, 36 bytes, Stack size 0 bytes, memcpya.o(.text))
<BR><BR>[Called By]<UL><LI><a href="#[36b]">&gt;&gt;</a>&nbsp;&nbsp;&nbsp;f_mkfs
<LI><a href="#[2d7]">&gt;&gt;</a>&nbsp;&nbsp;&nbsp;SCSI_requestSense
<LI><a href="#[2db]">&gt;&gt;</a>&nbsp;&nbsp;&nbsp;SCSI_modeSense6
<LI><a href="#[2dc]">&gt;&gt;</a>&nbsp;&nbsp;&nbsp;SCSI_modeSense10
<LI><a href="#[2d8]">&gt;&gt;</a>&nbsp;&nbsp;&nbsp;SCSI_inquiry
<LI><a href="#[260]">&gt;&gt;</a>&nbsp;&nbsp;&nbsp;usbd_event_ep0_setup_complete_handler
</UL>

<P><STRONG><a name="[2e5]"></a>__aeabi_memcpy4</STRONG> (Thumb, 0 bytes, Stack size 0 bytes, memcpya.o(.text))
<BR><BR>[Called By]<UL><LI><a href="#[2d7]">&gt;&gt;</a>&nbsp;&nbsp;&nbsp;SCSI_requestSense
<LI><a href="#[2dc]">&gt;&gt;</a>&nbsp;&nbsp;&nbsp;SCSI_modeSense10
<LI><a href="#[2d8]">&gt;&gt;</a>&nbsp;&nbsp;&nbsp;SCSI_inquiry
</UL>

<P><STRONG><a name="[3af]"></a>__aeabi_memcpy8</STRONG> (Thumb, 0 bytes, Stack size 0 bytes, memcpya.o(.text), UNUSED)

<P><STRONG><a name="[26c]"></a>__aeabi_memset</STRONG> (Thumb, 14 bytes, Stack size 0 bytes, memseta.o(.text))
<BR><BR>[Called By]<UL><LI><a href="#[26d]">&gt;&gt;</a>&nbsp;&nbsp;&nbsp;_memset$wrapper
<LI><a href="#[26b]">&gt;&gt;</a>&nbsp;&nbsp;&nbsp;__aeabi_memclr
</UL>

<P><STRONG><a name="[3b0]"></a>__aeabi_memset4</STRONG> (Thumb, 0 bytes, Stack size 0 bytes, memseta.o(.text), UNUSED)

<P><STRONG><a name="[3b1]"></a>__aeabi_memset8</STRONG> (Thumb, 0 bytes, Stack size 0 bytes, memseta.o(.text), UNUSED)

<P><STRONG><a name="[26b]"></a>__aeabi_memclr</STRONG> (Thumb, 4 bytes, Stack size 0 bytes, memseta.o(.text))
<BR><BR>[Calls]<UL><LI><a href="#[26c]">&gt;&gt;</a>&nbsp;&nbsp;&nbsp;__aeabi_memset
</UL>
<BR>[Called By]<UL><LI><a href="#[36b]">&gt;&gt;</a>&nbsp;&nbsp;&nbsp;f_mkfs
<LI><a href="#[35b]">&gt;&gt;</a>&nbsp;&nbsp;&nbsp;create_partition
</UL>

<P><STRONG><a name="[34c]"></a>__aeabi_memclr4</STRONG> (Thumb, 0 bytes, Stack size 0 bytes, memseta.o(.text))
<BR><BR>[Called By]<UL><LI><a href="#[37d]">&gt;&gt;</a>&nbsp;&nbsp;&nbsp;usbd_msc_init_intf
<LI><a href="#[37c]">&gt;&gt;</a>&nbsp;&nbsp;&nbsp;usbd_desc_register
<LI><a href="#[25d]">&gt;&gt;</a>&nbsp;&nbsp;&nbsp;USBD_IRQHandler
<LI><a href="#[38a]">&gt;&gt;</a>&nbsp;&nbsp;&nbsp;usb_dc_init
</UL>

<P><STRONG><a name="[3b2]"></a>__aeabi_memclr8</STRONG> (Thumb, 0 bytes, Stack size 0 bytes, memseta.o(.text), UNUSED)

<P><STRONG><a name="[26d]"></a>_memset$wrapper</STRONG> (Thumb, 18 bytes, Stack size 8 bytes, memseta.o(.text), UNUSED)
<BR><BR>[Calls]<UL><LI><a href="#[26c]">&gt;&gt;</a>&nbsp;&nbsp;&nbsp;__aeabi_memset
</UL>

<P><STRONG><a name="[359]"></a>memcmp</STRONG> (Thumb, 26 bytes, Stack size 12 bytes, memcmp.o(.text))
<BR><BR>[Stack]<UL><LI>Max Depth = 12<LI>Call Chain = memcmp
</UL>
<BR>[Called By]<UL><LI><a href="#[356]">&gt;&gt;</a>&nbsp;&nbsp;&nbsp;check_fs
</UL>

<P><STRONG><a name="[2b9]"></a>__aeabi_fmul</STRONG> (Thumb, 100 bytes, Stack size 8 bytes, fmul.o(.text))
<BR><BR>[Stack]<UL><LI>Max Depth = 8<LI>Call Chain = __aeabi_fmul
</UL>
<BR>[Called By]<UL><LI><a href="#[2b7]">&gt;&gt;</a>&nbsp;&nbsp;&nbsp;OTS_GetDfltPara
</UL>

<P><STRONG><a name="[2b8]"></a>__ARM_scalbnf</STRONG> (Thumb, 24 bytes, Stack size 0 bytes, fscalb.o(.text))
<BR><BR>[Called By]<UL><LI><a href="#[2b7]">&gt;&gt;</a>&nbsp;&nbsp;&nbsp;OTS_GetDfltPara
</UL>

<P><STRONG><a name="[3b3]"></a>scalbnf</STRONG> (Thumb, 0 bytes, Stack size 0 bytes, fscalb.o(.text), UNUSED)

<P><STRONG><a name="[a9]"></a>ADC1_Cmp0_IrqHandler</STRONG> (Thumb, 2 bytes, Stack size 0 bytes, hc32f4a0_ll_interrupts_share.o(i.ADC1_Cmp0_IrqHandler))
<BR><BR>[Called By]<UL><LI><a href="#[9b]">&gt;&gt;</a>&nbsp;&nbsp;&nbsp;IRQ143_Handler
</UL>

<P><STRONG><a name="[3b4]"></a>__I$use$fp</STRONG> (Thumb, 0 bytes, Stack size 0 bytes, iusefp.o(.text), UNUSED)

<P><STRONG><a name="[aa]"></a>ADC1_Cmp1_IrqHandler</STRONG> (Thumb, 2 bytes, Stack size 0 bytes, hc32f4a0_ll_interrupts_share.o(i.ADC1_Cmp1_IrqHandler))
<BR><BR>[Called By]<UL><LI><a href="#[9b]">&gt;&gt;</a>&nbsp;&nbsp;&nbsp;IRQ143_Handler
</UL>

<P><STRONG><a name="[26e]"></a>__aeabi_fadd</STRONG> (Thumb, 164 bytes, Stack size 16 bytes, fadd.o(.text))
<BR><BR>[Stack]<UL><LI>Max Depth = 20<LI>Call Chain = __aeabi_fadd &rArr; _float_epilogue
</UL>
<BR>[Calls]<UL><LI><a href="#[270]">&gt;&gt;</a>&nbsp;&nbsp;&nbsp;_float_round
<LI><a href="#[26f]">&gt;&gt;</a>&nbsp;&nbsp;&nbsp;_float_epilogue
</UL>
<BR>[Called By]<UL><LI><a href="#[271]">&gt;&gt;</a>&nbsp;&nbsp;&nbsp;__aeabi_fsub
<LI><a href="#[272]">&gt;&gt;</a>&nbsp;&nbsp;&nbsp;__aeabi_frsub
</UL>

<P><STRONG><a name="[271]"></a>__aeabi_fsub</STRONG> (Thumb, 6 bytes, Stack size 0 bytes, fadd.o(.text))
<BR><BR>[Stack]<UL><LI>Max Depth = 20<LI>Call Chain = __aeabi_fsub &rArr; __aeabi_fadd &rArr; _float_epilogue
</UL>
<BR>[Calls]<UL><LI><a href="#[26e]">&gt;&gt;</a>&nbsp;&nbsp;&nbsp;__aeabi_fadd
</UL>
<BR>[Called By]<UL><LI><a href="#[2b7]">&gt;&gt;</a>&nbsp;&nbsp;&nbsp;OTS_GetDfltPara
<LI><a href="#[341]">&gt;&gt;</a>&nbsp;&nbsp;&nbsp;UART_CalculateBrr
<LI><a href="#[340]">&gt;&gt;</a>&nbsp;&nbsp;&nbsp;SmartCard_CalculateBrr
<LI><a href="#[296]">&gt;&gt;</a>&nbsp;&nbsp;&nbsp;ClockSync_CalculateBrr
</UL>

<P><STRONG><a name="[272]"></a>__aeabi_frsub</STRONG> (Thumb, 6 bytes, Stack size 0 bytes, fadd.o(.text), UNUSED)
<BR><BR>[Calls]<UL><LI><a href="#[26e]">&gt;&gt;</a>&nbsp;&nbsp;&nbsp;__aeabi_fadd
</UL>

<P><STRONG><a name="[273]"></a>__aeabi_fdiv</STRONG> (Thumb, 124 bytes, Stack size 8 bytes, fdiv.o(.text))
<BR><BR>[Stack]<UL><LI>Max Depth = 8<LI>Call Chain = __aeabi_fdiv
</UL>
<BR>[Calls]<UL><LI><a href="#[270]">&gt;&gt;</a>&nbsp;&nbsp;&nbsp;_float_round
</UL>
<BR>[Called By]<UL><LI><a href="#[2b7]">&gt;&gt;</a>&nbsp;&nbsp;&nbsp;OTS_GetDfltPara
</UL>

<P><STRONG><a name="[274]"></a>__aeabi_dadd</STRONG> (Thumb, 322 bytes, Stack size 48 bytes, dadd.o(.text), UNUSED)
<BR><BR>[Calls]<UL><LI><a href="#[275]">&gt;&gt;</a>&nbsp;&nbsp;&nbsp;__aeabi_lasr
<LI><a href="#[26a]">&gt;&gt;</a>&nbsp;&nbsp;&nbsp;__aeabi_llsl
<LI><a href="#[277]">&gt;&gt;</a>&nbsp;&nbsp;&nbsp;_double_round
<LI><a href="#[276]">&gt;&gt;</a>&nbsp;&nbsp;&nbsp;_double_epilogue
</UL>
<BR>[Called By]<UL><LI><a href="#[279]">&gt;&gt;</a>&nbsp;&nbsp;&nbsp;__aeabi_drsub
<LI><a href="#[278]">&gt;&gt;</a>&nbsp;&nbsp;&nbsp;__aeabi_dsub
<LI><a href="#[351]">&gt;&gt;</a>&nbsp;&nbsp;&nbsp;_fp_digits
</UL>

<P><STRONG><a name="[278]"></a>__aeabi_dsub</STRONG> (Thumb, 6 bytes, Stack size 0 bytes, dadd.o(.text), UNUSED)
<BR><BR>[Calls]<UL><LI><a href="#[274]">&gt;&gt;</a>&nbsp;&nbsp;&nbsp;__aeabi_dadd
</UL>

<P><STRONG><a name="[279]"></a>__aeabi_drsub</STRONG> (Thumb, 6 bytes, Stack size 0 bytes, dadd.o(.text), UNUSED)
<BR><BR>[Calls]<UL><LI><a href="#[274]">&gt;&gt;</a>&nbsp;&nbsp;&nbsp;__aeabi_dadd
</UL>

<P><STRONG><a name="[27a]"></a>__aeabi_dmul</STRONG> (Thumb, 228 bytes, Stack size 48 bytes, dmul.o(.text), UNUSED)
<BR><BR>[Calls]<UL><LI><a href="#[276]">&gt;&gt;</a>&nbsp;&nbsp;&nbsp;_double_epilogue
</UL>
<BR>[Called By]<UL><LI><a href="#[351]">&gt;&gt;</a>&nbsp;&nbsp;&nbsp;_fp_digits
</UL>

<P><STRONG><a name="[27b]"></a>__aeabi_ddiv</STRONG> (Thumb, 222 bytes, Stack size 32 bytes, ddiv.o(.text))
<BR><BR>[Stack]<UL><LI>Max Depth = 40<LI>Call Chain = __aeabi_ddiv &rArr; _double_round
</UL>
<BR>[Calls]<UL><LI><a href="#[277]">&gt;&gt;</a>&nbsp;&nbsp;&nbsp;_double_round
</UL>
<BR>[Called By]<UL><LI><a href="#[341]">&gt;&gt;</a>&nbsp;&nbsp;&nbsp;UART_CalculateBrr
<LI><a href="#[340]">&gt;&gt;</a>&nbsp;&nbsp;&nbsp;SmartCard_CalculateBrr
<LI><a href="#[296]">&gt;&gt;</a>&nbsp;&nbsp;&nbsp;ClockSync_CalculateBrr
<LI><a href="#[351]">&gt;&gt;</a>&nbsp;&nbsp;&nbsp;_fp_digits
</UL>

<P><STRONG><a name="[27c]"></a>__aeabi_i2f</STRONG> (Thumb, 18 bytes, Stack size 0 bytes, fflti.o(.text))
<BR><BR>[Stack]<UL><LI>Max Depth = 4<LI>Call Chain = __aeabi_i2f &rArr; _float_epilogue
</UL>
<BR>[Calls]<UL><LI><a href="#[26f]">&gt;&gt;</a>&nbsp;&nbsp;&nbsp;_float_epilogue
</UL>
<BR>[Called By]<UL><LI><a href="#[2b7]">&gt;&gt;</a>&nbsp;&nbsp;&nbsp;OTS_GetDfltPara
</UL>

<P><STRONG><a name="[27d]"></a>__aeabi_ui2f</STRONG> (Thumb, 10 bytes, Stack size 0 bytes, ffltui.o(.text))
<BR><BR>[Stack]<UL><LI>Max Depth = 4<LI>Call Chain = __aeabi_ui2f &rArr; _float_epilogue
</UL>
<BR>[Calls]<UL><LI><a href="#[26f]">&gt;&gt;</a>&nbsp;&nbsp;&nbsp;_float_epilogue
</UL>
<BR>[Called By]<UL><LI><a href="#[2b7]">&gt;&gt;</a>&nbsp;&nbsp;&nbsp;OTS_GetDfltPara
</UL>

<P><STRONG><a name="[27e]"></a>__aeabi_ui2d</STRONG> (Thumb, 26 bytes, Stack size 16 bytes, dfltui.o(.text))
<BR><BR>[Stack]<UL><LI>Max Depth = 56<LI>Call Chain = __aeabi_ui2d &rArr; _double_epilogue &rArr; _double_round
</UL>
<BR>[Calls]<UL><LI><a href="#[276]">&gt;&gt;</a>&nbsp;&nbsp;&nbsp;_double_epilogue
</UL>
<BR>[Called By]<UL><LI><a href="#[341]">&gt;&gt;</a>&nbsp;&nbsp;&nbsp;UART_CalculateBrr
<LI><a href="#[340]">&gt;&gt;</a>&nbsp;&nbsp;&nbsp;SmartCard_CalculateBrr
<LI><a href="#[296]">&gt;&gt;</a>&nbsp;&nbsp;&nbsp;ClockSync_CalculateBrr
</UL>

<P><STRONG><a name="[27f]"></a>__aeabi_ul2d</STRONG> (Thumb, 24 bytes, Stack size 16 bytes, dfltul.o(.text))
<BR><BR>[Stack]<UL><LI>Max Depth = 56<LI>Call Chain = __aeabi_ul2d &rArr; _double_epilogue &rArr; _double_round
</UL>
<BR>[Calls]<UL><LI><a href="#[276]">&gt;&gt;</a>&nbsp;&nbsp;&nbsp;_double_epilogue
</UL>
<BR>[Called By]<UL><LI><a href="#[341]">&gt;&gt;</a>&nbsp;&nbsp;&nbsp;UART_CalculateBrr
<LI><a href="#[340]">&gt;&gt;</a>&nbsp;&nbsp;&nbsp;SmartCard_CalculateBrr
<LI><a href="#[296]">&gt;&gt;</a>&nbsp;&nbsp;&nbsp;ClockSync_CalculateBrr
</UL>

<P><STRONG><a name="[389]"></a>__aeabi_f2d</STRONG> (Thumb, 38 bytes, Stack size 0 bytes, f2d.o(.text))
<BR><BR>[Called By]<UL><LI><a href="#[377]">&gt;&gt;</a>&nbsp;&nbsp;&nbsp;uart1_init
</UL>

<P><STRONG><a name="[352]"></a>__aeabi_cdrcmple</STRONG> (Thumb, 48 bytes, Stack size 0 bytes, cdrcmple.o(.text), UNUSED)
<BR><BR>[Called By]<UL><LI><a href="#[351]">&gt;&gt;</a>&nbsp;&nbsp;&nbsp;_fp_digits
</UL>

<P><STRONG><a name="[280]"></a>__aeabi_d2f</STRONG> (Thumb, 56 bytes, Stack size 8 bytes, d2f.o(.text))
<BR><BR>[Stack]<UL><LI>Max Depth = 8<LI>Call Chain = __aeabi_d2f
</UL>
<BR>[Calls]<UL><LI><a href="#[270]">&gt;&gt;</a>&nbsp;&nbsp;&nbsp;_float_round
</UL>
<BR>[Called By]<UL><LI><a href="#[341]">&gt;&gt;</a>&nbsp;&nbsp;&nbsp;UART_CalculateBrr
<LI><a href="#[340]">&gt;&gt;</a>&nbsp;&nbsp;&nbsp;SmartCard_CalculateBrr
<LI><a href="#[296]">&gt;&gt;</a>&nbsp;&nbsp;&nbsp;ClockSync_CalculateBrr
</UL>

<P><STRONG><a name="[3b5]"></a>__aeabi_uidiv</STRONG> (Thumb, 0 bytes, Stack size 12 bytes, uidiv.o(.text), UNUSED)

<P><STRONG><a name="[355]"></a>__aeabi_uidivmod</STRONG> (Thumb, 44 bytes, Stack size 12 bytes, uidiv.o(.text), UNUSED)
<BR><BR>[Called By]<UL><LI><a href="#[350]">&gt;&gt;</a>&nbsp;&nbsp;&nbsp;_printf_core
</UL>

<P><STRONG><a name="[26a]"></a>__aeabi_llsl</STRONG> (Thumb, 30 bytes, Stack size 0 bytes, llshl.o(.text))
<BR><BR>[Called By]<UL><LI><a href="#[274]">&gt;&gt;</a>&nbsp;&nbsp;&nbsp;__aeabi_dadd
<LI><a href="#[268]">&gt;&gt;</a>&nbsp;&nbsp;&nbsp;__aeabi_uldivmod
<LI><a href="#[276]">&gt;&gt;</a>&nbsp;&nbsp;&nbsp;_double_epilogue
<LI><a href="#[281]">&gt;&gt;</a>&nbsp;&nbsp;&nbsp;__aeabi_d2ulz
</UL>

<P><STRONG><a name="[3b6]"></a>_ll_shift_l</STRONG> (Thumb, 0 bytes, Stack size 0 bytes, llshl.o(.text), UNUSED)

<P><STRONG><a name="[269]"></a>__aeabi_llsr</STRONG> (Thumb, 32 bytes, Stack size 0 bytes, llushr.o(.text))
<BR><BR>[Called By]<UL><LI><a href="#[268]">&gt;&gt;</a>&nbsp;&nbsp;&nbsp;__aeabi_uldivmod
<LI><a href="#[276]">&gt;&gt;</a>&nbsp;&nbsp;&nbsp;_double_epilogue
<LI><a href="#[281]">&gt;&gt;</a>&nbsp;&nbsp;&nbsp;__aeabi_d2ulz
</UL>

<P><STRONG><a name="[3b7]"></a>_ll_ushift_r</STRONG> (Thumb, 0 bytes, Stack size 0 bytes, llushr.o(.text), UNUSED)

<P><STRONG><a name="[275]"></a>__aeabi_lasr</STRONG> (Thumb, 36 bytes, Stack size 0 bytes, llsshr.o(.text), UNUSED)
<BR><BR>[Called By]<UL><LI><a href="#[274]">&gt;&gt;</a>&nbsp;&nbsp;&nbsp;__aeabi_dadd
</UL>

<P><STRONG><a name="[3b8]"></a>_ll_sshift_r</STRONG> (Thumb, 0 bytes, Stack size 0 bytes, llsshr.o(.text), UNUSED)

<P><STRONG><a name="[270]"></a>_float_round</STRONG> (Thumb, 18 bytes, Stack size 0 bytes, fepilogue.o(.text))
<BR><BR>[Called By]<UL><LI><a href="#[273]">&gt;&gt;</a>&nbsp;&nbsp;&nbsp;__aeabi_fdiv
<LI><a href="#[26e]">&gt;&gt;</a>&nbsp;&nbsp;&nbsp;__aeabi_fadd
<LI><a href="#[280]">&gt;&gt;</a>&nbsp;&nbsp;&nbsp;__aeabi_d2f
</UL>

<P><STRONG><a name="[26f]"></a>_float_epilogue</STRONG> (Thumb, 92 bytes, Stack size 4 bytes, fepilogue.o(.text))
<BR><BR>[Stack]<UL><LI>Max Depth = 4<LI>Call Chain = _float_epilogue
</UL>
<BR>[Called By]<UL><LI><a href="#[27d]">&gt;&gt;</a>&nbsp;&nbsp;&nbsp;__aeabi_ui2f
<LI><a href="#[27c]">&gt;&gt;</a>&nbsp;&nbsp;&nbsp;__aeabi_i2f
<LI><a href="#[26e]">&gt;&gt;</a>&nbsp;&nbsp;&nbsp;__aeabi_fadd
</UL>

<P><STRONG><a name="[277]"></a>_double_round</STRONG> (Thumb, 30 bytes, Stack size 8 bytes, depilogue.o(.text))
<BR><BR>[Stack]<UL><LI>Max Depth = 8<LI>Call Chain = _double_round
</UL>
<BR>[Called By]<UL><LI><a href="#[27b]">&gt;&gt;</a>&nbsp;&nbsp;&nbsp;__aeabi_ddiv
<LI><a href="#[274]">&gt;&gt;</a>&nbsp;&nbsp;&nbsp;__aeabi_dadd
<LI><a href="#[276]">&gt;&gt;</a>&nbsp;&nbsp;&nbsp;_double_epilogue
</UL>

<P><STRONG><a name="[276]"></a>_double_epilogue</STRONG> (Thumb, 156 bytes, Stack size 32 bytes, depilogue.o(.text))
<BR><BR>[Stack]<UL><LI>Max Depth = 40<LI>Call Chain = _double_epilogue &rArr; _double_round
</UL>
<BR>[Calls]<UL><LI><a href="#[269]">&gt;&gt;</a>&nbsp;&nbsp;&nbsp;__aeabi_llsr
<LI><a href="#[26a]">&gt;&gt;</a>&nbsp;&nbsp;&nbsp;__aeabi_llsl
<LI><a href="#[277]">&gt;&gt;</a>&nbsp;&nbsp;&nbsp;_double_round
</UL>
<BR>[Called By]<UL><LI><a href="#[27f]">&gt;&gt;</a>&nbsp;&nbsp;&nbsp;__aeabi_ul2d
<LI><a href="#[27e]">&gt;&gt;</a>&nbsp;&nbsp;&nbsp;__aeabi_ui2d
<LI><a href="#[27a]">&gt;&gt;</a>&nbsp;&nbsp;&nbsp;__aeabi_dmul
<LI><a href="#[274]">&gt;&gt;</a>&nbsp;&nbsp;&nbsp;__aeabi_dadd
</UL>

<P><STRONG><a name="[281]"></a>__aeabi_d2ulz</STRONG> (Thumb, 48 bytes, Stack size 0 bytes, dfixul.o(.text), UNUSED)
<BR><BR>[Calls]<UL><LI><a href="#[269]">&gt;&gt;</a>&nbsp;&nbsp;&nbsp;__aeabi_llsr
<LI><a href="#[26a]">&gt;&gt;</a>&nbsp;&nbsp;&nbsp;__aeabi_llsl
</UL>
<BR>[Called By]<UL><LI><a href="#[351]">&gt;&gt;</a>&nbsp;&nbsp;&nbsp;_fp_digits
</UL>

<P><STRONG><a name="[267]"></a>__scatterload</STRONG> (Thumb, 28 bytes, Stack size 0 bytes, init.o(.text))
<BR><BR>[Calls]<UL><LI><a href="#[282]">&gt;&gt;</a>&nbsp;&nbsp;&nbsp;__main_after_scatterload
</UL>
<BR>[Called By]<UL><LI><a href="#[266]">&gt;&gt;</a>&nbsp;&nbsp;&nbsp;_main_scatterload
</UL>

<P><STRONG><a name="[3b9]"></a>__scatterload_rt2</STRONG> (Thumb, 0 bytes, Stack size 0 bytes, init.o(.text), UNUSED)

<P><STRONG><a name="[3ba]"></a>__decompress</STRONG> (Thumb, 0 bytes, Stack size unknown bytes, __dczerorl.o(.text), UNUSED)

<P><STRONG><a name="[3bb]"></a>__decompress0</STRONG> (Thumb, 58 bytes, Stack size unknown bytes, __dczerorl.o(.text), UNUSED)

<P><STRONG><a name="[ab]"></a>ADC1_CmpComb_IrqHandler</STRONG> (Thumb, 2 bytes, Stack size 0 bytes, hc32f4a0_ll_interrupts_share.o(i.ADC1_CmpComb_IrqHandler))
<BR><BR>[Called By]<UL><LI><a href="#[9b]">&gt;&gt;</a>&nbsp;&nbsp;&nbsp;IRQ143_Handler
</UL>

<P><STRONG><a name="[ac]"></a>ADC1_SeqA_IrqHandler</STRONG> (Thumb, 2 bytes, Stack size 0 bytes, hc32f4a0_ll_interrupts_share.o(i.ADC1_SeqA_IrqHandler))
<BR><BR>[Called By]<UL><LI><a href="#[9b]">&gt;&gt;</a>&nbsp;&nbsp;&nbsp;IRQ143_Handler
</UL>

<P><STRONG><a name="[ad]"></a>ADC1_SeqB_IrqHandler</STRONG> (Thumb, 2 bytes, Stack size 0 bytes, hc32f4a0_ll_interrupts_share.o(i.ADC1_SeqB_IrqHandler))
<BR><BR>[Called By]<UL><LI><a href="#[9b]">&gt;&gt;</a>&nbsp;&nbsp;&nbsp;IRQ143_Handler
</UL>

<P><STRONG><a name="[ae]"></a>ADC2_Cmp0_IrqHandler</STRONG> (Thumb, 2 bytes, Stack size 0 bytes, hc32f4a0_ll_interrupts_share.o(i.ADC2_Cmp0_IrqHandler))
<BR><BR>[Called By]<UL><LI><a href="#[9b]">&gt;&gt;</a>&nbsp;&nbsp;&nbsp;IRQ143_Handler
</UL>

<P><STRONG><a name="[af]"></a>ADC2_Cmp1_IrqHandler</STRONG> (Thumb, 2 bytes, Stack size 0 bytes, hc32f4a0_ll_interrupts_share.o(i.ADC2_Cmp1_IrqHandler))
<BR><BR>[Called By]<UL><LI><a href="#[9b]">&gt;&gt;</a>&nbsp;&nbsp;&nbsp;IRQ143_Handler
</UL>

<P><STRONG><a name="[b0]"></a>ADC2_CmpComb_IrqHandler</STRONG> (Thumb, 2 bytes, Stack size 0 bytes, hc32f4a0_ll_interrupts_share.o(i.ADC2_CmpComb_IrqHandler))
<BR><BR>[Called By]<UL><LI><a href="#[9b]">&gt;&gt;</a>&nbsp;&nbsp;&nbsp;IRQ143_Handler
</UL>

<P><STRONG><a name="[b1]"></a>ADC2_SeqA_IrqHandler</STRONG> (Thumb, 2 bytes, Stack size 0 bytes, hc32f4a0_ll_interrupts_share.o(i.ADC2_SeqA_IrqHandler))
<BR><BR>[Called By]<UL><LI><a href="#[9b]">&gt;&gt;</a>&nbsp;&nbsp;&nbsp;IRQ143_Handler
</UL>

<P><STRONG><a name="[b2]"></a>ADC2_SeqB_IrqHandler</STRONG> (Thumb, 2 bytes, Stack size 0 bytes, hc32f4a0_ll_interrupts_share.o(i.ADC2_SeqB_IrqHandler))
<BR><BR>[Called By]<UL><LI><a href="#[9b]">&gt;&gt;</a>&nbsp;&nbsp;&nbsp;IRQ143_Handler
</UL>

<P><STRONG><a name="[b3]"></a>ADC3_Cmp0_IrqHandler</STRONG> (Thumb, 2 bytes, Stack size 0 bytes, hc32f4a0_ll_interrupts_share.o(i.ADC3_Cmp0_IrqHandler))
<BR><BR>[Called By]<UL><LI><a href="#[9b]">&gt;&gt;</a>&nbsp;&nbsp;&nbsp;IRQ143_Handler
</UL>

<P><STRONG><a name="[b4]"></a>ADC3_Cmp1_IrqHandler</STRONG> (Thumb, 2 bytes, Stack size 0 bytes, hc32f4a0_ll_interrupts_share.o(i.ADC3_Cmp1_IrqHandler))
<BR><BR>[Called By]<UL><LI><a href="#[9b]">&gt;&gt;</a>&nbsp;&nbsp;&nbsp;IRQ143_Handler
</UL>

<P><STRONG><a name="[b5]"></a>ADC3_CmpComb_IrqHandler</STRONG> (Thumb, 2 bytes, Stack size 0 bytes, hc32f4a0_ll_interrupts_share.o(i.ADC3_CmpComb_IrqHandler))
<BR><BR>[Called By]<UL><LI><a href="#[9b]">&gt;&gt;</a>&nbsp;&nbsp;&nbsp;IRQ143_Handler
</UL>

<P><STRONG><a name="[b6]"></a>ADC3_SeqA_IrqHandler</STRONG> (Thumb, 2 bytes, Stack size 0 bytes, hc32f4a0_ll_interrupts_share.o(i.ADC3_SeqA_IrqHandler))
<BR><BR>[Called By]<UL><LI><a href="#[9b]">&gt;&gt;</a>&nbsp;&nbsp;&nbsp;IRQ143_Handler
</UL>

<P><STRONG><a name="[b7]"></a>ADC3_SeqB_IrqHandler</STRONG> (Thumb, 2 bytes, Stack size 0 bytes, hc32f4a0_ll_interrupts_share.o(i.ADC3_SeqB_IrqHandler))
<BR><BR>[Called By]<UL><LI><a href="#[9b]">&gt;&gt;</a>&nbsp;&nbsp;&nbsp;IRQ143_Handler
</UL>

<P><STRONG><a name="[b8]"></a>CAN1_IrqHandler</STRONG> (Thumb, 2 bytes, Stack size 0 bytes, hc32f4a0_ll_interrupts_share.o(i.CAN1_IrqHandler))
<BR><BR>[Called By]<UL><LI><a href="#[96]">&gt;&gt;</a>&nbsp;&nbsp;&nbsp;IRQ138_Handler
</UL>

<P><STRONG><a name="[b9]"></a>CAN2_IrqHandler</STRONG> (Thumb, 2 bytes, Stack size 0 bytes, hc32f4a0_ll_interrupts_share.o(i.CAN2_IrqHandler))
<BR><BR>[Called By]<UL><LI><a href="#[96]">&gt;&gt;</a>&nbsp;&nbsp;&nbsp;IRQ138_Handler
</UL>

<P><STRONG><a name="[283]"></a>CLK_GetStableStatus</STRONG> (Thumb, 40 bytes, Stack size 8 bytes, hc32_ll_clk.o(i.CLK_GetStableStatus))
<BR><BR>[Stack]<UL><LI>Max Depth = 8<LI>Call Chain = CLK_GetStableStatus
</UL>
<BR>[Calls]<UL><LI><a href="#[a8]">&gt;&gt;</a>&nbsp;&nbsp;&nbsp;DDL_AssertHandler
</UL>
<BR>[Called By]<UL><LI><a href="#[285]">&gt;&gt;</a>&nbsp;&nbsp;&nbsp;CLK_WaitStable
</UL>

<P><STRONG><a name="[284]"></a>CLK_HrcCmd</STRONG> (Thumb, 118 bytes, Stack size 16 bytes, hc32_ll_clk.o(i.CLK_HrcCmd))
<BR><BR>[Stack]<UL><LI>Max Depth = 48<LI>Call Chain = CLK_HrcCmd &rArr; CLK_WaitStable &rArr; CLK_GetStableStatus
</UL>
<BR>[Calls]<UL><LI><a href="#[a8]">&gt;&gt;</a>&nbsp;&nbsp;&nbsp;DDL_AssertHandler
<LI><a href="#[285]">&gt;&gt;</a>&nbsp;&nbsp;&nbsp;CLK_WaitStable
</UL>
<BR>[Called By]<UL><LI><a href="#[2bb]">&gt;&gt;</a>&nbsp;&nbsp;&nbsp;OtsInit
</UL>

<P><STRONG><a name="[286]"></a>CLK_LrcCmd</STRONG> (Thumb, 86 bytes, Stack size 16 bytes, hc32_ll_clk.o(i.CLK_LrcCmd))
<BR><BR>[Stack]<UL><LI>Max Depth = 24<LI>Call Chain = CLK_LrcCmd &rArr; DDL_DelayUS
</UL>
<BR>[Calls]<UL><LI><a href="#[287]">&gt;&gt;</a>&nbsp;&nbsp;&nbsp;DDL_DelayUS
<LI><a href="#[a8]">&gt;&gt;</a>&nbsp;&nbsp;&nbsp;DDL_AssertHandler
</UL>
<BR>[Called By]<UL><LI><a href="#[2bb]">&gt;&gt;</a>&nbsp;&nbsp;&nbsp;OtsInit
</UL>

<P><STRONG><a name="[288]"></a>CLK_PLLCmd</STRONG> (Thumb, 128 bytes, Stack size 16 bytes, hc32_ll_clk.o(i.CLK_PLLCmd))
<BR><BR>[Stack]<UL><LI>Max Depth = 48<LI>Call Chain = CLK_PLLCmd &rArr; CLK_WaitStable &rArr; CLK_GetStableStatus
</UL>
<BR>[Calls]<UL><LI><a href="#[a8]">&gt;&gt;</a>&nbsp;&nbsp;&nbsp;DDL_AssertHandler
<LI><a href="#[285]">&gt;&gt;</a>&nbsp;&nbsp;&nbsp;CLK_WaitStable
</UL>
<BR>[Called By]<UL><LI><a href="#[289]">&gt;&gt;</a>&nbsp;&nbsp;&nbsp;CLK_PLLInit
</UL>

<P><STRONG><a name="[289]"></a>CLK_PLLInit</STRONG> (Thumb, 360 bytes, Stack size 24 bytes, hc32_ll_clk.o(i.CLK_PLLInit))
<BR><BR>[Stack]<UL><LI>Max Depth = 72<LI>Call Chain = CLK_PLLInit &rArr; CLK_PLLCmd &rArr; CLK_WaitStable &rArr; CLK_GetStableStatus
</UL>
<BR>[Calls]<UL><LI><a href="#[a8]">&gt;&gt;</a>&nbsp;&nbsp;&nbsp;DDL_AssertHandler
<LI><a href="#[288]">&gt;&gt;</a>&nbsp;&nbsp;&nbsp;CLK_PLLCmd
</UL>
<BR>[Called By]<UL><LI><a href="#[375]">&gt;&gt;</a>&nbsp;&nbsp;&nbsp;systemClockConfig240MHZ
</UL>

<P><STRONG><a name="[386]"></a>CLK_PLLStructInit</STRONG> (Thumb, 56 bytes, Stack size 0 bytes, hc32_ll_clk.o(i.CLK_PLLStructInit))
<BR><BR>[Called By]<UL><LI><a href="#[375]">&gt;&gt;</a>&nbsp;&nbsp;&nbsp;systemClockConfig240MHZ
</UL>

<P><STRONG><a name="[28a]"></a>CLK_PLLxCmd</STRONG> (Thumb, 110 bytes, Stack size 16 bytes, hc32_ll_clk.o(i.CLK_PLLxCmd))
<BR><BR>[Stack]<UL><LI>Max Depth = 48<LI>Call Chain = CLK_PLLxCmd &rArr; CLK_WaitStable &rArr; CLK_GetStableStatus
</UL>
<BR>[Calls]<UL><LI><a href="#[a8]">&gt;&gt;</a>&nbsp;&nbsp;&nbsp;DDL_AssertHandler
<LI><a href="#[285]">&gt;&gt;</a>&nbsp;&nbsp;&nbsp;CLK_WaitStable
</UL>
<BR>[Called By]<UL><LI><a href="#[28b]">&gt;&gt;</a>&nbsp;&nbsp;&nbsp;CLK_PLLxInit
</UL>

<P><STRONG><a name="[28b]"></a>CLK_PLLxInit</STRONG> (Thumb, 50 bytes, Stack size 8 bytes, hc32_ll_clk.o(i.CLK_PLLxInit))
<BR><BR>[Stack]<UL><LI>Max Depth = 56<LI>Call Chain = CLK_PLLxInit &rArr; CLK_PLLxCmd &rArr; CLK_WaitStable &rArr; CLK_GetStableStatus
</UL>
<BR>[Calls]<UL><LI><a href="#[28a]">&gt;&gt;</a>&nbsp;&nbsp;&nbsp;CLK_PLLxCmd
<LI><a href="#[28c]">&gt;&gt;</a>&nbsp;&nbsp;&nbsp;PLLxParamCheck
</UL>
<BR>[Called By]<UL><LI><a href="#[375]">&gt;&gt;</a>&nbsp;&nbsp;&nbsp;systemClockConfig240MHZ
</UL>

<P><STRONG><a name="[387]"></a>CLK_PLLxStructInit</STRONG> (Thumb, 34 bytes, Stack size 0 bytes, hc32_ll_clk.o(i.CLK_PLLxStructInit))
<BR><BR>[Called By]<UL><LI><a href="#[375]">&gt;&gt;</a>&nbsp;&nbsp;&nbsp;systemClockConfig240MHZ
</UL>

<P><STRONG><a name="[28d]"></a>CLK_SetClockDiv</STRONG> (Thumb, 14 bytes, Stack size 8 bytes, hc32_ll_clk.o(i.CLK_SetClockDiv))
<BR><BR>[Stack]<UL><LI>Max Depth = 56<LI>Call Chain = CLK_SetClockDiv &rArr; SetSysClockDiv &rArr; DDL_DelayUS
</UL>
<BR>[Calls]<UL><LI><a href="#[28e]">&gt;&gt;</a>&nbsp;&nbsp;&nbsp;SetSysClockDiv
<LI><a href="#[28f]">&gt;&gt;</a>&nbsp;&nbsp;&nbsp;SystemCoreClockUpdate
</UL>
<BR>[Called By]<UL><LI><a href="#[375]">&gt;&gt;</a>&nbsp;&nbsp;&nbsp;systemClockConfig240MHZ
<LI><a href="#[32d]">&gt;&gt;</a>&nbsp;&nbsp;&nbsp;SdCard_Config
</UL>

<P><STRONG><a name="[290]"></a>CLK_SetSysClockSrc</STRONG> (Thumb, 14 bytes, Stack size 8 bytes, hc32_ll_clk.o(i.CLK_SetSysClockSrc))
<BR><BR>[Stack]<UL><LI>Max Depth = 56<LI>Call Chain = CLK_SetSysClockSrc &rArr; SetSysClockSrc &rArr; DDL_DelayUS
</UL>
<BR>[Calls]<UL><LI><a href="#[291]">&gt;&gt;</a>&nbsp;&nbsp;&nbsp;SetSysClockSrc
<LI><a href="#[28f]">&gt;&gt;</a>&nbsp;&nbsp;&nbsp;SystemCoreClockUpdate
</UL>
<BR>[Called By]<UL><LI><a href="#[375]">&gt;&gt;</a>&nbsp;&nbsp;&nbsp;systemClockConfig240MHZ
</UL>

<P><STRONG><a name="[292]"></a>CLK_SetUSBClockSrc</STRONG> (Thumb, 96 bytes, Stack size 16 bytes, hc32_ll_clk.o(i.CLK_SetUSBClockSrc))
<BR><BR>[Stack]<UL><LI>Max Depth = 24<LI>Call Chain = CLK_SetUSBClockSrc &rArr; DDL_DelayUS
</UL>
<BR>[Calls]<UL><LI><a href="#[287]">&gt;&gt;</a>&nbsp;&nbsp;&nbsp;DDL_DelayUS
<LI><a href="#[a8]">&gt;&gt;</a>&nbsp;&nbsp;&nbsp;DDL_AssertHandler
</UL>
<BR>[Called By]<UL><LI><a href="#[38b]">&gt;&gt;</a>&nbsp;&nbsp;&nbsp;usb_dc_low_level_init
</UL>

<P><STRONG><a name="[293]"></a>CLK_Xtal32Cmd</STRONG> (Thumb, 86 bytes, Stack size 16 bytes, hc32_ll_clk.o(i.CLK_Xtal32Cmd))
<BR><BR>[Stack]<UL><LI>Max Depth = 24<LI>Call Chain = CLK_Xtal32Cmd &rArr; DDL_DelayUS
</UL>
<BR>[Calls]<UL><LI><a href="#[287]">&gt;&gt;</a>&nbsp;&nbsp;&nbsp;DDL_DelayUS
<LI><a href="#[a8]">&gt;&gt;</a>&nbsp;&nbsp;&nbsp;DDL_AssertHandler
</UL>
<BR>[Called By]<UL><LI><a href="#[2bb]">&gt;&gt;</a>&nbsp;&nbsp;&nbsp;OtsInit
</UL>

<P><STRONG><a name="[294]"></a>CLK_XtalCmd</STRONG> (Thumb, 122 bytes, Stack size 16 bytes, hc32_ll_clk.o(i.CLK_XtalCmd))
<BR><BR>[Stack]<UL><LI>Max Depth = 48<LI>Call Chain = CLK_XtalCmd &rArr; CLK_WaitStable &rArr; CLK_GetStableStatus
</UL>
<BR>[Calls]<UL><LI><a href="#[a8]">&gt;&gt;</a>&nbsp;&nbsp;&nbsp;DDL_AssertHandler
<LI><a href="#[285]">&gt;&gt;</a>&nbsp;&nbsp;&nbsp;CLK_WaitStable
</UL>
<BR>[Called By]<UL><LI><a href="#[295]">&gt;&gt;</a>&nbsp;&nbsp;&nbsp;CLK_XtalInit
</UL>

<P><STRONG><a name="[295]"></a>CLK_XtalInit</STRONG> (Thumb, 190 bytes, Stack size 16 bytes, hc32_ll_clk.o(i.CLK_XtalInit))
<BR><BR>[Stack]<UL><LI>Max Depth = 64<LI>Call Chain = CLK_XtalInit &rArr; CLK_XtalCmd &rArr; CLK_WaitStable &rArr; CLK_GetStableStatus
</UL>
<BR>[Calls]<UL><LI><a href="#[a8]">&gt;&gt;</a>&nbsp;&nbsp;&nbsp;DDL_AssertHandler
<LI><a href="#[294]">&gt;&gt;</a>&nbsp;&nbsp;&nbsp;CLK_XtalCmd
</UL>
<BR>[Called By]<UL><LI><a href="#[375]">&gt;&gt;</a>&nbsp;&nbsp;&nbsp;systemClockConfig240MHZ
</UL>

<P><STRONG><a name="[ba]"></a>CLK_XtalStop_IrqHandler</STRONG> (Thumb, 2 bytes, Stack size 0 bytes, hc32f4a0_ll_interrupts_share.o(i.CLK_XtalStop_IrqHandler))
<BR><BR>[Called By]<UL><LI><a href="#[8f]">&gt;&gt;</a>&nbsp;&nbsp;&nbsp;IRQ131_Handler
</UL>

<P><STRONG><a name="[385]"></a>CLK_XtalStructInit</STRONG> (Thumb, 30 bytes, Stack size 0 bytes, hc32_ll_clk.o(i.CLK_XtalStructInit))
<BR><BR>[Called By]<UL><LI><a href="#[375]">&gt;&gt;</a>&nbsp;&nbsp;&nbsp;systemClockConfig240MHZ
</UL>

<P><STRONG><a name="[bb]"></a>CTC_Ovf_IrqHandler</STRONG> (Thumb, 2 bytes, Stack size 0 bytes, hc32f4a0_ll_interrupts_share.o(i.CTC_Ovf_IrqHandler))
<BR><BR>[Called By]<UL><LI><a href="#[9a]">&gt;&gt;</a>&nbsp;&nbsp;&nbsp;IRQ142_Handler
</UL>

<P><STRONG><a name="[bc]"></a>CTC_Udf_IrqHandler</STRONG> (Thumb, 2 bytes, Stack size 0 bytes, hc32f4a0_ll_interrupts_share.o(i.CTC_Udf_IrqHandler))
<BR><BR>[Called By]<UL><LI><a href="#[9a]">&gt;&gt;</a>&nbsp;&nbsp;&nbsp;IRQ142_Handler
</UL>

<P><STRONG><a name="[297]"></a>CountTimer_Tmr0Unit2CHB_Init</STRONG> (Thumb, 64 bytes, Stack size 32 bytes, tmr0.o(i.CountTimer_Tmr0Unit2CHB_Init))
<BR><BR>[Stack]<UL><LI>Max Depth = 56<LI>Call Chain = CountTimer_Tmr0Unit2CHB_Init &rArr; TMR0_Init
</UL>
<BR>[Calls]<UL><LI><a href="#[298]">&gt;&gt;</a>&nbsp;&nbsp;&nbsp;FCG_Fcg2PeriphClockCmd
<LI><a href="#[299]">&gt;&gt;</a>&nbsp;&nbsp;&nbsp;TMR0_StructInit
<LI><a href="#[29a]">&gt;&gt;</a>&nbsp;&nbsp;&nbsp;TMR0_Init
</UL>
<BR>[Called By]<UL><LI><a href="#[9c]">&gt;&gt;</a>&nbsp;&nbsp;&nbsp;main
</UL>

<P><STRONG><a name="[bd]"></a>DCU1_IrqHandler</STRONG> (Thumb, 2 bytes, Stack size 0 bytes, hc32f4a0_ll_interrupts_share.o(i.DCU1_IrqHandler))
<BR><BR>[Called By]<UL><LI><a href="#[8d]">&gt;&gt;</a>&nbsp;&nbsp;&nbsp;IRQ129_Handler
</UL>

<P><STRONG><a name="[be]"></a>DCU2_IrqHandler</STRONG> (Thumb, 2 bytes, Stack size 0 bytes, hc32f4a0_ll_interrupts_share.o(i.DCU2_IrqHandler))
<BR><BR>[Called By]<UL><LI><a href="#[8d]">&gt;&gt;</a>&nbsp;&nbsp;&nbsp;IRQ129_Handler
</UL>

<P><STRONG><a name="[bf]"></a>DCU3_IrqHandler</STRONG> (Thumb, 2 bytes, Stack size 0 bytes, hc32f4a0_ll_interrupts_share.o(i.DCU3_IrqHandler))
<BR><BR>[Called By]<UL><LI><a href="#[8d]">&gt;&gt;</a>&nbsp;&nbsp;&nbsp;IRQ129_Handler
</UL>

<P><STRONG><a name="[c0]"></a>DCU4_IrqHandler</STRONG> (Thumb, 2 bytes, Stack size 0 bytes, hc32f4a0_ll_interrupts_share.o(i.DCU4_IrqHandler))
<BR><BR>[Called By]<UL><LI><a href="#[8d]">&gt;&gt;</a>&nbsp;&nbsp;&nbsp;IRQ129_Handler
</UL>

<P><STRONG><a name="[c1]"></a>DCU5_IrqHandler</STRONG> (Thumb, 2 bytes, Stack size 0 bytes, hc32f4a0_ll_interrupts_share.o(i.DCU5_IrqHandler))
<BR><BR>[Called By]<UL><LI><a href="#[8d]">&gt;&gt;</a>&nbsp;&nbsp;&nbsp;IRQ129_Handler
</UL>

<P><STRONG><a name="[c2]"></a>DCU6_IrqHandler</STRONG> (Thumb, 2 bytes, Stack size 0 bytes, hc32f4a0_ll_interrupts_share.o(i.DCU6_IrqHandler))
<BR><BR>[Called By]<UL><LI><a href="#[8d]">&gt;&gt;</a>&nbsp;&nbsp;&nbsp;IRQ129_Handler
</UL>

<P><STRONG><a name="[c3]"></a>DCU7_IrqHandler</STRONG> (Thumb, 2 bytes, Stack size 0 bytes, hc32f4a0_ll_interrupts_share.o(i.DCU7_IrqHandler))
<BR><BR>[Called By]<UL><LI><a href="#[8d]">&gt;&gt;</a>&nbsp;&nbsp;&nbsp;IRQ129_Handler
</UL>

<P><STRONG><a name="[c4]"></a>DCU8_IrqHandler</STRONG> (Thumb, 2 bytes, Stack size 0 bytes, hc32f4a0_ll_interrupts_share.o(i.DCU8_IrqHandler))
<BR><BR>[Called By]<UL><LI><a href="#[8d]">&gt;&gt;</a>&nbsp;&nbsp;&nbsp;IRQ129_Handler
</UL>

<P><STRONG><a name="[a8]"></a>DDL_AssertHandler</STRONG> (Thumb, 2 bytes, Stack size 0 bytes, hc32_ll_utility.o(i.DDL_AssertHandler))
<BR><BR>[Calls]<UL><LI><a href="#[a8]">&gt;&gt;</a>&nbsp;&nbsp;&nbsp;DDL_AssertHandler
</UL>
<BR>[Called By]<UL><LI><a href="#[33a]">&gt;&gt;</a>&nbsp;&nbsp;&nbsp;SRAM_SetWaitCycle
<LI><a href="#[a8]">&gt;&gt;</a>&nbsp;&nbsp;&nbsp;DDL_AssertHandler
<LI><a href="#[295]">&gt;&gt;</a>&nbsp;&nbsp;&nbsp;CLK_XtalInit
<LI><a href="#[294]">&gt;&gt;</a>&nbsp;&nbsp;&nbsp;CLK_XtalCmd
<LI><a href="#[293]">&gt;&gt;</a>&nbsp;&nbsp;&nbsp;CLK_Xtal32Cmd
<LI><a href="#[292]">&gt;&gt;</a>&nbsp;&nbsp;&nbsp;CLK_SetUSBClockSrc
<LI><a href="#[28a]">&gt;&gt;</a>&nbsp;&nbsp;&nbsp;CLK_PLLxCmd
<LI><a href="#[289]">&gt;&gt;</a>&nbsp;&nbsp;&nbsp;CLK_PLLInit
<LI><a href="#[288]">&gt;&gt;</a>&nbsp;&nbsp;&nbsp;CLK_PLLCmd
<LI><a href="#[286]">&gt;&gt;</a>&nbsp;&nbsp;&nbsp;CLK_LrcCmd
<LI><a href="#[284]">&gt;&gt;</a>&nbsp;&nbsp;&nbsp;CLK_HrcCmd
<LI><a href="#[283]">&gt;&gt;</a>&nbsp;&nbsp;&nbsp;CLK_GetStableStatus
<LI><a href="#[291]">&gt;&gt;</a>&nbsp;&nbsp;&nbsp;SetSysClockSrc
<LI><a href="#[28e]">&gt;&gt;</a>&nbsp;&nbsp;&nbsp;SetSysClockDiv
<LI><a href="#[28c]">&gt;&gt;</a>&nbsp;&nbsp;&nbsp;PLLxParamCheck
<LI><a href="#[2c1]">&gt;&gt;</a>&nbsp;&nbsp;&nbsp;PWC_VBAT_Reset
<LI><a href="#[2c0]">&gt;&gt;</a>&nbsp;&nbsp;&nbsp;PWC_VBAT_PowerCmd
<LI><a href="#[2bf]">&gt;&gt;</a>&nbsp;&nbsp;&nbsp;PWC_BKR_Write
<LI><a href="#[2be]">&gt;&gt;</a>&nbsp;&nbsp;&nbsp;PWC_BKR_Read
<LI><a href="#[2bd]">&gt;&gt;</a>&nbsp;&nbsp;&nbsp;PWC_BKR_PowerCmd
<LI><a href="#[29e]">&gt;&gt;</a>&nbsp;&nbsp;&nbsp;FCG_Fcg3PeriphClockCmd
<LI><a href="#[298]">&gt;&gt;</a>&nbsp;&nbsp;&nbsp;FCG_Fcg2PeriphClockCmd
<LI><a href="#[29d]">&gt;&gt;</a>&nbsp;&nbsp;&nbsp;FCG_Fcg1PeriphClockCmd
<LI><a href="#[2a3]">&gt;&gt;</a>&nbsp;&nbsp;&nbsp;GPIO_TogglePins
<LI><a href="#[2a2]">&gt;&gt;</a>&nbsp;&nbsp;&nbsp;GPIO_SetReadWaitCycle
<LI><a href="#[2a1]">&gt;&gt;</a>&nbsp;&nbsp;&nbsp;GPIO_SetFunc
<LI><a href="#[2a0]">&gt;&gt;</a>&nbsp;&nbsp;&nbsp;GPIO_ReadInputPins
<LI><a href="#[29f]">&gt;&gt;</a>&nbsp;&nbsp;&nbsp;GPIO_Init
<LI><a href="#[29c]">&gt;&gt;</a>&nbsp;&nbsp;&nbsp;EFM_SetWaitCycle
<LI><a href="#[29b]">&gt;&gt;</a>&nbsp;&nbsp;&nbsp;DMA_ChCmd
<LI><a href="#[2d2]">&gt;&gt;</a>&nbsp;&nbsp;&nbsp;RTC_SetTime
<LI><a href="#[2d1]">&gt;&gt;</a>&nbsp;&nbsp;&nbsp;RTC_SetDate
<LI><a href="#[2d0]">&gt;&gt;</a>&nbsp;&nbsp;&nbsp;RTC_SetAlarm
<LI><a href="#[2c8]">&gt;&gt;</a>&nbsp;&nbsp;&nbsp;RTC_Init
<LI><a href="#[2ce]">&gt;&gt;</a>&nbsp;&nbsp;&nbsp;RTC_GetTime
<LI><a href="#[2cb]">&gt;&gt;</a>&nbsp;&nbsp;&nbsp;RTC_GetDate
<LI><a href="#[2ca]">&gt;&gt;</a>&nbsp;&nbsp;&nbsp;RTC_GetAlarm
<LI><a href="#[2c4]">&gt;&gt;</a>&nbsp;&nbsp;&nbsp;RTC_Cmd
<LI><a href="#[2c2]">&gt;&gt;</a>&nbsp;&nbsp;&nbsp;RTC_ClearStatus
<LI><a href="#[2ba]">&gt;&gt;</a>&nbsp;&nbsp;&nbsp;OTS_Init
<LI><a href="#[29a]">&gt;&gt;</a>&nbsp;&nbsp;&nbsp;TMR0_Init
<LI><a href="#[2a5]">&gt;&gt;</a>&nbsp;&nbsp;&nbsp;INTC_IrqSignIn
<LI><a href="#[337]">&gt;&gt;</a>&nbsp;&nbsp;&nbsp;SPI_Init
<LI><a href="#[336]">&gt;&gt;</a>&nbsp;&nbsp;&nbsp;SPI_DelayTimeConfig
<LI><a href="#[335]">&gt;&gt;</a>&nbsp;&nbsp;&nbsp;SPI_DeInit
<LI><a href="#[334]">&gt;&gt;</a>&nbsp;&nbsp;&nbsp;SPI_Cmd
<LI><a href="#[338]">&gt;&gt;</a>&nbsp;&nbsp;&nbsp;SPI_TxRx
<LI><a href="#[346]">&gt;&gt;</a>&nbsp;&nbsp;&nbsp;USART_UART_Init
<LI><a href="#[345]">&gt;&gt;</a>&nbsp;&nbsp;&nbsp;USART_SetBaudrate
<LI><a href="#[342]">&gt;&gt;</a>&nbsp;&nbsp;&nbsp;USART_FuncCmd
<LI><a href="#[343]">&gt;&gt;</a>&nbsp;&nbsp;&nbsp;USART_GetUsartClockFreq
<LI><a href="#[341]">&gt;&gt;</a>&nbsp;&nbsp;&nbsp;UART_CalculateBrr
<LI><a href="#[340]">&gt;&gt;</a>&nbsp;&nbsp;&nbsp;SmartCard_CalculateBrr
<LI><a href="#[296]">&gt;&gt;</a>&nbsp;&nbsp;&nbsp;ClockSync_CalculateBrr
<LI><a href="#[302]">&gt;&gt;</a>&nbsp;&nbsp;&nbsp;SDIOC_WriteBuffer
<LI><a href="#[301]">&gt;&gt;</a>&nbsp;&nbsp;&nbsp;SDIOC_VerifyClockDiv
<LI><a href="#[300]">&gt;&gt;</a>&nbsp;&nbsp;&nbsp;SDIOC_SetSpeedMode
<LI><a href="#[2ff]">&gt;&gt;</a>&nbsp;&nbsp;&nbsp;SDIOC_SetClockDiv
<LI><a href="#[2fe]">&gt;&gt;</a>&nbsp;&nbsp;&nbsp;SDIOC_SetBusWidth
<LI><a href="#[2fd]">&gt;&gt;</a>&nbsp;&nbsp;&nbsp;SDIOC_SendCommand
<LI><a href="#[2fc]">&gt;&gt;</a>&nbsp;&nbsp;&nbsp;SDIOC_SWReset
<LI><a href="#[2fb]">&gt;&gt;</a>&nbsp;&nbsp;&nbsp;SDIOC_ReadBuffer
<LI><a href="#[2fa]">&gt;&gt;</a>&nbsp;&nbsp;&nbsp;SDIOC_PowerCmd
<LI><a href="#[2f9]">&gt;&gt;</a>&nbsp;&nbsp;&nbsp;SDIOC_IntCmd
<LI><a href="#[2f8]">&gt;&gt;</a>&nbsp;&nbsp;&nbsp;SDIOC_Init
<LI><a href="#[2f7]">&gt;&gt;</a>&nbsp;&nbsp;&nbsp;SDIOC_GetResponse
<LI><a href="#[2f6]">&gt;&gt;</a>&nbsp;&nbsp;&nbsp;SDIOC_GetPowerState
<LI><a href="#[2f5]">&gt;&gt;</a>&nbsp;&nbsp;&nbsp;SDIOC_GetMode
<LI><a href="#[2f4]">&gt;&gt;</a>&nbsp;&nbsp;&nbsp;SDIOC_GetIntStatus
<LI><a href="#[2f3]">&gt;&gt;</a>&nbsp;&nbsp;&nbsp;SDIOC_GetIntEnableState
<LI><a href="#[2f2]">&gt;&gt;</a>&nbsp;&nbsp;&nbsp;SDIOC_GetHostStatus
<LI><a href="#[2f1]">&gt;&gt;</a>&nbsp;&nbsp;&nbsp;SDIOC_ConfigData
<LI><a href="#[2f0]">&gt;&gt;</a>&nbsp;&nbsp;&nbsp;SDIOC_ClockCmd
<LI><a href="#[2ef]">&gt;&gt;</a>&nbsp;&nbsp;&nbsp;SDIOC_ClearIntStatus
<LI><a href="#[2a6]">&gt;&gt;</a>&nbsp;&nbsp;&nbsp;INTC_ShareIrqCmd
</UL>

<P><STRONG><a name="[326]"></a>DDL_DelayMS</STRONG> (Thumb, 54 bytes, Stack size 8 bytes, hc32_ll_utility.o(i.DDL_DelayMS))
<BR><BR>[Stack]<UL><LI>Max Depth = 8<LI>Call Chain = DDL_DelayMS
</UL>
<BR>[Called By]<UL><LI><a href="#[327]">&gt;&gt;</a>&nbsp;&nbsp;&nbsp;SD_PowerCmd
<LI><a href="#[323]">&gt;&gt;</a>&nbsp;&nbsp;&nbsp;SD_Init
</UL>

<P><STRONG><a name="[287]"></a>DDL_DelayUS</STRONG> (Thumb, 52 bytes, Stack size 8 bytes, hc32_ll_utility.o(i.DDL_DelayUS))
<BR><BR>[Stack]<UL><LI>Max Depth = 8<LI>Call Chain = DDL_DelayUS
</UL>
<BR>[Called By]<UL><LI><a href="#[293]">&gt;&gt;</a>&nbsp;&nbsp;&nbsp;CLK_Xtal32Cmd
<LI><a href="#[292]">&gt;&gt;</a>&nbsp;&nbsp;&nbsp;CLK_SetUSBClockSrc
<LI><a href="#[286]">&gt;&gt;</a>&nbsp;&nbsp;&nbsp;CLK_LrcCmd
<LI><a href="#[291]">&gt;&gt;</a>&nbsp;&nbsp;&nbsp;SetSysClockSrc
<LI><a href="#[28e]">&gt;&gt;</a>&nbsp;&nbsp;&nbsp;SetSysClockDiv
</UL>

<P><STRONG><a name="[c5]"></a>DMA1_BTC0_IrqHandler</STRONG> (Thumb, 2 bytes, Stack size 0 bytes, hc32f4a0_ll_interrupts_share.o(i.DMA1_BTC0_IrqHandler))
<BR><BR>[Called By]<UL><LI><a href="#[8d]">&gt;&gt;</a>&nbsp;&nbsp;&nbsp;IRQ129_Handler
</UL>

<P><STRONG><a name="[c6]"></a>DMA1_BTC1_IrqHandler</STRONG> (Thumb, 2 bytes, Stack size 0 bytes, hc32f4a0_ll_interrupts_share.o(i.DMA1_BTC1_IrqHandler))
<BR><BR>[Called By]<UL><LI><a href="#[8d]">&gt;&gt;</a>&nbsp;&nbsp;&nbsp;IRQ129_Handler
</UL>

<P><STRONG><a name="[c7]"></a>DMA1_BTC2_IrqHandler</STRONG> (Thumb, 2 bytes, Stack size 0 bytes, hc32f4a0_ll_interrupts_share.o(i.DMA1_BTC2_IrqHandler))
<BR><BR>[Called By]<UL><LI><a href="#[8d]">&gt;&gt;</a>&nbsp;&nbsp;&nbsp;IRQ129_Handler
</UL>

<P><STRONG><a name="[c8]"></a>DMA1_BTC3_IrqHandler</STRONG> (Thumb, 2 bytes, Stack size 0 bytes, hc32f4a0_ll_interrupts_share.o(i.DMA1_BTC3_IrqHandler))
<BR><BR>[Called By]<UL><LI><a href="#[8d]">&gt;&gt;</a>&nbsp;&nbsp;&nbsp;IRQ129_Handler
</UL>

<P><STRONG><a name="[c9]"></a>DMA1_BTC4_IrqHandler</STRONG> (Thumb, 2 bytes, Stack size 0 bytes, hc32f4a0_ll_interrupts_share.o(i.DMA1_BTC4_IrqHandler))
<BR><BR>[Called By]<UL><LI><a href="#[8d]">&gt;&gt;</a>&nbsp;&nbsp;&nbsp;IRQ129_Handler
</UL>

<P><STRONG><a name="[ca]"></a>DMA1_BTC5_IrqHandler</STRONG> (Thumb, 2 bytes, Stack size 0 bytes, hc32f4a0_ll_interrupts_share.o(i.DMA1_BTC5_IrqHandler))
<BR><BR>[Called By]<UL><LI><a href="#[8d]">&gt;&gt;</a>&nbsp;&nbsp;&nbsp;IRQ129_Handler
</UL>

<P><STRONG><a name="[cb]"></a>DMA1_BTC6_IrqHandler</STRONG> (Thumb, 2 bytes, Stack size 0 bytes, hc32f4a0_ll_interrupts_share.o(i.DMA1_BTC6_IrqHandler))
<BR><BR>[Called By]<UL><LI><a href="#[8d]">&gt;&gt;</a>&nbsp;&nbsp;&nbsp;IRQ129_Handler
</UL>

<P><STRONG><a name="[cc]"></a>DMA1_BTC7_IrqHandler</STRONG> (Thumb, 2 bytes, Stack size 0 bytes, hc32f4a0_ll_interrupts_share.o(i.DMA1_BTC7_IrqHandler))
<BR><BR>[Called By]<UL><LI><a href="#[8d]">&gt;&gt;</a>&nbsp;&nbsp;&nbsp;IRQ129_Handler
</UL>

<P><STRONG><a name="[cd]"></a>DMA1_Error0_IrqHandler</STRONG> (Thumb, 2 bytes, Stack size 0 bytes, hc32f4a0_ll_interrupts_share.o(i.DMA1_Error0_IrqHandler))
<BR><BR>[Called By]<UL><LI><a href="#[8d]">&gt;&gt;</a>&nbsp;&nbsp;&nbsp;IRQ129_Handler
</UL>

<P><STRONG><a name="[ce]"></a>DMA1_Error1_IrqHandler</STRONG> (Thumb, 2 bytes, Stack size 0 bytes, hc32f4a0_ll_interrupts_share.o(i.DMA1_Error1_IrqHandler))
<BR><BR>[Called By]<UL><LI><a href="#[8d]">&gt;&gt;</a>&nbsp;&nbsp;&nbsp;IRQ129_Handler
</UL>

<P><STRONG><a name="[cf]"></a>DMA1_Error2_IrqHandler</STRONG> (Thumb, 2 bytes, Stack size 0 bytes, hc32f4a0_ll_interrupts_share.o(i.DMA1_Error2_IrqHandler))
<BR><BR>[Called By]<UL><LI><a href="#[8d]">&gt;&gt;</a>&nbsp;&nbsp;&nbsp;IRQ129_Handler
</UL>

<P><STRONG><a name="[d0]"></a>DMA1_Error3_IrqHandler</STRONG> (Thumb, 2 bytes, Stack size 0 bytes, hc32f4a0_ll_interrupts_share.o(i.DMA1_Error3_IrqHandler))
<BR><BR>[Called By]<UL><LI><a href="#[8d]">&gt;&gt;</a>&nbsp;&nbsp;&nbsp;IRQ129_Handler
</UL>

<P><STRONG><a name="[d1]"></a>DMA1_Error4_IrqHandler</STRONG> (Thumb, 2 bytes, Stack size 0 bytes, hc32f4a0_ll_interrupts_share.o(i.DMA1_Error4_IrqHandler))
<BR><BR>[Called By]<UL><LI><a href="#[8d]">&gt;&gt;</a>&nbsp;&nbsp;&nbsp;IRQ129_Handler
</UL>

<P><STRONG><a name="[d2]"></a>DMA1_Error5_IrqHandler</STRONG> (Thumb, 2 bytes, Stack size 0 bytes, hc32f4a0_ll_interrupts_share.o(i.DMA1_Error5_IrqHandler))
<BR><BR>[Called By]<UL><LI><a href="#[8d]">&gt;&gt;</a>&nbsp;&nbsp;&nbsp;IRQ129_Handler
</UL>

<P><STRONG><a name="[d3]"></a>DMA1_Error6_IrqHandler</STRONG> (Thumb, 2 bytes, Stack size 0 bytes, hc32f4a0_ll_interrupts_share.o(i.DMA1_Error6_IrqHandler))
<BR><BR>[Called By]<UL><LI><a href="#[8d]">&gt;&gt;</a>&nbsp;&nbsp;&nbsp;IRQ129_Handler
</UL>

<P><STRONG><a name="[d4]"></a>DMA1_Error7_IrqHandler</STRONG> (Thumb, 2 bytes, Stack size 0 bytes, hc32f4a0_ll_interrupts_share.o(i.DMA1_Error7_IrqHandler))
<BR><BR>[Called By]<UL><LI><a href="#[8d]">&gt;&gt;</a>&nbsp;&nbsp;&nbsp;IRQ129_Handler
</UL>

<P><STRONG><a name="[d5]"></a>DMA1_TC0_IrqHandler</STRONG> (Thumb, 2 bytes, Stack size 0 bytes, hc32f4a0_ll_interrupts_share.o(i.DMA1_TC0_IrqHandler))
<BR><BR>[Called By]<UL><LI><a href="#[8d]">&gt;&gt;</a>&nbsp;&nbsp;&nbsp;IRQ129_Handler
</UL>

<P><STRONG><a name="[d6]"></a>DMA1_TC1_IrqHandler</STRONG> (Thumb, 2 bytes, Stack size 0 bytes, hc32f4a0_ll_interrupts_share.o(i.DMA1_TC1_IrqHandler))
<BR><BR>[Called By]<UL><LI><a href="#[8d]">&gt;&gt;</a>&nbsp;&nbsp;&nbsp;IRQ129_Handler
</UL>

<P><STRONG><a name="[d7]"></a>DMA1_TC2_IrqHandler</STRONG> (Thumb, 2 bytes, Stack size 0 bytes, hc32f4a0_ll_interrupts_share.o(i.DMA1_TC2_IrqHandler))
<BR><BR>[Called By]<UL><LI><a href="#[8d]">&gt;&gt;</a>&nbsp;&nbsp;&nbsp;IRQ129_Handler
</UL>

<P><STRONG><a name="[d8]"></a>DMA1_TC3_IrqHandler</STRONG> (Thumb, 2 bytes, Stack size 0 bytes, hc32f4a0_ll_interrupts_share.o(i.DMA1_TC3_IrqHandler))
<BR><BR>[Called By]<UL><LI><a href="#[8d]">&gt;&gt;</a>&nbsp;&nbsp;&nbsp;IRQ129_Handler
</UL>

<P><STRONG><a name="[d9]"></a>DMA1_TC4_IrqHandler</STRONG> (Thumb, 2 bytes, Stack size 0 bytes, hc32f4a0_ll_interrupts_share.o(i.DMA1_TC4_IrqHandler))
<BR><BR>[Called By]<UL><LI><a href="#[8d]">&gt;&gt;</a>&nbsp;&nbsp;&nbsp;IRQ129_Handler
</UL>

<P><STRONG><a name="[da]"></a>DMA1_TC5_IrqHandler</STRONG> (Thumb, 2 bytes, Stack size 0 bytes, hc32f4a0_ll_interrupts_share.o(i.DMA1_TC5_IrqHandler))
<BR><BR>[Called By]<UL><LI><a href="#[8d]">&gt;&gt;</a>&nbsp;&nbsp;&nbsp;IRQ129_Handler
</UL>

<P><STRONG><a name="[db]"></a>DMA1_TC6_IrqHandler</STRONG> (Thumb, 2 bytes, Stack size 0 bytes, hc32f4a0_ll_interrupts_share.o(i.DMA1_TC6_IrqHandler))
<BR><BR>[Called By]<UL><LI><a href="#[8d]">&gt;&gt;</a>&nbsp;&nbsp;&nbsp;IRQ129_Handler
</UL>

<P><STRONG><a name="[dc]"></a>DMA1_TC7_IrqHandler</STRONG> (Thumb, 2 bytes, Stack size 0 bytes, hc32f4a0_ll_interrupts_share.o(i.DMA1_TC7_IrqHandler))
<BR><BR>[Called By]<UL><LI><a href="#[8d]">&gt;&gt;</a>&nbsp;&nbsp;&nbsp;IRQ129_Handler
</UL>

<P><STRONG><a name="[dd]"></a>DMA2_BTC0_IrqHandler</STRONG> (Thumb, 2 bytes, Stack size 0 bytes, hc32f4a0_ll_interrupts_share.o(i.DMA2_BTC0_IrqHandler))
<BR><BR>[Called By]<UL><LI><a href="#[8e]">&gt;&gt;</a>&nbsp;&nbsp;&nbsp;IRQ130_Handler
</UL>

<P><STRONG><a name="[de]"></a>DMA2_BTC1_IrqHandler</STRONG> (Thumb, 2 bytes, Stack size 0 bytes, hc32f4a0_ll_interrupts_share.o(i.DMA2_BTC1_IrqHandler))
<BR><BR>[Called By]<UL><LI><a href="#[8e]">&gt;&gt;</a>&nbsp;&nbsp;&nbsp;IRQ130_Handler
</UL>

<P><STRONG><a name="[df]"></a>DMA2_BTC2_IrqHandler</STRONG> (Thumb, 2 bytes, Stack size 0 bytes, hc32f4a0_ll_interrupts_share.o(i.DMA2_BTC2_IrqHandler))
<BR><BR>[Called By]<UL><LI><a href="#[8e]">&gt;&gt;</a>&nbsp;&nbsp;&nbsp;IRQ130_Handler
</UL>

<P><STRONG><a name="[e0]"></a>DMA2_BTC3_IrqHandler</STRONG> (Thumb, 2 bytes, Stack size 0 bytes, hc32f4a0_ll_interrupts_share.o(i.DMA2_BTC3_IrqHandler))
<BR><BR>[Called By]<UL><LI><a href="#[8e]">&gt;&gt;</a>&nbsp;&nbsp;&nbsp;IRQ130_Handler
</UL>

<P><STRONG><a name="[e1]"></a>DMA2_BTC4_IrqHandler</STRONG> (Thumb, 2 bytes, Stack size 0 bytes, hc32f4a0_ll_interrupts_share.o(i.DMA2_BTC4_IrqHandler))
<BR><BR>[Called By]<UL><LI><a href="#[8e]">&gt;&gt;</a>&nbsp;&nbsp;&nbsp;IRQ130_Handler
</UL>

<P><STRONG><a name="[e2]"></a>DMA2_BTC5_IrqHandler</STRONG> (Thumb, 2 bytes, Stack size 0 bytes, hc32f4a0_ll_interrupts_share.o(i.DMA2_BTC5_IrqHandler))
<BR><BR>[Called By]<UL><LI><a href="#[8e]">&gt;&gt;</a>&nbsp;&nbsp;&nbsp;IRQ130_Handler
</UL>

<P><STRONG><a name="[e3]"></a>DMA2_BTC6_IrqHandler</STRONG> (Thumb, 2 bytes, Stack size 0 bytes, hc32f4a0_ll_interrupts_share.o(i.DMA2_BTC6_IrqHandler))
<BR><BR>[Called By]<UL><LI><a href="#[8e]">&gt;&gt;</a>&nbsp;&nbsp;&nbsp;IRQ130_Handler
</UL>

<P><STRONG><a name="[e4]"></a>DMA2_BTC7_IrqHandler</STRONG> (Thumb, 2 bytes, Stack size 0 bytes, hc32f4a0_ll_interrupts_share.o(i.DMA2_BTC7_IrqHandler))
<BR><BR>[Called By]<UL><LI><a href="#[8e]">&gt;&gt;</a>&nbsp;&nbsp;&nbsp;IRQ130_Handler
</UL>

<P><STRONG><a name="[e5]"></a>DMA2_Error0_IrqHandler</STRONG> (Thumb, 2 bytes, Stack size 0 bytes, hc32f4a0_ll_interrupts_share.o(i.DMA2_Error0_IrqHandler))
<BR><BR>[Called By]<UL><LI><a href="#[8e]">&gt;&gt;</a>&nbsp;&nbsp;&nbsp;IRQ130_Handler
</UL>

<P><STRONG><a name="[e6]"></a>DMA2_Error1_IrqHandler</STRONG> (Thumb, 2 bytes, Stack size 0 bytes, hc32f4a0_ll_interrupts_share.o(i.DMA2_Error1_IrqHandler))
<BR><BR>[Called By]<UL><LI><a href="#[8e]">&gt;&gt;</a>&nbsp;&nbsp;&nbsp;IRQ130_Handler
</UL>

<P><STRONG><a name="[e7]"></a>DMA2_Error2_IrqHandler</STRONG> (Thumb, 2 bytes, Stack size 0 bytes, hc32f4a0_ll_interrupts_share.o(i.DMA2_Error2_IrqHandler))
<BR><BR>[Called By]<UL><LI><a href="#[8e]">&gt;&gt;</a>&nbsp;&nbsp;&nbsp;IRQ130_Handler
</UL>

<P><STRONG><a name="[e8]"></a>DMA2_Error3_IrqHandler</STRONG> (Thumb, 2 bytes, Stack size 0 bytes, hc32f4a0_ll_interrupts_share.o(i.DMA2_Error3_IrqHandler))
<BR><BR>[Called By]<UL><LI><a href="#[8e]">&gt;&gt;</a>&nbsp;&nbsp;&nbsp;IRQ130_Handler
</UL>

<P><STRONG><a name="[e9]"></a>DMA2_Error4_IrqHandler</STRONG> (Thumb, 2 bytes, Stack size 0 bytes, hc32f4a0_ll_interrupts_share.o(i.DMA2_Error4_IrqHandler))
<BR><BR>[Called By]<UL><LI><a href="#[8e]">&gt;&gt;</a>&nbsp;&nbsp;&nbsp;IRQ130_Handler
</UL>

<P><STRONG><a name="[ea]"></a>DMA2_Error5_IrqHandler</STRONG> (Thumb, 2 bytes, Stack size 0 bytes, hc32f4a0_ll_interrupts_share.o(i.DMA2_Error5_IrqHandler))
<BR><BR>[Called By]<UL><LI><a href="#[8e]">&gt;&gt;</a>&nbsp;&nbsp;&nbsp;IRQ130_Handler
</UL>

<P><STRONG><a name="[eb]"></a>DMA2_Error6_IrqHandler</STRONG> (Thumb, 2 bytes, Stack size 0 bytes, hc32f4a0_ll_interrupts_share.o(i.DMA2_Error6_IrqHandler))
<BR><BR>[Called By]<UL><LI><a href="#[8e]">&gt;&gt;</a>&nbsp;&nbsp;&nbsp;IRQ130_Handler
</UL>

<P><STRONG><a name="[ec]"></a>DMA2_Error7_IrqHandler</STRONG> (Thumb, 2 bytes, Stack size 0 bytes, hc32f4a0_ll_interrupts_share.o(i.DMA2_Error7_IrqHandler))
<BR><BR>[Called By]<UL><LI><a href="#[8e]">&gt;&gt;</a>&nbsp;&nbsp;&nbsp;IRQ130_Handler
</UL>

<P><STRONG><a name="[ed]"></a>DMA2_TC0_IrqHandler</STRONG> (Thumb, 2 bytes, Stack size 0 bytes, hc32f4a0_ll_interrupts_share.o(i.DMA2_TC0_IrqHandler))
<BR><BR>[Called By]<UL><LI><a href="#[8e]">&gt;&gt;</a>&nbsp;&nbsp;&nbsp;IRQ130_Handler
</UL>

<P><STRONG><a name="[ee]"></a>DMA2_TC1_IrqHandler</STRONG> (Thumb, 2 bytes, Stack size 0 bytes, hc32f4a0_ll_interrupts_share.o(i.DMA2_TC1_IrqHandler))
<BR><BR>[Called By]<UL><LI><a href="#[8e]">&gt;&gt;</a>&nbsp;&nbsp;&nbsp;IRQ130_Handler
</UL>

<P><STRONG><a name="[ef]"></a>DMA2_TC2_IrqHandler</STRONG> (Thumb, 2 bytes, Stack size 0 bytes, hc32f4a0_ll_interrupts_share.o(i.DMA2_TC2_IrqHandler))
<BR><BR>[Called By]<UL><LI><a href="#[8e]">&gt;&gt;</a>&nbsp;&nbsp;&nbsp;IRQ130_Handler
</UL>

<P><STRONG><a name="[f0]"></a>DMA2_TC3_IrqHandler</STRONG> (Thumb, 2 bytes, Stack size 0 bytes, hc32f4a0_ll_interrupts_share.o(i.DMA2_TC3_IrqHandler))
<BR><BR>[Called By]<UL><LI><a href="#[8e]">&gt;&gt;</a>&nbsp;&nbsp;&nbsp;IRQ130_Handler
</UL>

<P><STRONG><a name="[f1]"></a>DMA2_TC4_IrqHandler</STRONG> (Thumb, 2 bytes, Stack size 0 bytes, hc32f4a0_ll_interrupts_share.o(i.DMA2_TC4_IrqHandler))
<BR><BR>[Called By]<UL><LI><a href="#[8e]">&gt;&gt;</a>&nbsp;&nbsp;&nbsp;IRQ130_Handler
</UL>

<P><STRONG><a name="[f2]"></a>DMA2_TC5_IrqHandler</STRONG> (Thumb, 2 bytes, Stack size 0 bytes, hc32f4a0_ll_interrupts_share.o(i.DMA2_TC5_IrqHandler))
<BR><BR>[Called By]<UL><LI><a href="#[8e]">&gt;&gt;</a>&nbsp;&nbsp;&nbsp;IRQ130_Handler
</UL>

<P><STRONG><a name="[f3]"></a>DMA2_TC6_IrqHandler</STRONG> (Thumb, 2 bytes, Stack size 0 bytes, hc32f4a0_ll_interrupts_share.o(i.DMA2_TC6_IrqHandler))
<BR><BR>[Called By]<UL><LI><a href="#[8e]">&gt;&gt;</a>&nbsp;&nbsp;&nbsp;IRQ130_Handler
</UL>

<P><STRONG><a name="[f4]"></a>DMA2_TC7_IrqHandler</STRONG> (Thumb, 2 bytes, Stack size 0 bytes, hc32f4a0_ll_interrupts_share.o(i.DMA2_TC7_IrqHandler))
<BR><BR>[Called By]<UL><LI><a href="#[8e]">&gt;&gt;</a>&nbsp;&nbsp;&nbsp;IRQ130_Handler
</UL>

<P><STRONG><a name="[29b]"></a>DMA_ChCmd</STRONG> (Thumb, 80 bytes, Stack size 16 bytes, hc32_ll_dma.o(i.DMA_ChCmd), UNUSED, KEPT)
<BR><BR>[Stack]<UL><LI>Max Depth = 16<LI>Call Chain = DMA_ChCmd
</UL>
<BR>[Calls]<UL><LI><a href="#[a8]">&gt;&gt;</a>&nbsp;&nbsp;&nbsp;DDL_AssertHandler
</UL>
<BR>[Called By]<UL><LI><a href="#[25c]">&gt;&gt;</a>&nbsp;&nbsp;&nbsp;SD_IRQHandler
</UL>

<P><STRONG><a name="[f5]"></a>DVP_FifoError_IrqHandler</STRONG> (Thumb, 2 bytes, Stack size 0 bytes, hc32f4a0_ll_interrupts_share.o(i.DVP_FifoError_IrqHandler))
<BR><BR>[Called By]<UL><LI><a href="#[8e]">&gt;&gt;</a>&nbsp;&nbsp;&nbsp;IRQ130_Handler
</UL>

<P><STRONG><a name="[f6]"></a>DVP_FrameEnd_IrqHandler</STRONG> (Thumb, 2 bytes, Stack size 0 bytes, hc32f4a0_ll_interrupts_share.o(i.DVP_FrameEnd_IrqHandler))
<BR><BR>[Called By]<UL><LI><a href="#[8e]">&gt;&gt;</a>&nbsp;&nbsp;&nbsp;IRQ130_Handler
</UL>

<P><STRONG><a name="[f7]"></a>DVP_FrameStart_IrqHandler</STRONG> (Thumb, 2 bytes, Stack size 0 bytes, hc32f4a0_ll_interrupts_share.o(i.DVP_FrameStart_IrqHandler))
<BR><BR>[Called By]<UL><LI><a href="#[8e]">&gt;&gt;</a>&nbsp;&nbsp;&nbsp;IRQ130_Handler
</UL>

<P><STRONG><a name="[f8]"></a>DVP_LineEnd_IrqHandler</STRONG> (Thumb, 2 bytes, Stack size 0 bytes, hc32f4a0_ll_interrupts_share.o(i.DVP_LineEnd_IrqHandler))
<BR><BR>[Called By]<UL><LI><a href="#[8e]">&gt;&gt;</a>&nbsp;&nbsp;&nbsp;IRQ130_Handler
</UL>

<P><STRONG><a name="[f9]"></a>DVP_LineStart_IrqHandler</STRONG> (Thumb, 2 bytes, Stack size 0 bytes, hc32f4a0_ll_interrupts_share.o(i.DVP_LineStart_IrqHandler))
<BR><BR>[Called By]<UL><LI><a href="#[8e]">&gt;&gt;</a>&nbsp;&nbsp;&nbsp;IRQ130_Handler
</UL>

<P><STRONG><a name="[fa]"></a>DVP_SWSyncError_IrqHandler</STRONG> (Thumb, 2 bytes, Stack size 0 bytes, hc32f4a0_ll_interrupts_share.o(i.DVP_SWSyncError_IrqHandler))
<BR><BR>[Called By]<UL><LI><a href="#[8e]">&gt;&gt;</a>&nbsp;&nbsp;&nbsp;IRQ130_Handler
</UL>

<P><STRONG><a name="[fb]"></a>EFM_ColError_IrqHandler</STRONG> (Thumb, 2 bytes, Stack size 0 bytes, hc32f4a0_ll_interrupts_share.o(i.EFM_ColError_IrqHandler))
<BR><BR>[Called By]<UL><LI><a href="#[8d]">&gt;&gt;</a>&nbsp;&nbsp;&nbsp;IRQ129_Handler
</UL>

<P><STRONG><a name="[fc]"></a>EFM_OpEnd_IrqHandler</STRONG> (Thumb, 2 bytes, Stack size 0 bytes, hc32f4a0_ll_interrupts_share.o(i.EFM_OpEnd_IrqHandler))
<BR><BR>[Called By]<UL><LI><a href="#[8d]">&gt;&gt;</a>&nbsp;&nbsp;&nbsp;IRQ129_Handler
</UL>

<P><STRONG><a name="[fd]"></a>EFM_ProgramEraseError_IrqHandler</STRONG> (Thumb, 2 bytes, Stack size 0 bytes, hc32f4a0_ll_interrupts_share.o(i.EFM_ProgramEraseError_IrqHandler))
<BR><BR>[Called By]<UL><LI><a href="#[8d]">&gt;&gt;</a>&nbsp;&nbsp;&nbsp;IRQ129_Handler
</UL>

<P><STRONG><a name="[29c]"></a>EFM_SetWaitCycle</STRONG> (Thumb, 106 bytes, Stack size 24 bytes, hc32_ll_efm.o(i.EFM_SetWaitCycle))
<BR><BR>[Stack]<UL><LI>Max Depth = 24<LI>Call Chain = EFM_SetWaitCycle
</UL>
<BR>[Calls]<UL><LI><a href="#[a8]">&gt;&gt;</a>&nbsp;&nbsp;&nbsp;DDL_AssertHandler
</UL>
<BR>[Called By]<UL><LI><a href="#[375]">&gt;&gt;</a>&nbsp;&nbsp;&nbsp;systemClockConfig240MHZ
</UL>

<P><STRONG><a name="[fe]"></a>EMB_GR0_IrqHandler</STRONG> (Thumb, 2 bytes, Stack size 0 bytes, hc32f4a0_ll_interrupts_share.o(i.EMB_GR0_IrqHandler))
<BR><BR>[Called By]<UL><LI><a href="#[95]">&gt;&gt;</a>&nbsp;&nbsp;&nbsp;IRQ137_Handler
</UL>

<P><STRONG><a name="[ff]"></a>EMB_GR1_IrqHandler</STRONG> (Thumb, 2 bytes, Stack size 0 bytes, hc32f4a0_ll_interrupts_share.o(i.EMB_GR1_IrqHandler))
<BR><BR>[Called By]<UL><LI><a href="#[95]">&gt;&gt;</a>&nbsp;&nbsp;&nbsp;IRQ137_Handler
</UL>

<P><STRONG><a name="[100]"></a>EMB_GR2_IrqHandler</STRONG> (Thumb, 2 bytes, Stack size 0 bytes, hc32f4a0_ll_interrupts_share.o(i.EMB_GR2_IrqHandler))
[...]
<LI><a href="#[394]">&gt;&gt;</a>&nbsp;&nbsp;&nbsp;usbd_class_event_notify_handler
<LI><a href="#[393]">&gt;&gt;</a>&nbsp;&nbsp;&nbsp;usbd_set_address
</UL>
<BR>[Called By]<UL><LI><a href="#[39f]">&gt;&gt;</a>&nbsp;&nbsp;&nbsp;usbd_standard_request_handler
</UL>

<P><STRONG><a name="[3a4]"></a>usbd_std_endpoint_req_handler</STRONG> (Thumb, 188 bytes, Stack size 40 bytes, usbd_core.o(i.usbd_std_endpoint_req_handler))
<BR><BR>[Stack]<UL><LI>Max Depth = 64<LI>Call Chain = usbd_std_endpoint_req_handler &rArr; __2printf
</UL>
<BR>[Calls]<UL><LI><a href="#[3a5]">&gt;&gt;</a>&nbsp;&nbsp;&nbsp;is_device_configured
<LI><a href="#[392]">&gt;&gt;</a>&nbsp;&nbsp;&nbsp;usbd_ep_set_stall
<LI><a href="#[3a6]">&gt;&gt;</a>&nbsp;&nbsp;&nbsp;usbd_ep_is_stalled
<LI><a href="#[3a7]">&gt;&gt;</a>&nbsp;&nbsp;&nbsp;usbd_ep_clear_stall
<LI><a href="#[2d4]">&gt;&gt;</a>&nbsp;&nbsp;&nbsp;__2printf
</UL>
<BR>[Called By]<UL><LI><a href="#[39f]">&gt;&gt;</a>&nbsp;&nbsp;&nbsp;usbd_standard_request_handler
</UL>

<P><STRONG><a name="[3a3]"></a>usbd_std_interface_req_handler</STRONG> (Thumb, 296 bytes, Stack size 64 bytes, usbd_core.o(i.usbd_std_interface_req_handler))
<BR><BR>[Stack]<UL><LI>Max Depth = 160<LI>Call Chain = usbd_std_interface_req_handler &rArr; usbd_set_interface &rArr; usbd_set_endpoint &rArr; usbd_ep_open &rArr; __2printf
</UL>
<BR>[Calls]<UL><LI><a href="#[39e]">&gt;&gt;</a>&nbsp;&nbsp;&nbsp;usbd_set_interface
<LI><a href="#[3a5]">&gt;&gt;</a>&nbsp;&nbsp;&nbsp;is_device_configured
</UL>
<BR>[Called By]<UL><LI><a href="#[39f]">&gt;&gt;</a>&nbsp;&nbsp;&nbsp;usbd_standard_request_handler
</UL>

<P><STRONG><a name="[3a1]"></a>usbd_vendor_request_handler</STRONG> (Thumb, 326 bytes, Stack size 32 bytes, usbd_core.o(i.usbd_vendor_request_handler))
<BR><BR>[Stack]<UL><LI>Max Depth = 56<LI>Call Chain = usbd_vendor_request_handler &rArr; __2printf
</UL>
<BR>[Calls]<UL><LI><a href="#[2d4]">&gt;&gt;</a>&nbsp;&nbsp;&nbsp;__2printf
</UL>
<BR>[Called By]<UL><LI><a href="#[391]">&gt;&gt;</a>&nbsp;&nbsp;&nbsp;usbd_setup_request_handler
</UL>

<P><STRONG><a name="[2d3]"></a>SCSI_CBWDecode</STRONG> (Thumb, 426 bytes, Stack size 32 bytes, usbd_msc.o(i.SCSI_CBWDecode))
<BR><BR>[Stack]<UL><LI>Max Depth = 304<LI>Call Chain = SCSI_CBWDecode &rArr; SCSI_read12 &rArr; SCSI_processRead &rArr; usbd_msc_sector_read &rArr; SD_Read &rArr; SD_ReadBlocks &rArr; SD_ReadWriteFifo &rArr; SDMMC_CMD12_StopTrans &rArr; SDMMC_GetCmdResp1Busy &rArr; SDMMC_WaitResponse &rArr; SDIOC_GetIntStatus
</UL>
<BR>[Calls]<UL><LI><a href="#[2e3]">&gt;&gt;</a>&nbsp;&nbsp;&nbsp;usbd_msc_send_info
<LI><a href="#[2e4]">&gt;&gt;</a>&nbsp;&nbsp;&nbsp;usbd_msc_send_csw
<LI><a href="#[2e2]">&gt;&gt;</a>&nbsp;&nbsp;&nbsp;SCSI_write12
<LI><a href="#[2e1]">&gt;&gt;</a>&nbsp;&nbsp;&nbsp;SCSI_write10
<LI><a href="#[2d6]">&gt;&gt;</a>&nbsp;&nbsp;&nbsp;SCSI_testUnitReady
<LI><a href="#[2d9]">&gt;&gt;</a>&nbsp;&nbsp;&nbsp;SCSI_startStopUnit
<LI><a href="#[2d7]">&gt;&gt;</a>&nbsp;&nbsp;&nbsp;SCSI_requestSense
<LI><a href="#[2dd]">&gt;&gt;</a>&nbsp;&nbsp;&nbsp;SCSI_readFormatCapacity
<LI><a href="#[2de]">&gt;&gt;</a>&nbsp;&nbsp;&nbsp;SCSI_readCapacity10
<LI><a href="#[2e0]">&gt;&gt;</a>&nbsp;&nbsp;&nbsp;SCSI_read12
<LI><a href="#[2df]">&gt;&gt;</a>&nbsp;&nbsp;&nbsp;SCSI_read10
<LI><a href="#[2da]">&gt;&gt;</a>&nbsp;&nbsp;&nbsp;SCSI_preventAllowMediaRemoval
<LI><a href="#[2db]">&gt;&gt;</a>&nbsp;&nbsp;&nbsp;SCSI_modeSense6
<LI><a href="#[2dc]">&gt;&gt;</a>&nbsp;&nbsp;&nbsp;SCSI_modeSense10
<LI><a href="#[2d8]">&gt;&gt;</a>&nbsp;&nbsp;&nbsp;SCSI_inquiry
<LI><a href="#[2d5]">&gt;&gt;</a>&nbsp;&nbsp;&nbsp;SCSI_SetSenseData
<LI><a href="#[2d4]">&gt;&gt;</a>&nbsp;&nbsp;&nbsp;__2printf
</UL>
<BR>[Called By]<UL><LI><a href="#[a6]">&gt;&gt;</a>&nbsp;&nbsp;&nbsp;mass_storage_bulk_out
</UL>

<P><STRONG><a name="[2d5]"></a>SCSI_SetSenseData</STRONG> (Thumb, 28 bytes, Stack size 0 bytes, usbd_msc.o(i.SCSI_SetSenseData))
<BR><BR>[Called By]<UL><LI><a href="#[2e2]">&gt;&gt;</a>&nbsp;&nbsp;&nbsp;SCSI_write12
<LI><a href="#[2e1]">&gt;&gt;</a>&nbsp;&nbsp;&nbsp;SCSI_write10
<LI><a href="#[2d6]">&gt;&gt;</a>&nbsp;&nbsp;&nbsp;SCSI_testUnitReady
<LI><a href="#[2d9]">&gt;&gt;</a>&nbsp;&nbsp;&nbsp;SCSI_startStopUnit
<LI><a href="#[2d7]">&gt;&gt;</a>&nbsp;&nbsp;&nbsp;SCSI_requestSense
<LI><a href="#[2dd]">&gt;&gt;</a>&nbsp;&nbsp;&nbsp;SCSI_readFormatCapacity
<LI><a href="#[2de]">&gt;&gt;</a>&nbsp;&nbsp;&nbsp;SCSI_readCapacity10
<LI><a href="#[2e0]">&gt;&gt;</a>&nbsp;&nbsp;&nbsp;SCSI_read12
<LI><a href="#[2df]">&gt;&gt;</a>&nbsp;&nbsp;&nbsp;SCSI_read10
<LI><a href="#[2ea]">&gt;&gt;</a>&nbsp;&nbsp;&nbsp;SCSI_processWrite
<LI><a href="#[2e7]">&gt;&gt;</a>&nbsp;&nbsp;&nbsp;SCSI_processRead
<LI><a href="#[2da]">&gt;&gt;</a>&nbsp;&nbsp;&nbsp;SCSI_preventAllowMediaRemoval
<LI><a href="#[2db]">&gt;&gt;</a>&nbsp;&nbsp;&nbsp;SCSI_modeSense6
<LI><a href="#[2dc]">&gt;&gt;</a>&nbsp;&nbsp;&nbsp;SCSI_modeSense10
<LI><a href="#[2d8]">&gt;&gt;</a>&nbsp;&nbsp;&nbsp;SCSI_inquiry
<LI><a href="#[2d3]">&gt;&gt;</a>&nbsp;&nbsp;&nbsp;SCSI_CBWDecode
</UL>

<P><STRONG><a name="[2d8]"></a>SCSI_inquiry</STRONG> (Thumb, 156 bytes, Stack size 72 bytes, usbd_msc.o(i.SCSI_inquiry))
<BR><BR>[Stack]<UL><LI>Max Depth = 72<LI>Call Chain = SCSI_inquiry
</UL>
<BR>[Calls]<UL><LI><a href="#[2e5]">&gt;&gt;</a>&nbsp;&nbsp;&nbsp;__aeabi_memcpy4
<LI><a href="#[2e6]">&gt;&gt;</a>&nbsp;&nbsp;&nbsp;__aeabi_memcpy
<LI><a href="#[2d5]">&gt;&gt;</a>&nbsp;&nbsp;&nbsp;SCSI_SetSenseData
</UL>
<BR>[Called By]<UL><LI><a href="#[2d3]">&gt;&gt;</a>&nbsp;&nbsp;&nbsp;SCSI_CBWDecode
</UL>

<P><STRONG><a name="[2dc]"></a>SCSI_modeSense10</STRONG> (Thumb, 78 bytes, Stack size 48 bytes, usbd_msc.o(i.SCSI_modeSense10))
<BR><BR>[Stack]<UL><LI>Max Depth = 48<LI>Call Chain = SCSI_modeSense10
</UL>
<BR>[Calls]<UL><LI><a href="#[2e5]">&gt;&gt;</a>&nbsp;&nbsp;&nbsp;__aeabi_memcpy4
<LI><a href="#[2e6]">&gt;&gt;</a>&nbsp;&nbsp;&nbsp;__aeabi_memcpy
<LI><a href="#[2d5]">&gt;&gt;</a>&nbsp;&nbsp;&nbsp;SCSI_SetSenseData
</UL>
<BR>[Called By]<UL><LI><a href="#[2d3]">&gt;&gt;</a>&nbsp;&nbsp;&nbsp;SCSI_CBWDecode
</UL>

<P><STRONG><a name="[2db]"></a>SCSI_modeSense6</STRONG> (Thumb, 80 bytes, Stack size 16 bytes, usbd_msc.o(i.SCSI_modeSense6))
<BR><BR>[Stack]<UL><LI>Max Depth = 16<LI>Call Chain = SCSI_modeSense6
</UL>
<BR>[Calls]<UL><LI><a href="#[2e6]">&gt;&gt;</a>&nbsp;&nbsp;&nbsp;__aeabi_memcpy
<LI><a href="#[2d5]">&gt;&gt;</a>&nbsp;&nbsp;&nbsp;SCSI_SetSenseData
</UL>
<BR>[Called By]<UL><LI><a href="#[2d3]">&gt;&gt;</a>&nbsp;&nbsp;&nbsp;SCSI_CBWDecode
</UL>

<P><STRONG><a name="[2da]"></a>SCSI_preventAllowMediaRemoval</STRONG> (Thumb, 44 bytes, Stack size 8 bytes, usbd_msc.o(i.SCSI_preventAllowMediaRemoval))
<BR><BR>[Stack]<UL><LI>Max Depth = 8<LI>Call Chain = SCSI_preventAllowMediaRemoval
</UL>
<BR>[Calls]<UL><LI><a href="#[2d5]">&gt;&gt;</a>&nbsp;&nbsp;&nbsp;SCSI_SetSenseData
</UL>
<BR>[Called By]<UL><LI><a href="#[2d3]">&gt;&gt;</a>&nbsp;&nbsp;&nbsp;SCSI_CBWDecode
</UL>

<P><STRONG><a name="[2e7]"></a>SCSI_processRead</STRONG> (Thumb, 136 bytes, Stack size 24 bytes, usbd_msc.o(i.SCSI_processRead))
<BR><BR>[Stack]<UL><LI>Max Depth = 256<LI>Call Chain = SCSI_processRead &rArr; usbd_msc_sector_read &rArr; SD_Read &rArr; SD_ReadBlocks &rArr; SD_ReadWriteFifo &rArr; SDMMC_CMD12_StopTrans &rArr; SDMMC_GetCmdResp1Busy &rArr; SDMMC_WaitResponse &rArr; SDIOC_GetIntStatus
</UL>
<BR>[Calls]<UL><LI><a href="#[2e8]">&gt;&gt;</a>&nbsp;&nbsp;&nbsp;usbd_msc_sector_read
<LI><a href="#[2d5]">&gt;&gt;</a>&nbsp;&nbsp;&nbsp;SCSI_SetSenseData
<LI><a href="#[2e9]">&gt;&gt;</a>&nbsp;&nbsp;&nbsp;usbd_ep_start_write
</UL>
<BR>[Called By]<UL><LI><a href="#[a7]">&gt;&gt;</a>&nbsp;&nbsp;&nbsp;mass_storage_bulk_in
<LI><a href="#[2e0]">&gt;&gt;</a>&nbsp;&nbsp;&nbsp;SCSI_read12
<LI><a href="#[2df]">&gt;&gt;</a>&nbsp;&nbsp;&nbsp;SCSI_read10
</UL>

<P><STRONG><a name="[2ea]"></a>SCSI_processWrite</STRONG> (Thumb, 138 bytes, Stack size 24 bytes, usbd_msc.o(i.SCSI_processWrite))
<BR><BR>[Stack]<UL><LI>Max Depth = 256<LI>Call Chain = SCSI_processWrite &rArr; usbd_msc_sector_write &rArr; SD_Write &rArr; SD_WriteBlocks &rArr; SD_ReadWriteFifo &rArr; SDMMC_CMD12_StopTrans &rArr; SDMMC_GetCmdResp1Busy &rArr; SDMMC_WaitResponse &rArr; SDIOC_GetIntStatus
</UL>
<BR>[Calls]<UL><LI><a href="#[2eb]">&gt;&gt;</a>&nbsp;&nbsp;&nbsp;usbd_msc_sector_write
<LI><a href="#[2e4]">&gt;&gt;</a>&nbsp;&nbsp;&nbsp;usbd_msc_send_csw
<LI><a href="#[2d5]">&gt;&gt;</a>&nbsp;&nbsp;&nbsp;SCSI_SetSenseData
<LI><a href="#[2ec]">&gt;&gt;</a>&nbsp;&nbsp;&nbsp;usbd_ep_start_read
</UL>
<BR>[Called By]<UL><LI><a href="#[a6]">&gt;&gt;</a>&nbsp;&nbsp;&nbsp;mass_storage_bulk_out
</UL>

<P><STRONG><a name="[2df]"></a>SCSI_read10</STRONG> (Thumb, 154 bytes, Stack size 16 bytes, usbd_msc.o(i.SCSI_read10))
<BR><BR>[Stack]<UL><LI>Max Depth = 272<LI>Call Chain = SCSI_read10 &rArr; SCSI_processRead &rArr; usbd_msc_sector_read &rArr; SD_Read &rArr; SD_ReadBlocks &rArr; SD_ReadWriteFifo &rArr; SDMMC_CMD12_StopTrans &rArr; SDMMC_GetCmdResp1Busy &rArr; SDMMC_WaitResponse &rArr; SDIOC_GetIntStatus
</UL>
<BR>[Calls]<UL><LI><a href="#[2e7]">&gt;&gt;</a>&nbsp;&nbsp;&nbsp;SCSI_processRead
<LI><a href="#[2d5]">&gt;&gt;</a>&nbsp;&nbsp;&nbsp;SCSI_SetSenseData
<LI><a href="#[2d4]">&gt;&gt;</a>&nbsp;&nbsp;&nbsp;__2printf
</UL>
<BR>[Called By]<UL><LI><a href="#[2d3]">&gt;&gt;</a>&nbsp;&nbsp;&nbsp;SCSI_CBWDecode
</UL>

<P><STRONG><a name="[2e0]"></a>SCSI_read12</STRONG> (Thumb, 166 bytes, Stack size 16 bytes, usbd_msc.o(i.SCSI_read12))
<BR><BR>[Stack]<UL><LI>Max Depth = 272<LI>Call Chain = SCSI_read12 &rArr; SCSI_processRead &rArr; usbd_msc_sector_read &rArr; SD_Read &rArr; SD_ReadBlocks &rArr; SD_ReadWriteFifo &rArr; SDMMC_CMD12_StopTrans &rArr; SDMMC_GetCmdResp1Busy &rArr; SDMMC_WaitResponse &rArr; SDIOC_GetIntStatus
</UL>
<BR>[Calls]<UL><LI><a href="#[2e7]">&gt;&gt;</a>&nbsp;&nbsp;&nbsp;SCSI_processRead
<LI><a href="#[2d5]">&gt;&gt;</a>&nbsp;&nbsp;&nbsp;SCSI_SetSenseData
<LI><a href="#[2d4]">&gt;&gt;</a>&nbsp;&nbsp;&nbsp;__2printf
</UL>
<BR>[Called By]<UL><LI><a href="#[2d3]">&gt;&gt;</a>&nbsp;&nbsp;&nbsp;SCSI_CBWDecode
</UL>

<P><STRONG><a name="[2de]"></a>SCSI_readCapacity10</STRONG> (Thumb, 108 bytes, Stack size 16 bytes, usbd_msc.o(i.SCSI_readCapacity10))
<BR><BR>[Stack]<UL><LI>Max Depth = 16<LI>Call Chain = SCSI_readCapacity10
</UL>
<BR>[Calls]<UL><LI><a href="#[2d5]">&gt;&gt;</a>&nbsp;&nbsp;&nbsp;SCSI_SetSenseData
</UL>
<BR>[Called By]<UL><LI><a href="#[2d3]">&gt;&gt;</a>&nbsp;&nbsp;&nbsp;SCSI_CBWDecode
</UL>

<P><STRONG><a name="[2dd]"></a>SCSI_readFormatCapacity</STRONG> (Thumb, 114 bytes, Stack size 24 bytes, usbd_msc.o(i.SCSI_readFormatCapacity))
<BR><BR>[Stack]<UL><LI>Max Depth = 24<LI>Call Chain = SCSI_readFormatCapacity
</UL>
<BR>[Calls]<UL><LI><a href="#[2d5]">&gt;&gt;</a>&nbsp;&nbsp;&nbsp;SCSI_SetSenseData
</UL>
<BR>[Called By]<UL><LI><a href="#[2d3]">&gt;&gt;</a>&nbsp;&nbsp;&nbsp;SCSI_CBWDecode
</UL>

<P><STRONG><a name="[2d7]"></a>SCSI_requestSense</STRONG> (Thumb, 98 bytes, Stack size 40 bytes, usbd_msc.o(i.SCSI_requestSense))
<BR><BR>[Stack]<UL><LI>Max Depth = 40<LI>Call Chain = SCSI_requestSense
</UL>
<BR>[Calls]<UL><LI><a href="#[2e5]">&gt;&gt;</a>&nbsp;&nbsp;&nbsp;__aeabi_memcpy4
<LI><a href="#[2e6]">&gt;&gt;</a>&nbsp;&nbsp;&nbsp;__aeabi_memcpy
<LI><a href="#[2d5]">&gt;&gt;</a>&nbsp;&nbsp;&nbsp;SCSI_SetSenseData
</UL>
<BR>[Called By]<UL><LI><a href="#[2d3]">&gt;&gt;</a>&nbsp;&nbsp;&nbsp;SCSI_CBWDecode
</UL>

<P><STRONG><a name="[2d9]"></a>SCSI_startStopUnit</STRONG> (Thumb, 64 bytes, Stack size 8 bytes, usbd_msc.o(i.SCSI_startStopUnit))
<BR><BR>[Stack]<UL><LI>Max Depth = 8<LI>Call Chain = SCSI_startStopUnit
</UL>
<BR>[Calls]<UL><LI><a href="#[2d5]">&gt;&gt;</a>&nbsp;&nbsp;&nbsp;SCSI_SetSenseData
</UL>
<BR>[Called By]<UL><LI><a href="#[2d3]">&gt;&gt;</a>&nbsp;&nbsp;&nbsp;SCSI_CBWDecode
</UL>

<P><STRONG><a name="[2d6]"></a>SCSI_testUnitReady</STRONG> (Thumb, 44 bytes, Stack size 8 bytes, usbd_msc.o(i.SCSI_testUnitReady))
<BR><BR>[Stack]<UL><LI>Max Depth = 8<LI>Call Chain = SCSI_testUnitReady
</UL>
<BR>[Calls]<UL><LI><a href="#[2d5]">&gt;&gt;</a>&nbsp;&nbsp;&nbsp;SCSI_SetSenseData
</UL>
<BR>[Called By]<UL><LI><a href="#[2d3]">&gt;&gt;</a>&nbsp;&nbsp;&nbsp;SCSI_CBWDecode
</UL>

<P><STRONG><a name="[2e1]"></a>SCSI_write10</STRONG> (Thumb, 148 bytes, Stack size 16 bytes, usbd_msc.o(i.SCSI_write10))
<BR><BR>[Stack]<UL><LI>Max Depth = 40<LI>Call Chain = SCSI_write10 &rArr; usbd_ep_start_read
</UL>
<BR>[Calls]<UL><LI><a href="#[2d5]">&gt;&gt;</a>&nbsp;&nbsp;&nbsp;SCSI_SetSenseData
<LI><a href="#[2ec]">&gt;&gt;</a>&nbsp;&nbsp;&nbsp;usbd_ep_start_read
<LI><a href="#[2d4]">&gt;&gt;</a>&nbsp;&nbsp;&nbsp;__2printf
</UL>
<BR>[Called By]<UL><LI><a href="#[2d3]">&gt;&gt;</a>&nbsp;&nbsp;&nbsp;SCSI_CBWDecode
</UL>

<P><STRONG><a name="[2e2]"></a>SCSI_write12</STRONG> (Thumb, 160 bytes, Stack size 16 bytes, usbd_msc.o(i.SCSI_write12))
<BR><BR>[Stack]<UL><LI>Max Depth = 40<LI>Call Chain = SCSI_write12 &rArr; usbd_ep_start_read
</UL>
<BR>[Calls]<UL><LI><a href="#[2d5]">&gt;&gt;</a>&nbsp;&nbsp;&nbsp;SCSI_SetSenseData
<LI><a href="#[2ec]">&gt;&gt;</a>&nbsp;&nbsp;&nbsp;usbd_ep_start_read
<LI><a href="#[2d4]">&gt;&gt;</a>&nbsp;&nbsp;&nbsp;__2printf
</UL>
<BR>[Called By]<UL><LI><a href="#[2d3]">&gt;&gt;</a>&nbsp;&nbsp;&nbsp;SCSI_CBWDecode
</UL>

<P><STRONG><a name="[a4]"></a>msc_storage_class_interface_request_handler</STRONG> (Thumb, 76 bytes, Stack size 16 bytes, usbd_msc.o(i.msc_storage_class_interface_request_handler))
<BR><BR>[Stack]<UL><LI>Max Depth = 40<LI>Call Chain = msc_storage_class_interface_request_handler &rArr; __2printf
</UL>
<BR>[Calls]<UL><LI><a href="#[37b]">&gt;&gt;</a>&nbsp;&nbsp;&nbsp;usbd_msc_reset
<LI><a href="#[2d4]">&gt;&gt;</a>&nbsp;&nbsp;&nbsp;__2printf
</UL>
<BR>[Address Reference Count : 1]<UL><LI> usbd_msc.o(i.usbd_msc_init_intf)
</UL>
<P><STRONG><a name="[379]"></a>usbd_msc_bot_abort</STRONG> (Thumb, 66 bytes, Stack size 16 bytes, usbd_msc.o(i.usbd_msc_bot_abort))
<BR><BR>[Stack]<UL><LI>Max Depth = 40<LI>Call Chain = usbd_msc_bot_abort &rArr; usbd_ep_start_read
</UL>
<BR>[Calls]<UL><LI><a href="#[2ec]">&gt;&gt;</a>&nbsp;&nbsp;&nbsp;usbd_ep_start_read
<LI><a href="#[392]">&gt;&gt;</a>&nbsp;&nbsp;&nbsp;usbd_ep_set_stall
</UL>
<BR>[Called By]<UL><LI><a href="#[a6]">&gt;&gt;</a>&nbsp;&nbsp;&nbsp;mass_storage_bulk_out
</UL>

<P><STRONG><a name="[37b]"></a>usbd_msc_reset</STRONG> (Thumb, 24 bytes, Stack size 0 bytes, usbd_msc.o(i.usbd_msc_reset))
<BR><BR>[Called By]<UL><LI><a href="#[a5]">&gt;&gt;</a>&nbsp;&nbsp;&nbsp;msc_storage_notify_handler
<LI><a href="#[a4]">&gt;&gt;</a>&nbsp;&nbsp;&nbsp;msc_storage_class_interface_request_handler
</UL>

<P><STRONG><a name="[2e4]"></a>usbd_msc_send_csw</STRONG> (Thumb, 46 bytes, Stack size 8 bytes, usbd_msc.o(i.usbd_msc_send_csw))
<BR><BR>[Stack]<UL><LI>Max Depth = 32<LI>Call Chain = usbd_msc_send_csw &rArr; usbd_ep_start_write
</UL>
<BR>[Calls]<UL><LI><a href="#[2e9]">&gt;&gt;</a>&nbsp;&nbsp;&nbsp;usbd_ep_start_write
</UL>
<BR>[Called By]<UL><LI><a href="#[a6]">&gt;&gt;</a>&nbsp;&nbsp;&nbsp;mass_storage_bulk_out
<LI><a href="#[a7]">&gt;&gt;</a>&nbsp;&nbsp;&nbsp;mass_storage_bulk_in
<LI><a href="#[2ea]">&gt;&gt;</a>&nbsp;&nbsp;&nbsp;SCSI_processWrite
<LI><a href="#[2d3]">&gt;&gt;</a>&nbsp;&nbsp;&nbsp;SCSI_CBWDecode
</UL>

<P><STRONG><a name="[2e3]"></a>usbd_msc_send_info</STRONG> (Thumb, 62 bytes, Stack size 16 bytes, usbd_msc.o(i.usbd_msc_send_info))
<BR><BR>[Stack]<UL><LI>Max Depth = 40<LI>Call Chain = usbd_msc_send_info &rArr; usbd_ep_start_write
</UL>
<BR>[Calls]<UL><LI><a href="#[2e9]">&gt;&gt;</a>&nbsp;&nbsp;&nbsp;usbd_ep_start_write
</UL>
<BR>[Called By]<UL><LI><a href="#[2d3]">&gt;&gt;</a>&nbsp;&nbsp;&nbsp;SCSI_CBWDecode
</UL>

<P><STRONG><a name="[397]"></a>usdb_msc_set_max_lun</STRONG> (Thumb, 22 bytes, Stack size 0 bytes, usbd_msc.o(i.usdb_msc_set_max_lun))
<BR><BR>[Called By]<UL><LI><a href="#[37d]">&gt;&gt;</a>&nbsp;&nbsp;&nbsp;usbd_msc_init_intf
</UL>

<P><STRONG><a name="[348]"></a>dwc2_ep0_start_read_setup</STRONG> (Thumb, 58 bytes, Stack size 0 bytes, usb_dc_dwc2.o(i.dwc2_ep0_start_read_setup))
<BR><BR>[Called By]<UL><LI><a href="#[25d]">&gt;&gt;</a>&nbsp;&nbsp;&nbsp;USBD_IRQHandler
</UL>

<P><STRONG><a name="[34b]"></a>dwc2_flush_rxfifo</STRONG> (Thumb, 66 bytes, Stack size 12 bytes, usb_dc_dwc2.o(i.dwc2_flush_rxfifo))
<BR><BR>[Stack]<UL><LI>Max Depth = 12<LI>Call Chain = dwc2_flush_rxfifo
</UL>
<BR>[Called By]<UL><LI><a href="#[25d]">&gt;&gt;</a>&nbsp;&nbsp;&nbsp;USBD_IRQHandler
<LI><a href="#[38a]">&gt;&gt;</a>&nbsp;&nbsp;&nbsp;usb_dc_init
</UL>

<P><STRONG><a name="[34a]"></a>dwc2_flush_txfifo</STRONG> (Thumb, 70 bytes, Stack size 16 bytes, usb_dc_dwc2.o(i.dwc2_flush_txfifo))
<BR><BR>[Stack]<UL><LI>Max Depth = 16<LI>Call Chain = dwc2_flush_txfifo
</UL>
<BR>[Called By]<UL><LI><a href="#[25d]">&gt;&gt;</a>&nbsp;&nbsp;&nbsp;USBD_IRQHandler
<LI><a href="#[390]">&gt;&gt;</a>&nbsp;&nbsp;&nbsp;usbd_ep_open
<LI><a href="#[38a]">&gt;&gt;</a>&nbsp;&nbsp;&nbsp;usb_dc_init
</UL>

<P><STRONG><a name="[34d]"></a>dwc2_get_devspeed</STRONG> (Thumb, 40 bytes, Stack size 0 bytes, usb_dc_dwc2.o(i.dwc2_get_devspeed))
<BR><BR>[Called By]<UL><LI><a href="#[25d]">&gt;&gt;</a>&nbsp;&nbsp;&nbsp;USBD_IRQHandler
</UL>

<P><STRONG><a name="[34e]"></a>dwc2_set_turnaroundtime</STRONG> (Thumb, 188 bytes, Stack size 0 bytes, usb_dc_dwc2.o(i.dwc2_set_turnaroundtime))
<BR><BR>[Called By]<UL><LI><a href="#[25d]">&gt;&gt;</a>&nbsp;&nbsp;&nbsp;USBD_IRQHandler
</UL>

<P><STRONG><a name="[366]"></a>dwc2_set_txfifo</STRONG> (Thumb, 102 bytes, Stack size 24 bytes, usb_dc_dwc2.o(i.dwc2_set_txfifo))
<BR><BR>[Stack]<UL><LI>Max Depth = 48<LI>Call Chain = dwc2_set_txfifo &rArr; __2printf
</UL>
<BR>[Calls]<UL><LI><a href="#[2d4]">&gt;&gt;</a>&nbsp;&nbsp;&nbsp;__2printf
</UL>
<BR>[Called By]<UL><LI><a href="#[38a]">&gt;&gt;</a>&nbsp;&nbsp;&nbsp;usb_dc_init
</UL>

<P><STRONG><a name="[349]"></a>dwc2_tx_fifo_empty_procecss</STRONG> (Thumb, 236 bytes, Stack size 36 bytes, usb_dc_dwc2.o(i.dwc2_tx_fifo_empty_procecss))
<BR><BR>[Stack]<UL><LI>Max Depth = 52<LI>Call Chain = dwc2_tx_fifo_empty_procecss &rArr; dwc2_ep_write
</UL>
<BR>[Calls]<UL><LI><a href="#[367]">&gt;&gt;</a>&nbsp;&nbsp;&nbsp;dwc2_ep_write
</UL>
<BR>[Called By]<UL><LI><a href="#[25d]">&gt;&gt;</a>&nbsp;&nbsp;&nbsp;USBD_IRQHandler
</UL>

<P><STRONG><a name="[351]"></a>_fp_digits</STRONG> (Thumb, 366 bytes, Stack size 64 bytes, printfa.o(i._fp_digits), UNUSED)
<BR><BR>[Calls]<UL><LI><a href="#[27b]">&gt;&gt;</a>&nbsp;&nbsp;&nbsp;__aeabi_ddiv
<LI><a href="#[27a]">&gt;&gt;</a>&nbsp;&nbsp;&nbsp;__aeabi_dmul
<LI><a href="#[274]">&gt;&gt;</a>&nbsp;&nbsp;&nbsp;__aeabi_dadd
<LI><a href="#[352]">&gt;&gt;</a>&nbsp;&nbsp;&nbsp;__aeabi_cdrcmple
<LI><a href="#[268]">&gt;&gt;</a>&nbsp;&nbsp;&nbsp;__aeabi_uldivmod
<LI><a href="#[281]">&gt;&gt;</a>&nbsp;&nbsp;&nbsp;__aeabi_d2ulz
</UL>
<BR>[Called By]<UL><LI><a href="#[350]">&gt;&gt;</a>&nbsp;&nbsp;&nbsp;_printf_core
</UL>

<P><STRONG><a name="[350]"></a>_printf_core</STRONG> (Thumb, 1704 bytes, Stack size 136 bytes, printfa.o(i._printf_core), UNUSED)
<BR><BR>[Calls]<UL><LI><a href="#[268]">&gt;&gt;</a>&nbsp;&nbsp;&nbsp;__aeabi_uldivmod
<LI><a href="#[355]">&gt;&gt;</a>&nbsp;&nbsp;&nbsp;__aeabi_uidivmod
<LI><a href="#[353]">&gt;&gt;</a>&nbsp;&nbsp;&nbsp;_printf_pre_padding
<LI><a href="#[354]">&gt;&gt;</a>&nbsp;&nbsp;&nbsp;_printf_post_padding
<LI><a href="#[351]">&gt;&gt;</a>&nbsp;&nbsp;&nbsp;_fp_digits
</UL>
<BR>[Called By]<UL><LI><a href="#[34f]">&gt;&gt;</a>&nbsp;&nbsp;&nbsp;__0printf
</UL>

<P><STRONG><a name="[354]"></a>_printf_post_padding</STRONG> (Thumb, 36 bytes, Stack size 24 bytes, printfa.o(i._printf_post_padding), UNUSED)
<BR><BR>[Called By]<UL><LI><a href="#[350]">&gt;&gt;</a>&nbsp;&nbsp;&nbsp;_printf_core
</UL>

<P><STRONG><a name="[353]"></a>_printf_pre_padding</STRONG> (Thumb, 46 bytes, Stack size 24 bytes, printfa.o(i._printf_pre_padding), UNUSED)
<BR><BR>[Called By]<UL><LI><a href="#[350]">&gt;&gt;</a>&nbsp;&nbsp;&nbsp;_printf_core
</UL>
<P>
<H3>
Undefined Global Symbols
</H3><HR></body></html>
