Component: ARM Compiler 5.06 update 7 (build 960) Tool: armlink [4d3601]

==============================================================================

Section Cross References

    system_hc32f4a0.o(i.SystemCoreClockUpdate) refers to system_hc32f4a0.o(.bss.noinit) for .bss.noinit
    system_hc32f4a0.o(i.SystemInit) refers to system_hc32f4a0.o(i.SystemCoreClockUpdate) for SystemCoreClockUpdate
    startup_hc32f4a0.o(RESET) refers to startup_hc32f4a0.o(STACK) for __initial_sp
    startup_hc32f4a0.o(RESET) refers to startup_hc32f4a0.o(.text) for Reset_Handler
    startup_hc32f4a0.o(RESET) refers to hc32_ll_interrupts.o(i.IRQ000_Handler) for IRQ000_Handler
    startup_hc32f4a0.o(RESET) refers to hc32_ll_interrupts.o(i.IRQ001_Handler) for IRQ001_Handler
    startup_hc32f4a0.o(RESET) refers to hc32_ll_interrupts.o(i.IRQ002_Handler) for IRQ002_Handler
    startup_hc32f4a0.o(RESET) refers to hc32_ll_interrupts.o(i.IRQ003_Handler) for IRQ003_Handler
    startup_hc32f4a0.o(RESET) refers to hc32_ll_interrupts.o(i.IRQ004_Handler) for IRQ004_Handler
    startup_hc32f4a0.o(RESET) refers to hc32_ll_interrupts.o(i.IRQ005_Handler) for IRQ005_Handler
    startup_hc32f4a0.o(RESET) refers to hc32_ll_interrupts.o(i.IRQ006_Handler) for IRQ006_Handler
    startup_hc32f4a0.o(RESET) refers to hc32_ll_interrupts.o(i.IRQ007_Handler) for IRQ007_Handler
    startup_hc32f4a0.o(RESET) refers to hc32_ll_interrupts.o(i.IRQ008_Handler) for IRQ008_Handler
    startup_hc32f4a0.o(RESET) refers to hc32_ll_interrupts.o(i.IRQ009_Handler) for IRQ009_Handler
    startup_hc32f4a0.o(RESET) refers to hc32_ll_interrupts.o(i.IRQ010_Handler) for IRQ010_Handler
    startup_hc32f4a0.o(RESET) refers to hc32_ll_interrupts.o(i.IRQ011_Handler) for IRQ011_Handler
    startup_hc32f4a0.o(RESET) refers to hc32_ll_interrupts.o(i.IRQ012_Handler) for IRQ012_Handler
    startup_hc32f4a0.o(RESET) refers to hc32_ll_interrupts.o(i.IRQ013_Handler) for IRQ013_Handler
    startup_hc32f4a0.o(RESET) refers to hc32_ll_interrupts.o(i.IRQ014_Handler) for IRQ014_Handler
    startup_hc32f4a0.o(RESET) refers to hc32_ll_interrupts.o(i.IRQ015_Handler) for IRQ015_Handler
    startup_hc32f4a0.o(RESET) refers to hc32_ll_interrupts.o(i.IRQ016_Handler) for IRQ016_Handler
    startup_hc32f4a0.o(RESET) refers to hc32_ll_interrupts.o(i.IRQ017_Handler) for IRQ017_Handler
    startup_hc32f4a0.o(RESET) refers to hc32_ll_interrupts.o(i.IRQ018_Handler) for IRQ018_Handler
    startup_hc32f4a0.o(RESET) refers to hc32_ll_interrupts.o(i.IRQ019_Handler) for IRQ019_Handler
    startup_hc32f4a0.o(RESET) refers to hc32_ll_interrupts.o(i.IRQ020_Handler) for IRQ020_Handler
    startup_hc32f4a0.o(RESET) refers to hc32_ll_interrupts.o(i.IRQ021_Handler) for IRQ021_Handler
    startup_hc32f4a0.o(RESET) refers to hc32_ll_interrupts.o(i.IRQ022_Handler) for IRQ022_Handler
    startup_hc32f4a0.o(RESET) refers to hc32_ll_interrupts.o(i.IRQ023_Handler) for IRQ023_Handler
    startup_hc32f4a0.o(RESET) refers to hc32_ll_interrupts.o(i.IRQ024_Handler) for IRQ024_Handler
    startup_hc32f4a0.o(RESET) refers to hc32_ll_interrupts.o(i.IRQ025_Handler) for IRQ025_Handler
    startup_hc32f4a0.o(RESET) refers to hc32_ll_interrupts.o(i.IRQ026_Handler) for IRQ026_Handler
    startup_hc32f4a0.o(RESET) refers to hc32_ll_interrupts.o(i.IRQ027_Handler) for IRQ027_Handler
    startup_hc32f4a0.o(RESET) refers to hc32_ll_interrupts.o(i.IRQ028_Handler) for IRQ028_Handler
    startup_hc32f4a0.o(RESET) refers to hc32_ll_interrupts.o(i.IRQ029_Handler) for IRQ029_Handler
    startup_hc32f4a0.o(RESET) refers to hc32_ll_interrupts.o(i.IRQ030_Handler) for IRQ030_Handler
    startup_hc32f4a0.o(RESET) refers to hc32_ll_interrupts.o(i.IRQ031_Handler) for IRQ031_Handler
    startup_hc32f4a0.o(RESET) refers to hc32_ll_interrupts.o(i.IRQ032_Handler) for IRQ032_Handler
    startup_hc32f4a0.o(RESET) refers to hc32_ll_interrupts.o(i.IRQ033_Handler) for IRQ033_Handler
    startup_hc32f4a0.o(RESET) refers to hc32_ll_interrupts.o(i.IRQ034_Handler) for IRQ034_Handler
    startup_hc32f4a0.o(RESET) refers to hc32_ll_interrupts.o(i.IRQ035_Handler) for IRQ035_Handler
    startup_hc32f4a0.o(RESET) refers to hc32_ll_interrupts.o(i.IRQ036_Handler) for IRQ036_Handler
    startup_hc32f4a0.o(RESET) refers to hc32_ll_interrupts.o(i.IRQ037_Handler) for IRQ037_Handler
    startup_hc32f4a0.o(RESET) refers to hc32_ll_interrupts.o(i.IRQ038_Handler) for IRQ038_Handler
    startup_hc32f4a0.o(RESET) refers to hc32_ll_interrupts.o(i.IRQ039_Handler) for IRQ039_Handler
    startup_hc32f4a0.o(RESET) refers to hc32_ll_interrupts.o(i.IRQ040_Handler) for IRQ040_Handler
    startup_hc32f4a0.o(RESET) refers to hc32_ll_interrupts.o(i.IRQ041_Handler) for IRQ041_Handler
    startup_hc32f4a0.o(RESET) refers to hc32_ll_interrupts.o(i.IRQ042_Handler) for IRQ042_Handler
    startup_hc32f4a0.o(RESET) refers to hc32_ll_interrupts.o(i.IRQ043_Handler) for IRQ043_Handler
    startup_hc32f4a0.o(RESET) refers to hc32_ll_interrupts.o(i.IRQ044_Handler) for IRQ044_Handler
[...]
    0x00001ed0   0x00001ed0   0x00000002   Code   RO         3809    i.I2S4_Error_IrqHandler  hc32f4a0_ll_interrupts_share.o
    0x00001ed2   0x00001ed2   0x00000002   Code   RO         3810    i.I2S4_Rx_IrqHandler  hc32f4a0_ll_interrupts_share.o
    0x00001ed4   0x00001ed4   0x00000002   Code   RO         3811    i.I2S4_Tx_IrqHandler  hc32f4a0_ll_interrupts_share.o
    0x00001ed6   0x00001ed6   0x00000002   PAD
    0x00001ed8   0x00001ed8   0x000000c8   Code   RO         1735    i.INTC_IrqSignIn    hc32_ll_interrupts.o
    0x00001fa0   0x00001fa0   0x00000080   Code   RO         3812    i.INTC_ShareIrqCmd  hc32f4a0_ll_interrupts_share.o
    0x00002020   0x00002020   0x00000014   Code   RO         1740    i.IRQ000_Handler    hc32_ll_interrupts.o
    0x00002034   0x00002034   0x00000014   Code   RO         1741    i.IRQ001_Handler    hc32_ll_interrupts.o
    0x00002048   0x00002048   0x00000014   Code   RO         1742    i.IRQ002_Handler    hc32_ll_interrupts.o
    0x0000205c   0x0000205c   0x00000014   Code   RO         1743    i.IRQ003_Handler    hc32_ll_interrupts.o
    0x00002070   0x00002070   0x00000014   Code   RO         1744    i.IRQ004_Handler    hc32_ll_interrupts.o
    0x00002084   0x00002084   0x00000014   Code   RO         1745    i.IRQ005_Handler    hc32_ll_interrupts.o
    0x00002098   0x00002098   0x00000014   Code   RO         1746    i.IRQ006_Handler    hc32_ll_interrupts.o
    0x000020ac   0x000020ac   0x00000014   Code   RO         1747    i.IRQ007_Handler    hc32_ll_interrupts.o
    0x000020c0   0x000020c0   0x00000014   Code   RO         1748    i.IRQ008_Handler    hc32_ll_interrupts.o
    0x000020d4   0x000020d4   0x00000014   Code   RO         1749    i.IRQ009_Handler    hc32_ll_interrupts.o
    0x000020e8   0x000020e8   0x00000014   Code   RO         1750    i.IRQ010_Handler    hc32_ll_interrupts.o
    0x000020fc   0x000020fc   0x00000014   Code   RO         1751    i.IRQ011_Handler    hc32_ll_interrupts.o
    0x00002110   0x00002110   0x00000014   Code   RO         1752    i.IRQ012_Handler    hc32_ll_interrupts.o
    0x00002124   0x00002124   0x00000014   Code   RO         1753    i.IRQ013_Handler    hc32_ll_interrupts.o
    0x00002138   0x00002138   0x00000014   Code   RO         1754    i.IRQ014_Handler    hc32_ll_interrupts.o
    0x0000214c   0x0000214c   0x00000014   Code   RO         1755    i.IRQ015_Handler    hc32_ll_interrupts.o
    0x00002160   0x00002160   0x00000014   Code   RO         1756    i.IRQ016_Handler    hc32_ll_interrupts.o
    0x00002174   0x00002174   0x00000014   Code   RO         1757    i.IRQ017_Handler    hc32_ll_interrupts.o
    0x00002188   0x00002188   0x00000014   Code   RO         1758    i.IRQ018_Handler    hc32_ll_interrupts.o
    0x0000219c   0x0000219c   0x00000014   Code   RO         1759    i.IRQ019_Handler    hc32_ll_interrupts.o
    0x000021b0   0x000021b0   0x00000014   Code   RO         1760    i.IRQ020_Handler    hc32_ll_interrupts.o
    0x000021c4   0x000021c4   0x00000014   Code   RO         1761    i.IRQ021_Handler    hc32_ll_interrupts.o
    0x000021d8   0x000021d8   0x00000014   Code   RO         1762    i.IRQ022_Handler    hc32_ll_interrupts.o
    0x000021ec   0x000021ec   0x00000014   Code   RO         1763    i.IRQ023_Handler    hc32_ll_interrupts.o
    0x00002200   0x00002200   0x00000014   Code   RO         1764    i.IRQ024_Handler    hc32_ll_interrupts.o
    0x00002214   0x00002214   0x00000014   Code   RO         1765    i.IRQ025_Handler    hc32_ll_interrupts.o
    0x00002228   0x00002228   0x00000014   Code   RO         1766    i.IRQ026_Handler    hc32_ll_interrupts.o
    0x0000223c   0x0000223c   0x00000014   Code   RO         1767    i.IRQ027_Handler    hc32_ll_interrupts.o
    0x00002250   0x00002250   0x00000014   Code   RO         1768    i.IRQ028_Handler    hc32_ll_interrupts.o
    0x00002264   0x00002264   0x00000014   Code   RO         1769    i.IRQ029_Handler    hc32_ll_interrupts.o
    0x00002278   0x00002278   0x00000014   Code   RO         1770    i.IRQ030_Handler    hc32_ll_interrupts.o
    0x0000228c   0x0000228c   0x00000014   Code   RO         1771    i.IRQ031_Handler    hc32_ll_interrupts.o
    0x000022a0   0x000022a0   0x00000014   Code   RO         1772    i.IRQ032_Handler    hc32_ll_interrupts.o
    0x000022b4   0x000022b4   0x00000014   Code   RO         1773    i.IRQ033_Handler    hc32_ll_interrupts.o
    0x000022c8   0x000022c8   0x00000014   Code   RO         1774    i.IRQ034_Handler    hc32_ll_interrupts.o
    0x000022dc   0x000022dc   0x00000014   Code   RO         1775    i.IRQ035_Handler    hc32_ll_interrupts.o
    0x000022f0   0x000022f0   0x00000014   Code   RO         1776    i.IRQ036_Handler    hc32_ll_interrupts.o
    0x00002304   0x00002304   0x00000014   Code   RO         1777    i.IRQ037_Handler    hc32_ll_interrupts.o
    0x00002318   0x00002318   0x00000014   Code   RO         1778    i.IRQ038_Handler    hc32_ll_interrupts.o
    0x0000232c   0x0000232c   0x00000014   Code   RO         1779    i.IRQ039_Handler    hc32_ll_interrupts.o
    0x00002340   0x00002340   0x00000014   Code   RO         1780    i.IRQ040_Handler    hc32_ll_interrupts.o
    0x00002354   0x00002354   0x00000014   Code   RO         1781    i.IRQ041_Handler    hc32_ll_interrupts.o
    0x00002368   0x00002368   0x00000014   Code   RO         1782    i.IRQ042_Handler    hc32_ll_interrupts.o
    0x0000237c   0x0000237c   0x00000014   Code   RO         1783    i.IRQ043_Handler    hc32_ll_interrupts.o
    0x00002390   0x00002390   0x00000014   Code   RO         1784    i.IRQ044_Handler    hc32_ll_interrupts.o
    0x000023a4   0x000023a4   0x00000014   Code   RO         1785    i.IRQ045_Handler    hc32_ll_interrupts.o
    0x000023b8   0x000023b8   0x00000014   Code   RO         1786    i.IRQ046_Handler    hc32_ll_interrupts.o
    0x000023cc   0x000023cc   0x00000014   Code   RO         1787    i.IRQ047_Handler    hc32_ll_interrupts.o
    0x000023e0   0x000023e0   0x00000014   Code   RO         1788    i.IRQ048_Handler    hc32_ll_interrupts.o
    0x000023f4   0x000023f4   0x00000014   Code   RO         1789    i.IRQ049_Handler    hc32_ll_interrupts.o
    0x00002408   0x00002408   0x00000014   Code   RO         1790    i.IRQ050_Handler    hc32_ll_interrupts.o
    0x0000241c   0x0000241c   0x00000014   Code   RO         1791    i.IRQ051_Handler    hc32_ll_interrupts.o
    0x00002430   0x00002430   0x00000014   Code   RO         1792    i.IRQ052_Handler    hc32_ll_interrupts.o
    0x00002444   0x00002444   0x00000014   Code   RO         1793    i.IRQ053_Handler    hc32_ll_interrupts.o
    0x00002458   0x00002458   0x00000014   Code   RO         1794    i.IRQ054_Handler    hc32_ll_interrupts.o
    0x0000246c   0x0000246c   0x00000014   Code   RO         1795    i.IRQ055_Handler    hc32_ll_interrupts.o
    0x00002480   0x00002480   0x00000014   Code   RO         1796    i.IRQ056_Handler    hc32_ll_interrupts.o
    0x00002494   0x00002494   0x00000014   Code   RO         1797    i.IRQ057_Handler    hc32_ll_interrupts.o
    0x000024a8   0x000024a8   0x00000014   Code   RO         1798    i.IRQ058_Handler    hc32_ll_interrupts.o
    0x000024bc   0x000024bc   0x00000014   Code   RO         1799    i.IRQ059_Handler    hc32_ll_interrupts.o
    0x000024d0   0x000024d0   0x00000014   Code   RO         1800    i.IRQ060_Handler    hc32_ll_interrupts.o
    0x000024e4   0x000024e4   0x00000014   Code   RO         1801    i.IRQ061_Handler    hc32_ll_interrupts.o
    0x000024f8   0x000024f8   0x00000014   Code   RO         1802    i.IRQ062_Handler    hc32_ll_interrupts.o
    0x0000250c   0x0000250c   0x00000014   Code   RO         1803    i.IRQ063_Handler    hc32_ll_interrupts.o
    0x00002520   0x00002520   0x00000014   Code   RO         1804    i.IRQ064_Handler    hc32_ll_interrupts.o
    0x00002534   0x00002534   0x00000014   Code   RO         1805    i.IRQ065_Handler    hc32_ll_interrupts.o
    0x00002548   0x00002548   0x00000014   Code   RO         1806    i.IRQ066_Handler    hc32_ll_interrupts.o
    0x0000255c   0x0000255c   0x00000014   Code   RO         1807    i.IRQ067_Handler    hc32_ll_interrupts.o
    0x00002570   0x00002570   0x00000014   Code   RO         1808    i.IRQ068_Handler    hc32_ll_interrupts.o
    0x00002584   0x00002584   0x00000014   Code   RO         1809    i.IRQ069_Handler    hc32_ll_interrupts.o
    0x00002598   0x00002598   0x00000014   Code   RO         1810    i.IRQ070_Handler    hc32_ll_interrupts.o
    0x000025ac   0x000025ac   0x00000014   Code   RO         1811    i.IRQ071_Handler    hc32_ll_interrupts.o
    0x000025c0   0x000025c0   0x00000014   Code   RO         1812    i.IRQ072_Handler    hc32_ll_interrupts.o
    0x000025d4   0x000025d4   0x00000014   Code   RO         1813    i.IRQ073_Handler    hc32_ll_interrupts.o
    0x000025e8   0x000025e8   0x00000014   Code   RO         1814    i.IRQ074_Handler    hc32_ll_interrupts.o
    0x000025fc   0x000025fc   0x00000014   Code   RO         1815    i.IRQ075_Handler    hc32_ll_interrupts.o
    0x00002610   0x00002610   0x00000014   Code   RO         1816    i.IRQ076_Handler    hc32_ll_interrupts.o
    0x00002624   0x00002624   0x00000014   Code   RO         1817    i.IRQ077_Handler    hc32_ll_interrupts.o
    0x00002638   0x00002638   0x00000014   Code   RO         1818    i.IRQ078_Handler    hc32_ll_interrupts.o
    0x0000264c   0x0000264c   0x00000014   Code   RO         1819    i.IRQ079_Handler    hc32_ll_interrupts.o
    0x00002660   0x00002660   0x00000014   Code   RO         1820    i.IRQ080_Handler    hc32_ll_interrupts.o
    0x00002674   0x00002674   0x00000014   Code   RO         1821    i.IRQ081_Handler    hc32_ll_interrupts.o
    0x00002688   0x00002688   0x00000014   Code   RO         1822    i.IRQ082_Handler    hc32_ll_interrupts.o
    0x0000269c   0x0000269c   0x00000014   Code   RO         1823    i.IRQ083_Handler    hc32_ll_interrupts.o
    0x000026b0   0x000026b0   0x00000014   Code   RO         1824    i.IRQ084_Handler    hc32_ll_interrupts.o
    0x000026c4   0x000026c4   0x00000014   Code   RO         1825    i.IRQ085_Handler    hc32_ll_interrupts.o
    0x000026d8   0x000026d8   0x00000014   Code   RO         1826    i.IRQ086_Handler    hc32_ll_interrupts.o
    0x000026ec   0x000026ec   0x00000014   Code   RO         1827    i.IRQ087_Handler    hc32_ll_interrupts.o
    0x00002700   0x00002700   0x00000014   Code   RO         1828    i.IRQ088_Handler    hc32_ll_interrupts.o
    0x00002714   0x00002714   0x00000014   Code   RO         1829    i.IRQ089_Handler    hc32_ll_interrupts.o
    0x00002728   0x00002728   0x00000014   Code   RO         1830    i.IRQ090_Handler    hc32_ll_interrupts.o
    0x0000273c   0x0000273c   0x00000014   Code   RO         1831    i.IRQ091_Handler    hc32_ll_interrupts.o
    0x00002750   0x00002750   0x00000014   Code   RO         1832    i.IRQ092_Handler    hc32_ll_interrupts.o
    0x00002764   0x00002764   0x00000014   Code   RO         1833    i.IRQ093_Handler    hc32_ll_interrupts.o
    0x00002778   0x00002778   0x00000014   Code   RO         1834    i.IRQ094_Handler    hc32_ll_interrupts.o
    0x0000278c   0x0000278c   0x00000014   Code   RO         1835    i.IRQ095_Handler    hc32_ll_interrupts.o
    0x000027a0   0x000027a0   0x00000014   Code   RO         1836    i.IRQ096_Handler    hc32_ll_interrupts.o
    0x000027b4   0x000027b4   0x00000014   Code   RO         1837    i.IRQ097_Handler    hc32_ll_interrupts.o
    0x000027c8   0x000027c8   0x00000014   Code   RO         1838    i.IRQ098_Handler    hc32_ll_interrupts.o
    0x000027dc   0x000027dc   0x00000014   Code   RO         1839    i.IRQ099_Handler    hc32_ll_interrupts.o
    0x000027f0   0x000027f0   0x00000014   Code   RO         1840    i.IRQ100_Handler    hc32_ll_interrupts.o
    0x00002804   0x00002804   0x00000014   Code   RO         1841    i.IRQ101_Handler    hc32_ll_interrupts.o
    0x00002818   0x00002818   0x00000014   Code   RO         1842    i.IRQ102_Handler    hc32_ll_interrupts.o
    0x0000282c   0x0000282c   0x00000014   Code   RO         1843    i.IRQ103_Handler    hc32_ll_interrupts.o
    0x00002840   0x00002840   0x00000014   Code   RO         1844    i.IRQ104_Handler    hc32_ll_interrupts.o
    0x00002854   0x00002854   0x00000014   Code   RO         1845    i.IRQ105_Handler    hc32_ll_interrupts.o
    0x00002868   0x00002868   0x00000014   Code   RO         1846    i.IRQ106_Handler    hc32_ll_interrupts.o
    0x0000287c   0x0000287c   0x00000014   Code   RO         1847    i.IRQ107_Handler    hc32_ll_interrupts.o
    0x00002890   0x00002890   0x00000014   Code   RO         1848    i.IRQ108_Handler    hc32_ll_interrupts.o
    0x000028a4   0x000028a4   0x00000014   Code   RO         1849    i.IRQ109_Handler    hc32_ll_interrupts.o
    0x000028b8   0x000028b8   0x00000014   Code   RO         1850    i.IRQ110_Handler    hc32_ll_interrupts.o
    0x000028cc   0x000028cc   0x00000014   Code   RO         1851    i.IRQ111_Handler    hc32_ll_interrupts.o
    0x000028e0   0x000028e0   0x00000014   Code   RO         1852    i.IRQ112_Handler    hc32_ll_interrupts.o
    0x000028f4   0x000028f4   0x00000014   Code   RO         1853    i.IRQ113_Handler    hc32_ll_interrupts.o
    0x00002908   0x00002908   0x00000014   Code   RO         1854    i.IRQ114_Handler    hc32_ll_interrupts.o
    0x0000291c   0x0000291c   0x00000014   Code   RO         1855    i.IRQ115_Handler    hc32_ll_interrupts.o
    0x00002930   0x00002930   0x00000014   Code   RO         1856    i.IRQ116_Handler    hc32_ll_interrupts.o
    0x00002944   0x00002944   0x00000014   Code   RO         1857    i.IRQ117_Handler    hc32_ll_interrupts.o
    0x00002958   0x00002958   0x00000014   Code   RO         1858    i.IRQ118_Handler    hc32_ll_interrupts.o
    0x0000296c   0x0000296c   0x00000014   Code   RO         1859    i.IRQ119_Handler    hc32_ll_interrupts.o
    0x00002980   0x00002980   0x00000014   Code   RO         1860    i.IRQ120_Handler    hc32_ll_interrupts.o
    0x00002994   0x00002994   0x00000014   Code   RO         1861    i.IRQ121_Handler    hc32_ll_interrupts.o
    0x000029a8   0x000029a8   0x00000014   Code   RO         1862    i.IRQ122_Handler    hc32_ll_interrupts.o
    0x000029bc   0x000029bc   0x00000014   Code   RO         1863    i.IRQ123_Handler    hc32_ll_interrupts.o
    0x000029d0   0x000029d0   0x00000014   Code   RO         1864    i.IRQ124_Handler    hc32_ll_interrupts.o
    0x000029e4   0x000029e4   0x00000014   Code   RO         1865    i.IRQ125_Handler    hc32_ll_interrupts.o
    0x000029f8   0x000029f8   0x00000014   Code   RO         1866    i.IRQ126_Handler    hc32_ll_interrupts.o
    0x00002a0c   0x00002a0c   0x00000014   Code   RO         1867    i.IRQ127_Handler    hc32_ll_interrupts.o
    0x00002a20   0x00002a20   0x00000134   Code   RO         3813    i.IRQ128_Handler    hc32f4a0_ll_interrupts_share.o
    0x00002b54   0x00002b54   0x00000458   Code   RO         3814    i.IRQ129_Handler    hc32f4a0_ll_interrupts_share.o
    0x00002fac   0x00002fac   0x000003dc   Code   RO         3815    i.IRQ130_Handler    hc32f4a0_ll_interrupts_share.o
    0x00003388   0x00003388   0x00000300   Code   RO         3816    i.IRQ131_Handler    hc32f4a0_ll_interrupts_share.o
    0x00003688   0x00003688   0x0000038c   Code   RO         3817    i.IRQ132_Handler    hc32f4a0_ll_interrupts_share.o
    0x00003a14   0x00003a14   0x00000390   Code   RO         3818    i.IRQ133_Handler    hc32f4a0_ll_interrupts_share.o
    0x00003da4   0x00003da4   0x00000260   Code   RO         3819    i.IRQ134_Handler    hc32f4a0_ll_interrupts_share.o
    0x00004004   0x00004004   0x00000380   Code   RO         3820    i.IRQ135_Handler    hc32f4a0_ll_interrupts_share.o
    0x00004384   0x00004384   0x00000384   Code   RO         3821    i.IRQ136_Handler    hc32f4a0_ll_interrupts_share.o
    0x00004708   0x00004708   0x00000298   Code   RO         3822    i.IRQ137_Handler    hc32f4a0_ll_interrupts_share.o
    0x000049a0   0x000049a0   0x0000035c   Code   RO         3823    i.IRQ138_Handler    hc32f4a0_ll_interrupts_share.o
    0x00004cfc   0x00004cfc   0x00000308   Code   RO         3824    i.IRQ139_Handler    hc32f4a0_ll_interrupts_share.o
    0x00005004   0x00005004   0x000002c4   Code   RO         3825    i.IRQ140_Handler    hc32f4a0_ll_interrupts_share.o
    0x000052c8   0x000052c8   0x000002dc   Code   RO         3826    i.IRQ141_Handler    hc32f4a0_ll_interrupts_share.o
    0x000055a4   0x000055a4   0x00000224   Code   RO         3827    i.IRQ142_Handler    hc32f4a0_ll_interrupts_share.o
    0x000057c8   0x000057c8   0x000001ec   Code   RO         3828    i.IRQ143_Handler    hc32f4a0_ll_interrupts_share.o
    0x000059b4   0x000059b4   0x00000078   Code   RO           84    i.LL_PERIPH_WE      hc32_ll.o
    0x00005a2c   0x00005a2c   0x00000064   Code   RO           85    i.LL_PERIPH_WP      hc32_ll.o
    0x00005a90   0x00005a90   0x00000002   Code   RO         3829    i.MAU_Sqrt_IrqHandler  hc32f4a0_ll_interrupts_share.o
    0x00005a92   0x00005a92   0x00000002   Code   RO         3830    i.NFC_IrqHandler    hc32f4a0_ll_interrupts_share.o
    0x00005a94   0x00005a94   0x00000040   Code   RO         7361    i.Norflash_Erase_Sector  w25qxx.o
    0x00005ad4   0x00005ad4   0x00000014   Code   RO         7362    i.Norflash_Init     w25qxx.o
    0x00005ae8   0x00005ae8   0x00000050   Code   RO         7364    i.Norflash_Read     w25qxx.o
    0x00005b38   0x00005b38   0x0000003c   Code   RO         7365    i.Norflash_ReadID   w25qxx.o
    0x00005b74   0x00005b74   0x00000020   Code   RO         7366    i.Norflash_ReadSR   w25qxx.o
    0x00005b94   0x00005b94   0x0000000c   Code   RO         7368    i.Norflash_Wait_Busy  w25qxx.o
    0x00005ba0   0x00005ba0   0x000000ac   Code   RO         7369    i.Norflash_Write    w25qxx.o
    0x00005c4c   0x00005c4c   0x00000018   Code   RO         7371    i.Norflash_Write_Enable  w25qxx.o
    0x00005c64   0x00005c64   0x0000003e   Code   RO         7372    i.Norflash_Write_NoCheck  w25qxx.o
    0x00005ca2   0x00005ca2   0x00000002   PAD
    0x00005ca4   0x00005ca4   0x00000058   Code   RO         7373    i.Norflash_Write_Page  w25qxx.o
    0x00005cfc   0x00005cfc   0x00000110   Code   RO         3399    i.OTS_GetDfltPara   hc32_ll_ots.o
    0x00005e0c   0x00005e0c   0x00000098   Code   RO         3400    i.OTS_Init          hc32_ll_ots.o
    0x00005ea4   0x00005ea4   0x00000024   Code   RO         3404    i.OTS_StructInit    hc32_ll_ots.o
    0x00005ec8   0x00005ec8   0x00000036   Code   RO         7591    i.OtsInit           ots.o
    0x00005efe   0x00005efe   0x00000002   PAD
    0x00005f00   0x00005f00   0x0000019c   Code   RO          251    i.PLLxParamCheck    hc32_ll_clk.o
    0x0000609c   0x0000609c   0x00000070   Code   RO         1079    i.PWC_BKR_PowerCmd  hc32_ll_pwc.o
    0x0000610c   0x0000610c   0x00000064   Code   RO         1080    i.PWC_BKR_Read      hc32_ll_pwc.o
    0x00006170   0x00006170   0x00000064   Code   RO         1081    i.PWC_BKR_Write     hc32_ll_pwc.o
    0x000061d4   0x000061d4   0x00000002   Code   RO         3831    i.PWC_LVD1_IrqHandler  hc32f4a0_ll_interrupts_share.o
    0x000061d6   0x000061d6   0x00000002   Code   RO         3832    i.PWC_LVD2_IrqHandler  hc32f4a0_ll_interrupts_share.o
    0x000061d8   0x000061d8   0x00000014   Code   RO           86    i.PWC_REG_Lock      hc32_ll.o
    0x000061ec   0x000061ec   0x00000064   Code   RO         1118    i.PWC_VBAT_PowerCmd  hc32_ll_pwc.o
    0x00006250   0x00006250   0x00000050   Code   RO         1119    i.PWC_VBAT_Reset    hc32_ll_pwc.o
    0x000062a0   0x000062a0   0x00000002   Code   RO         3833    i.PWC_WakeupTimer_IrqHandler  hc32f4a0_ll_interrupts_share.o
    0x000062a2   0x000062a2   0x00000002   Code   RO         3834    i.QSPI_Error_IrqHandler  hc32f4a0_ll_interrupts_share.o
    0x000062a4   0x000062a4   0x0000001c   Code   RO         7519    i.RTC_Alarm_IrqHandler  rtc.o
    0x000062c0   0x000062c0   0x0000006c   Code   RO         3468    i.RTC_ClearStatus   hc32_ll_rtc.o
    0x0000632c   0x0000632c   0x0000004c   Code   RO         3470    i.RTC_Cmd           hc32_ll_rtc.o
    0x00006378   0x00006378   0x000000cc   Code   RO         7520    i.RTC_Config        rtc.o
    0x00006444   0x00006444   0x00000080   Code   RO         3472    i.RTC_DeInit        hc32_ll_rtc.o
    0x000064c4   0x000064c4   0x00000060   Code   RO         3473    i.RTC_EnterRwMode   hc32_ll_rtc.o
    0x00006524   0x00006524   0x00000060   Code   RO         3474    i.RTC_ExitRwMode    hc32_ll_rtc.o
    0x00006584   0x00006584   0x000000b4   Code   RO         3475    i.RTC_GetAlarm      hc32_ll_rtc.o
    0x00006638   0x00006638   0x000000bc   Code   RO         3477    i.RTC_GetDate       hc32_ll_rtc.o
    0x000066f4   0x000066f4   0x000000dc   Code   RO         3479    i.RTC_GetTime       hc32_ll_rtc.o
    0x000067d0   0x000067d0   0x00000104   Code   RO         3485    i.RTC_Init          hc32_ll_rtc.o
    0x000068d4   0x000068d4   0x0000001c   Code   RO         7521    i.RTC_Period_IrqHandler  rtc.o
    0x000068f0   0x000068f0   0x00000190   Code   RO         3489    i.RTC_SetAlarm      hc32_ll_rtc.o
    0x00006a80   0x00006a80   0x0000016c   Code   RO         3492    i.RTC_SetDate       hc32_ll_rtc.o
    0x00006bec   0x00006bec   0x000001d8   Code   RO         3494    i.RTC_SetTime       hc32_ll_rtc.o
    0x00006dc4   0x00006dc4   0x00000022   Code   RO         3495    i.RTC_StructInit    hc32_ll_rtc.o
    0x00006de6   0x00006de6   0x00000002   Code   RO         3837    i.RTC_TimeStamp0_IrqHandler  hc32f4a0_ll_interrupts_share.o
    0x00006de8   0x00006de8   0x00000002   Code   RO         3838    i.RTC_TimeStamp1_IrqHandler  hc32f4a0_ll_interrupts_share.o
    0x00006dea   0x00006dea   0x00000002   PAD
    0x00006dec   0x00006dec   0x00000210   Code   RO         9081    i.SCSI_CBWDecode    usbd_msc.o
    0x00006ffc   0x00006ffc   0x00000020   Code   RO         9082    i.SCSI_SetSenseData  usbd_msc.o
    0x0000701c   0x0000701c   0x000000e0   Code   RO         9083    i.SCSI_inquiry      usbd_msc.o
    0x000070fc   0x000070fc   0x00000070   Code   RO         9084    i.SCSI_modeSense10  usbd_msc.o
    0x0000716c   0x0000716c   0x00000058   Code   RO         9085    i.SCSI_modeSense6   usbd_msc.o
    0x000071c4   0x000071c4   0x00000030   Code   RO         9086    i.SCSI_preventAllowMediaRemoval  usbd_msc.o
    0x000071f4   0x000071f4   0x00000094   Code   RO         9087    i.SCSI_processRead  usbd_msc.o
    0x00007288   0x00007288   0x00000098   Code   RO         9088    i.SCSI_processWrite  usbd_msc.o
    0x00007320   0x00007320   0x00000100   Code   RO         9089    i.SCSI_read10       usbd_msc.o
    0x00007420   0x00007420   0x0000010c   Code   RO         9090    i.SCSI_read12       usbd_msc.o
    0x0000752c   0x0000752c   0x00000070   Code   RO         9091    i.SCSI_readCapacity10  usbd_msc.o
    0x0000759c   0x0000759c   0x00000084   Code   RO         9092    i.SCSI_readFormatCapacity  usbd_msc.o
    0x00007620   0x00007620   0x0000007c   Code   RO         9093    i.SCSI_requestSense  usbd_msc.o
    0x0000769c   0x0000769c   0x00000044   Code   RO         9094    i.SCSI_startStopUnit  usbd_msc.o
    0x000076e0   0x000076e0   0x00000030   Code   RO         9095    i.SCSI_testUnitReady  usbd_msc.o
    0x00007710   0x00007710   0x000000c8   Code   RO         9096    i.SCSI_write10      usbd_msc.o
    0x000077d8   0x000077d8   0x000000d4   Code   RO         9097    i.SCSI_write12      usbd_msc.o
    0x000078ac   0x000078ac   0x00000024   Code   RO         7705    i.SDCard_GetCardTransState  sd_diskio.o
    0x000078d0   0x000078d0   0x00000002   Code   RO         3839    i.SDIOC1_Error_IrqHandler  hc32f4a0_ll_interrupts_share.o
    0x000078d2   0x000078d2   0x00000002   Code   RO         3840    i.SDIOC1_Normal_IrqHandler  hc32f4a0_ll_interrupts_share.o
    0x000078d4   0x000078d4   0x00000002   Code   RO         3841    i.SDIOC2_Error_IrqHandler  hc32f4a0_ll_interrupts_share.o
    0x000078d6   0x000078d6   0x00000002   Code   RO         3842    i.SDIOC2_Normal_IrqHandler  hc32f4a0_ll_interrupts_share.o
    0x000078d8   0x000078d8   0x0000007c   Code   RO         6391    i.SDIOC_ClearIntStatus  hc32_ll_sdioc.o
    0x00007954   0x00007954   0x0000007c   Code   RO         6392    i.SDIOC_ClockCmd    hc32_ll_sdioc.o
    0x000079d0   0x000079d0   0x000000f4   Code   RO         6394    i.SDIOC_ConfigData  hc32_ll_sdioc.o
    0x00007ac4   0x00007ac4   0x00000078   Code   RO         6400    i.SDIOC_GetHostStatus  hc32_ll_sdioc.o
    0x00007b3c   0x00007b3c   0x0000008c   Code   RO         6402    i.SDIOC_GetIntEnableState  hc32_ll_sdioc.o
    0x00007bc8   0x00007bc8   0x0000008c   Code   RO         6403    i.SDIOC_GetIntStatus  hc32_ll_sdioc.o
    0x00007c54   0x00007c54   0x00000070   Code   RO         6404    i.SDIOC_GetMode     hc32_ll_sdioc.o
    0x00007cc4   0x00007cc4   0x0000006c   Code   RO         6405    i.SDIOC_GetOptimumClockDiv  hc32_ll_sdioc.o
    0x00007d30   0x00007d30   0x00000064   Code   RO         6406    i.SDIOC_GetPowerState  hc32_ll_sdioc.o
    0x00007d94   0x00007d94   0x00000088   Code   RO         6407    i.SDIOC_GetResponse  hc32_ll_sdioc.o
    0x00007e1c   0x00007e1c   0x0000012c   Code   RO         6408    i.SDIOC_Init        hc32_ll_sdioc.o
    0x00007f48   0x00007f48   0x000000ac   Code   RO         6409    i.SDIOC_IntCmd      hc32_ll_sdioc.o
    0x00007ff4   0x00007ff4   0x00000080   Code   RO         6411    i.SDIOC_PowerCmd    hc32_ll_sdioc.o
    0x00008074   0x00008074   0x00000090   Code   RO         6412    i.SDIOC_ReadBuffer  hc32_ll_sdioc.o
    0x00008104   0x00008104   0x000000b4   Code   RO         6415    i.SDIOC_SWReset     hc32_ll_sdioc.o
    0x000081b8   0x000081b8   0x000000dc   Code   RO         6416    i.SDIOC_SendCommand  hc32_ll_sdioc.o
    0x00008294   0x00008294   0x0000007c   Code   RO         6417    i.SDIOC_SetBusWidth  hc32_ll_sdioc.o
    0x00008310   0x00008310   0x000000a0   Code   RO         6420    i.SDIOC_SetClockDiv  hc32_ll_sdioc.o
    0x000083b0   0x000083b0   0x00000080   Code   RO         6421    i.SDIOC_SetSpeedMode  hc32_ll_sdioc.o
    0x00008430   0x00008430   0x0000001c   Code   RO         6422    i.SDIOC_StructInit  hc32_ll_sdioc.o
    0x0000844c   0x0000844c   0x000000f0   Code   RO         6423    i.SDIOC_VerifyClockDiv  hc32_ll_sdioc.o
    0x0000853c   0x0000853c   0x00000094   Code   RO         6424    i.SDIOC_WriteBuffer  hc32_ll_sdioc.o
    0x000085d0   0x000085d0   0x00000048   Code   RO         6426    i.SDMMC_ACMD41_SendOperateCond  hc32_ll_sdioc.o
    0x00008618   0x00008618   0x00000044   Code   RO         6427    i.SDMMC_ACMD51_SendSCR  hc32_ll_sdioc.o
    0x0000865c   0x0000865c   0x00000042   Code   RO         6428    i.SDMMC_ACMD6_SetBusWidth  hc32_ll_sdioc.o
    0x0000869e   0x0000869e   0x00000038   Code   RO         6429    i.SDMMC_CMD0_GoIdleState  hc32_ll_sdioc.o
    0x000086d6   0x000086d6   0x00000002   PAD
    0x000086d8   0x000086d8   0x00000044   Code   RO         6430    i.SDMMC_CMD12_StopTrans  hc32_ll_sdioc.o
    0x0000871c   0x0000871c   0x00000042   Code   RO         6431    i.SDMMC_CMD13_SendStatus  hc32_ll_sdioc.o
    0x0000875e   0x0000875e   0x00000042   Code   RO         6432    i.SDMMC_CMD16_SetBlockLength  hc32_ll_sdioc.o
    0x000087a0   0x000087a0   0x00000044   Code   RO         6433    i.SDMMC_CMD17_ReadSingleBlock  hc32_ll_sdioc.o
    0x000087e4   0x000087e4   0x00000044   Code   RO         6434    i.SDMMC_CMD18_ReadMultipleBlock  hc32_ll_sdioc.o
    0x00008828   0x00008828   0x00000044   Code   RO         6436    i.SDMMC_CMD24_WriteSingleBlock  hc32_ll_sdioc.o
    0x0000886c   0x0000886c   0x00000044   Code   RO         6437    i.SDMMC_CMD25_WriteMultipleBlock  hc32_ll_sdioc.o
    0x000088b0   0x000088b0   0x0000003e   Code   RO         6438    i.SDMMC_CMD2_AllSendCID  hc32_ll_sdioc.o
    0x000088ee   0x000088ee   0x0000005e   Code   RO         6444    i.SDMMC_CMD3_SendRelativeAddr  hc32_ll_sdioc.o
    0x0000894c   0x0000894c   0x00000042   Code   RO         6447    i.SDMMC_CMD55_AppCmd  hc32_ll_sdioc.o
    0x0000898e   0x0000898e   0x00000066   Code   RO         6449    i.SDMMC_CMD6_SwitchFunc  hc32_ll_sdioc.o
    0x000089f4   0x000089f4   0x00000042   Code   RO         6450    i.SDMMC_CMD7_SelectDeselectCard  hc32_ll_sdioc.o
    0x00008a36   0x00008a36   0x00000064   Code   RO         6451    i.SDMMC_CMD8_SendInterfaceCond  hc32_ll_sdioc.o
    0x00008a9a   0x00008a9a   0x0000003e   Code   RO         6452    i.SDMMC_CMD9_SendCSD  hc32_ll_sdioc.o
    0x00008ad8   0x00008ad8   0x0000005c   Code   RO         6453    i.SDMMC_GetCmdError  hc32_ll_sdioc.o
    0x00008b34   0x00008b34   0x00000038   Code   RO         6454    i.SDMMC_GetCmdResp1  hc32_ll_sdioc.o
    0x00008b6c   0x00008b6c   0x00000084   Code   RO         6455    i.SDMMC_GetCmdResp1Busy  hc32_ll_sdioc.o
    0x00008bf0   0x00008bf0   0x00000010   Code   RO         6456    i.SDMMC_GetCmdResp2  hc32_ll_sdioc.o
    0x00008c00   0x00008c00   0x00000010   Code   RO         6457    i.SDMMC_GetCmdResp3  hc32_ll_sdioc.o
    0x00008c10   0x00008c10   0x00000060   Code   RO         6460    i.SDMMC_GetCmdResp6  hc32_ll_sdioc.o
    0x00008c70   0x00008c70   0x00000010   Code   RO         6461    i.SDMMC_GetCmdResp7  hc32_ll_sdioc.o
    0x00008c80   0x00008c80   0x000000ec   Code   RO         6462    i.SDMMC_WaitResponse  hc32_ll_sdioc.o
    0x00008d6c   0x00008d6c   0x00000002   Code   RO         7796    i.SD_ErrorCallback  sd.o
    0x00008d6e   0x00008d6e   0x00000092   Code   RO         7797    i.SD_ExtractCardCSD  sd.o
    0x00008e00   0x00008e00   0x00000060   Code   RO         7798    i.SD_GetCardCID     sd.o
    0x00008e60   0x00008e60   0x00000194   Code   RO         7799    i.SD_GetCardCSD     sd.o
    0x00008ff4   0x00008ff4   0x00000032   Code   RO         7800    i.SD_GetCardInfo    sd.o
    0x00009026   0x00009026   0x00000024   Code   RO         7801    i.SD_GetCardState   sd.o
    0x0000904a   0x0000904a   0x0000002a   Code   RO         7803    i.SD_GetCurrCardStatus  sd.o
    0x00009074   0x00009074   0x000000d4   Code   RO         7806    i.SD_GetSCR         sd.o
    0x00009148   0x00009148   0x000001bc   Code   RO         7807    i.SD_IRQHandler     sd.o
    0x00009304   0x00009304   0x000000a0   Code   RO         7808    i.SD_Init           sd.o
    0x000093a4   0x000093a4   0x00000122   Code   RO         7809    i.SD_InitCard       sd.o
    0x000094c6   0x000094c6   0x00000018   Code   RO         7706    i.SD_Initialize     sd_diskio.o
    0x000094de   0x000094de   0x00000002   PAD
    0x000094e0   0x000094e0   0x00000044   Code   RO         7707    i.SD_Ioctl          sd_diskio.o
    0x00009524   0x00009524   0x0000012c   Code   RO         7810    i.SD_PowerCmd       sd.o
    0x00009650   0x00009650   0x00000038   Code   RO         7708    i.SD_Read           sd_diskio.o
    0x00009688   0x00009688   0x000000dc   Code   RO         7811    i.SD_ReadBlocks     sd.o
    0x00009764   0x00009764   0x000001b8   Code   RO         7814    i.SD_ReadWriteFifo  sd.o
    0x0000991c   0x0000991c   0x00000002   Code   RO         7815    i.SD_RxCompleteCallback  sd.o
    0x0000991e   0x0000991e   0x00000074   Code   RO         7816    i.SD_SetBusWidth    sd.o
    0x00009992   0x00009992   0x00000002   PAD
    0x00009994   0x00009994   0x000000cc   Code   RO         7817    i.SD_SetSpeedMode   sd.o
    0x00009a60   0x00009a60   0x00000020   Code   RO         7709    i.SD_Status         sd_diskio.o
    0x00009a80   0x00009a80   0x00000002   Code   RO         7818    i.SD_TxCompleteCallback  sd.o
    0x00009a82   0x00009a82   0x00000002   PAD
    0x00009a84   0x00009a84   0x00000038   Code   RO         7710    i.SD_Write          sd_diskio.o
    0x00009abc   0x00009abc   0x000000d8   Code   RO         7819    i.SD_WriteBlocks    sd.o
    0x00009b94   0x00009b94   0x00000002   Code   RO         3843    i.SPI1_Error_IrqHandler  hc32f4a0_ll_interrupts_share.o
    0x00009b96   0x00009b96   0x00000002   Code   RO         3844    i.SPI1_Idle_IrqHandler  hc32f4a0_ll_interrupts_share.o
    0x00009b98   0x00009b98   0x00000020   Code   RO         7489    i.SPI1_ReadWriteByte  spi.o
    0x00009bb8   0x00009bb8   0x00000002   Code   RO         3845    i.SPI1_RxFull_IrqHandler  hc32f4a0_ll_interrupts_share.o
    0x00009bba   0x00009bba   0x00000002   Code   RO         3846    i.SPI1_TxEmpty_IrqHandler  hc32f4a0_ll_interrupts_share.o
    0x00009bbc   0x00009bbc   0x00000002   Code   RO         3847    i.SPI2_Error_IrqHandler  hc32f4a0_ll_interrupts_share.o
    0x00009bbe   0x00009bbe   0x00000002   Code   RO         3848    i.SPI2_Idle_IrqHandler  hc32f4a0_ll_interrupts_share.o
    0x00009bc0   0x00009bc0   0x00000002   Code   RO         3849    i.SPI2_RxFull_IrqHandler  hc32f4a0_ll_interrupts_share.o
    0x00009bc2   0x00009bc2   0x00000002   Code   RO         3850    i.SPI2_TxEmpty_IrqHandler  hc32f4a0_ll_interrupts_share.o
    0x00009bc4   0x00009bc4   0x00000002   Code   RO         3851    i.SPI3_Error_IrqHandler  hc32f4a0_ll_interrupts_share.o
    0x00009bc6   0x00009bc6   0x00000002   Code   RO         3852    i.SPI3_Idle_IrqHandler  hc32f4a0_ll_interrupts_share.o
    0x00009bc8   0x00009bc8   0x00000002   Code   RO         3853    i.SPI3_RxFull_IrqHandler  hc32f4a0_ll_interrupts_share.o
    0x00009bca   0x00009bca   0x00000002   Code   RO         3854    i.SPI3_TxEmpty_IrqHandler  hc32f4a0_ll_interrupts_share.o
    0x00009bcc   0x00009bcc   0x00000002   Code   RO         3855    i.SPI4_Error_IrqHandler  hc32f4a0_ll_interrupts_share.o
    0x00009bce   0x00009bce   0x00000002   Code   RO         3856    i.SPI4_Idle_IrqHandler  hc32f4a0_ll_interrupts_share.o
    0x00009bd0   0x00009bd0   0x00000002   Code   RO         3857    i.SPI4_RxFull_IrqHandler  hc32f4a0_ll_interrupts_share.o
    0x00009bd2   0x00009bd2   0x00000002   Code   RO         3858    i.SPI4_TxEmpty_IrqHandler  hc32f4a0_ll_interrupts_share.o
    0x00009bd4   0x00009bd4   0x00000002   Code   RO         3859    i.SPI5_Error_IrqHandler  hc32f4a0_ll_interrupts_share.o
    0x00009bd6   0x00009bd6   0x00000002   Code   RO         3860    i.SPI5_Idle_IrqHandler  hc32f4a0_ll_interrupts_share.o
    0x00009bd8   0x00009bd8   0x00000002   Code   RO         3861    i.SPI5_RxFull_IrqHandler  hc32f4a0_ll_interrupts_share.o
    0x00009bda   0x00009bda   0x00000002   Code   RO         3862    i.SPI5_TxEmpty_IrqHandler  hc32f4a0_ll_interrupts_share.o
    0x00009bdc   0x00009bdc   0x00000002   Code   RO         3863    i.SPI6_Error_IrqHandler  hc32f4a0_ll_interrupts_share.o
    0x00009bde   0x00009bde   0x00000002   Code   RO         3864    i.SPI6_Idle_IrqHandler  hc32f4a0_ll_interrupts_share.o
    0x00009be0   0x00009be0   0x00000002   Code   RO         3865    i.SPI6_RxFull_IrqHandler  hc32f4a0_ll_interrupts_share.o
    0x00009be2   0x00009be2   0x00000002   Code   RO         3866    i.SPI6_TxEmpty_IrqHandler  hc32f4a0_ll_interrupts_share.o
    0x00009be4   0x00009be4   0x000000b4   Code   RO         7202    i.SPI_Cmd           hc32_ll_spi.o
    0x00009c98   0x00009c98   0x00000090   Code   RO         7203    i.SPI_DeInit        hc32_ll_spi.o
    0x00009d28   0x00009d28   0x00000014   Code   RO         7204    i.SPI_DelayStructInit  hc32_ll_spi.o
    0x00009d3c   0x00009d3c   0x000001bc   Code   RO         7205    i.SPI_DelayTimeConfig  hc32_ll_spi.o
    0x00009ef8   0x00009ef8   0x0000022c   Code   RO         7207    i.SPI_Init          hc32_ll_spi.o
    0x0000a124   0x0000a124   0x00000028   Code   RO         7218    i.SPI_StructInit    hc32_ll_spi.o
    0x0000a14c   0x0000a14c   0x00000020   Code   RO         7220    i.SPI_TransReceive  hc32_ll_spi.o
    0x0000a16c   0x0000a16c   0x000001a0   Code   RO         7222    i.SPI_TxRx          hc32_ll_spi.o
    0x0000a30c   0x0000a30c   0x0000001c   Code   RO         7223    i.SPI_WaitStatus    hc32_ll_spi.o
    0x0000a328   0x0000a328   0x000000b4   Code   RO          571    i.SRAM_SetWaitCycle  hc32_ll_sram.o
    0x0000a3dc   0x0000a3dc   0x00000002   Code   RO         3867    i.SWDT_IrqHandler   hc32f4a0_ll_interrupts_share.o
    0x0000a3de   0x0000a3de   0x00000002   PAD
    0x0000a3e0   0x0000a3e0   0x00000164   Code   RO         7711    i.SdCard_Config     sd_diskio.o
    0x0000a544   0x0000a544   0x00000218   Code   RO          252    i.SetSysClockDiv    hc32_ll_clk.o
    0x0000a75c   0x0000a75c   0x000000ec   Code   RO          253    i.SetSysClockSrc    hc32_ll_clk.o
    0x0000a848   0x0000a848   0x00000228   Code   RO         6842    i.SmartCard_CalculateBrr  hc32_ll_usart.o
    0x0000aa70   0x0000aa70   0x00000098   Code   RO            4    i.SystemCoreClockUpdate  system_hc32f4a0.o
    0x0000ab08   0x0000ab08   0x00000014   Code   RO            5    i.SystemInit        system_hc32f4a0.o
    0x0000ab1c   0x0000ab1c   0x00000002   Code   RO         3868    i.TMR0_1_CmpA_IrqHandler  hc32f4a0_ll_interrupts_share.o
    0x0000ab1e   0x0000ab1e   0x00000002   Code   RO         3869    i.TMR0_1_CmpB_IrqHandler  hc32f4a0_ll_interrupts_share.o
    0x0000ab20   0x0000ab20   0x00000002   Code   RO         3870    i.TMR0_2_CmpA_IrqHandler  hc32f4a0_ll_interrupts_share.o
    0x0000ab22   0x0000ab22   0x00000002   Code   RO         3871    i.TMR0_2_CmpB_IrqHandler  hc32f4a0_ll_interrupts_share.o
    0x0000ab24   0x0000ab24   0x00000108   Code   RO         3034    i.TMR0_Init         hc32_ll_tmr0.o
    0x0000ac2c   0x0000ac2c   0x0000001e   Code   RO         3043    i.TMR0_StructInit   hc32_ll_tmr0.o
    0x0000ac4a   0x0000ac4a   0x00000002   Code   RO         3872    i.TMR2_1_CmpA_IrqHandler  hc32f4a0_ll_interrupts_share.o
    0x0000ac4c   0x0000ac4c   0x00000002   Code   RO         3873    i.TMR2_1_CmpB_IrqHandler  hc32f4a0_ll_interrupts_share.o
    0x0000ac4e   0x0000ac4e   0x00000002   Code   RO         3874    i.TMR2_1_OvfA_IrqHandler  hc32f4a0_ll_interrupts_share.o
    0x0000ac50   0x0000ac50   0x00000002   Code   RO         3875    i.TMR2_1_OvfB_IrqHandler  hc32f4a0_ll_interrupts_share.o
    0x0000ac52   0x0000ac52   0x00000002   Code   RO         3876    i.TMR2_2_CmpA_IrqHandler  hc32f4a0_ll_interrupts_share.o
    0x0000ac54   0x0000ac54   0x00000002   Code   RO         3877    i.TMR2_2_CmpB_IrqHandler  hc32f4a0_ll_interrupts_share.o
    0x0000ac56   0x0000ac56   0x00000002   Code   RO         3878    i.TMR2_2_OvfA_IrqHandler  hc32f4a0_ll_interrupts_share.o
    0x0000ac58   0x0000ac58   0x00000002   Code   RO         3879    i.TMR2_2_OvfB_IrqHandler  hc32f4a0_ll_interrupts_share.o
    0x0000ac5a   0x0000ac5a   0x00000002   Code   RO         3880    i.TMR2_3_CmpA_IrqHandler  hc32f4a0_ll_interrupts_share.o
    0x0000ac5c   0x0000ac5c   0x00000002   Code   RO         3881    i.TMR2_3_CmpB_IrqHandler  hc32f4a0_ll_interrupts_share.o
    0x0000ac5e   0x0000ac5e   0x00000002   Code   RO         3882    i.TMR2_3_OvfA_IrqHandler  hc32f4a0_ll_interrupts_share.o
    0x0000ac60   0x0000ac60   0x00000002   Code   RO         3883    i.TMR2_3_OvfB_IrqHandler  hc32f4a0_ll_interrupts_share.o
    0x0000ac62   0x0000ac62   0x00000002   Code   RO         3884    i.TMR2_4_CmpA_IrqHandler  hc32f4a0_ll_interrupts_share.o
    0x0000ac64   0x0000ac64   0x00000002   Code   RO         3885    i.TMR2_4_CmpB_IrqHandler  hc32f4a0_ll_interrupts_share.o
    0x0000ac66   0x0000ac66   0x00000002   Code   RO         3886    i.TMR2_4_OvfA_IrqHandler  hc32f4a0_ll_interrupts_share.o
    0x0000ac68   0x0000ac68   0x00000002   Code   RO         3887    i.TMR2_4_OvfB_IrqHandler  hc32f4a0_ll_interrupts_share.o
    0x0000ac6a   0x0000ac6a   0x00000002   Code   RO         3888    i.TMR4_1_GCmpUH_IrqHandler  hc32f4a0_ll_interrupts_share.o
    0x0000ac6c   0x0000ac6c   0x00000002   Code   RO         3889    i.TMR4_1_GCmpUL_IrqHandler  hc32f4a0_ll_interrupts_share.o
    0x0000ac6e   0x0000ac6e   0x00000002   Code   RO         3890    i.TMR4_1_GCmpVH_IrqHandler  hc32f4a0_ll_interrupts_share.o
    0x0000ac70   0x0000ac70   0x00000002   Code   RO         3891    i.TMR4_1_GCmpVL_IrqHandler  hc32f4a0_ll_interrupts_share.o
    0x0000ac72   0x0000ac72   0x00000002   Code   RO         3892    i.TMR4_1_GCmpWH_IrqHandler  hc32f4a0_ll_interrupts_share.o
    0x0000ac74   0x0000ac74   0x00000002   Code   RO         3893    i.TMR4_1_GCmpWL_IrqHandler  hc32f4a0_ll_interrupts_share.o
    0x0000ac76   0x0000ac76   0x00000002   Code   RO         3894    i.TMR4_1_Ovf_IrqHandler  hc32f4a0_ll_interrupts_share.o
    0x0000ac78   0x0000ac78   0x00000002   Code   RO         3895    i.TMR4_1_ReloadU_IrqHandler  hc32f4a0_ll_interrupts_share.o
    0x0000ac7a   0x0000ac7a   0x00000002   Code   RO         3896    i.TMR4_1_ReloadV_IrqHandler  hc32f4a0_ll_interrupts_share.o
    0x0000ac7c   0x0000ac7c   0x00000002   Code   RO         3897    i.TMR4_1_ReloadW_IrqHandler  hc32f4a0_ll_interrupts_share.o
    0x0000ac7e   0x0000ac7e   0x00000002   Code   RO         3898    i.TMR4_1_Udf_IrqHandler  hc32f4a0_ll_interrupts_share.o
    0x0000ac80   0x0000ac80   0x00000002   Code   RO         3899    i.TMR4_2_GCmpUH_IrqHandler  hc32f4a0_ll_interrupts_share.o
    0x0000ac82   0x0000ac82   0x00000002   Code   RO         3900    i.TMR4_2_GCmpUL_IrqHandler  hc32f4a0_ll_interrupts_share.o
    0x0000ac84   0x0000ac84   0x00000002   Code   RO         3901    i.TMR4_2_GCmpVH_IrqHandler  hc32f4a0_ll_interrupts_share.o
    0x0000ac86   0x0000ac86   0x00000002   Code   RO         3902    i.TMR4_2_GCmpVL_IrqHandler  hc32f4a0_ll_interrupts_share.o
    0x0000ac88   0x0000ac88   0x00000002   Code   RO         3903    i.TMR4_2_GCmpWH_IrqHandler  hc32f4a0_ll_interrupts_share.o
    0x0000ac8a   0x0000ac8a   0x00000002   Code   RO         3904    i.TMR4_2_GCmpWL_IrqHandler  hc32f4a0_ll_interrupts_share.o
    0x0000ac8c   0x0000ac8c   0x00000002   Code   RO         3905    i.TMR4_2_Ovf_IrqHandler  hc32f4a0_ll_interrupts_share.o
    0x0000ac8e   0x0000ac8e   0x00000002   Code   RO         3906    i.TMR4_2_ReloadU_IrqHandler  hc32f4a0_ll_interrupts_share.o
    0x0000ac90   0x0000ac90   0x00000002   Code   RO         3907    i.TMR4_2_ReloadV_IrqHandler  hc32f4a0_ll_interrupts_share.o
    0x0000ac92   0x0000ac92   0x00000002   Code   RO         3908    i.TMR4_2_ReloadW_IrqHandler  hc32f4a0_ll_interrupts_share.o
    0x0000ac94   0x0000ac94   0x00000002   Code   RO         3909    i.TMR4_2_Udf_IrqHandler  hc32f4a0_ll_interrupts_share.o
    0x0000ac96   0x0000ac96   0x00000002   Code   RO         3910    i.TMR4_3_GCmpUH_IrqHandler  hc32f4a0_ll_interrupts_share.o
    0x0000ac98   0x0000ac98   0x00000002   Code   RO         3911    i.TMR4_3_GCmpUL_IrqHandler  hc32f4a0_ll_interrupts_share.o
    0x0000ac9a   0x0000ac9a   0x00000002   Code   RO         3912    i.TMR4_3_GCmpVH_IrqHandler  hc32f4a0_ll_interrupts_share.o
    0x0000ac9c   0x0000ac9c   0x00000002   Code   RO         3913    i.TMR4_3_GCmpVL_IrqHandler  hc32f4a0_ll_interrupts_share.o
    0x0000ac9e   0x0000ac9e   0x00000002   Code   RO         3914    i.TMR4_3_GCmpWH_IrqHandler  hc32f4a0_ll_interrupts_share.o
    0x0000aca0   0x0000aca0   0x00000002   Code   RO         3915    i.TMR4_3_GCmpWL_IrqHandler  hc32f4a0_ll_interrupts_share.o
    0x0000aca2   0x0000aca2   0x00000002   Code   RO         3916    i.TMR4_3_Ovf_IrqHandler  hc32f4a0_ll_interrupts_share.o
    0x0000aca4   0x0000aca4   0x00000002   Code   RO         3917    i.TMR4_3_ReloadU_IrqHandler  hc32f4a0_ll_interrupts_share.o
    0x0000aca6   0x0000aca6   0x00000002   Code   RO         3918    i.TMR4_3_ReloadV_IrqHandler  hc32f4a0_ll_interrupts_share.o
    0x0000aca8   0x0000aca8   0x00000002   Code   RO         3919    i.TMR4_3_ReloadW_IrqHandler  hc32f4a0_ll_interrupts_share.o
    0x0000acaa   0x0000acaa   0x00000002   Code   RO         3920    i.TMR4_3_Udf_IrqHandler  hc32f4a0_ll_interrupts_share.o
    0x0000acac   0x0000acac   0x00000002   Code   RO         3921    i.TMR6_1_GCmpA_IrqHandler  hc32f4a0_ll_interrupts_share.o
    0x0000acae   0x0000acae   0x00000002   Code   RO         3922    i.TMR6_1_GCmpB_IrqHandler  hc32f4a0_ll_interrupts_share.o
    0x0000acb0   0x0000acb0   0x00000002   Code   RO         3923    i.TMR6_1_GCmpC_IrqHandler  hc32f4a0_ll_interrupts_share.o
    0x0000acb2   0x0000acb2   0x00000002   Code   RO         3924    i.TMR6_1_GCmpD_IrqHandler  hc32f4a0_ll_interrupts_share.o
    0x0000acb4   0x0000acb4   0x00000002   Code   RO         3925    i.TMR6_1_GCmpE_IrqHandler  hc32f4a0_ll_interrupts_share.o
    0x0000acb6   0x0000acb6   0x00000002   Code   RO         3926    i.TMR6_1_GCmpF_IrqHandler  hc32f4a0_ll_interrupts_share.o
    0x0000acb8   0x0000acb8   0x00000002   Code   RO         3927    i.TMR6_1_GDte_IrqHandler  hc32f4a0_ll_interrupts_share.o
    0x0000acba   0x0000acba   0x00000002   Code   RO         3928    i.TMR6_1_GOvf_IrqHandler  hc32f4a0_ll_interrupts_share.o
    0x0000acbc   0x0000acbc   0x00000002   Code   RO         3929    i.TMR6_1_GUdf_IrqHandler  hc32f4a0_ll_interrupts_share.o
    0x0000acbe   0x0000acbe   0x00000002   Code   RO         3930    i.TMR6_1_SCmpDownA_IrqHandler  hc32f4a0_ll_interrupts_share.o
    0x0000acc0   0x0000acc0   0x00000002   Code   RO         3931    i.TMR6_1_SCmpDownB_IrqHandler  hc32f4a0_ll_interrupts_share.o
    0x0000acc2   0x0000acc2   0x00000002   Code   RO         3932    i.TMR6_1_SCmpUpA_IrqHandler  hc32f4a0_ll_interrupts_share.o
    0x0000acc4   0x0000acc4   0x00000002   Code   RO         3933    i.TMR6_1_SCmpUpB_IrqHandler  hc32f4a0_ll_interrupts_share.o
    0x0000acc6   0x0000acc6   0x00000002   Code   RO         3934    i.TMR6_2_GCmpA_IrqHandler  hc32f4a0_ll_interrupts_share.o
    0x0000acc8   0x0000acc8   0x00000002   Code   RO         3935    i.TMR6_2_GCmpB_IrqHandler  hc32f4a0_ll_interrupts_share.o
    0x0000acca   0x0000acca   0x00000002   Code   RO         3936    i.TMR6_2_GCmpC_IrqHandler  hc32f4a0_ll_interrupts_share.o
    0x0000accc   0x0000accc   0x00000002   Code   RO         3937    i.TMR6_2_GCmpD_IrqHandler  hc32f4a0_ll_interrupts_share.o
    0x0000acce   0x0000acce   0x00000002   Code   RO         3938    i.TMR6_2_GCmpE_IrqHandler  hc32f4a0_ll_interrupts_share.o
    0x0000acd0   0x0000acd0   0x00000002   Code   RO         3939    i.TMR6_2_GCmpF_IrqHandler  hc32f4a0_ll_interrupts_share.o
    0x0000acd2   0x0000acd2   0x00000002   Code   RO         3940    i.TMR6_2_GDte_IrqHandler  hc32f4a0_ll_interrupts_share.o
    0x0000acd4   0x0000acd4   0x00000002   Code   RO         3941    i.TMR6_2_GOvf_IrqHandler  hc32f4a0_ll_interrupts_share.o
    0x0000acd6   0x0000acd6   0x00000002   Code   RO         3942    i.TMR6_2_GUdf_IrqHandler  hc32f4a0_ll_interrupts_share.o
    0x0000acd8   0x0000acd8   0x00000002   Code   RO         3943    i.TMR6_2_SCmpDownA_IrqHandler  hc32f4a0_ll_interrupts_share.o
    0x0000acda   0x0000acda   0x00000002   Code   RO         3944    i.TMR6_2_SCmpDownB_IrqHandler  hc32f4a0_ll_interrupts_share.o
    0x0000acdc   0x0000acdc   0x00000002   Code   RO         3945    i.TMR6_2_SCmpUpA_IrqHandler  hc32f4a0_ll_interrupts_share.o
    0x0000acde   0x0000acde   0x00000002   Code   RO         3946    i.TMR6_2_SCmpUpB_IrqHandler  hc32f4a0_ll_interrupts_share.o
    0x0000ace0   0x0000ace0   0x00000002   Code   RO         3947    i.TMR6_3_GCmpA_IrqHandler  hc32f4a0_ll_interrupts_share.o
    0x0000ace2   0x0000ace2   0x00000002   Code   RO         3948    i.TMR6_3_GCmpB_IrqHandler  hc32f4a0_ll_interrupts_share.o
    0x0000ace4   0x0000ace4   0x00000002   Code   RO         3949    i.TMR6_3_GCmpC_IrqHandler  hc32f4a0_ll_interrupts_share.o
    0x0000ace6   0x0000ace6   0x00000002   Code   RO         3950    i.TMR6_3_GCmpD_IrqHandler  hc32f4a0_ll_interrupts_share.o
    0x0000ace8   0x0000ace8   0x00000002   Code   RO         3951    i.TMR6_3_GCmpE_IrqHandler  hc32f4a0_ll_interrupts_share.o
    0x0000acea   0x0000acea   0x00000002   Code   RO         3952    i.TMR6_3_GCmpF_IrqHandler  hc32f4a0_ll_interrupts_share.o
    0x0000acec   0x0000acec   0x00000002   Code   RO         3953    i.TMR6_3_GDte_IrqHandler  hc32f4a0_ll_interrupts_share.o
    0x0000acee   0x0000acee   0x00000002   Code   RO         3954    i.TMR6_3_GOvf_IrqHandler  hc32f4a0_ll_interrupts_share.o
    0x0000acf0   0x0000acf0   0x00000002   Code   RO         3955    i.TMR6_3_GUdf_IrqHandler  hc32f4a0_ll_interrupts_share.o
    0x0000acf2   0x0000acf2   0x00000002   Code   RO         3956    i.TMR6_3_SCmpDownA_IrqHandler  hc32f4a0_ll_interrupts_share.o
    0x0000acf4   0x0000acf4   0x00000002   Code   RO         3957    i.TMR6_3_SCmpDownB_IrqHandler  hc32f4a0_ll_interrupts_share.o
    0x0000acf6   0x0000acf6   0x00000002   Code   RO         3958    i.TMR6_3_SCmpUpA_IrqHandler  hc32f4a0_ll_interrupts_share.o
    0x0000acf8   0x0000acf8   0x00000002   Code   RO         3959    i.TMR6_3_SCmpUpB_IrqHandler  hc32f4a0_ll_interrupts_share.o
    0x0000acfa   0x0000acfa   0x00000002   Code   RO         3960    i.TMR6_4_GCmpA_IrqHandler  hc32f4a0_ll_interrupts_share.o
    0x0000acfc   0x0000acfc   0x00000002   Code   RO         3961    i.TMR6_4_GCmpB_IrqHandler  hc32f4a0_ll_interrupts_share.o
    0x0000acfe   0x0000acfe   0x00000002   Code   RO         3962    i.TMR6_4_GCmpC_IrqHandler  hc32f4a0_ll_interrupts_share.o
    0x0000ad00   0x0000ad00   0x00000002   Code   RO         3963    i.TMR6_4_GCmpD_IrqHandler  hc32f4a0_ll_interrupts_share.o
    0x0000ad02   0x0000ad02   0x00000002   Code   RO         3964    i.TMR6_4_GCmpE_IrqHandler  hc32f4a0_ll_interrupts_share.o
    0x0000ad04   0x0000ad04   0x00000002   Code   RO         3965    i.TMR6_4_GCmpF_IrqHandler  hc32f4a0_ll_interrupts_share.o
    0x0000ad06   0x0000ad06   0x00000002   Code   RO         3966    i.TMR6_4_GOvf_IrqHandler  hc32f4a0_ll_interrupts_share.o
    0x0000ad08   0x0000ad08   0x00000002   Code   RO         3967    i.TMR6_4_GUdf_IrqHandler  hc32f4a0_ll_interrupts_share.o
    0x0000ad0a   0x0000ad0a   0x00000002   Code   RO         3968    i.TMR6_4_Gdte_IrqHandler  hc32f4a0_ll_interrupts_share.o
    0x0000ad0c   0x0000ad0c   0x00000002   Code   RO         3969    i.TMR6_4_SCmpDownA_IrqHandler  hc32f4a0_ll_interrupts_share.o
    0x0000ad0e   0x0000ad0e   0x00000002   Code   RO         3970    i.TMR6_4_SCmpDownB_IrqHandler  hc32f4a0_ll_interrupts_share.o
    0x0000ad10   0x0000ad10   0x00000002   Code   RO         3971    i.TMR6_4_SCmpUpA_IrqHandler  hc32f4a0_ll_interrupts_share.o
    0x0000ad12   0x0000ad12   0x00000002   Code   RO         3972    i.TMR6_4_SCmpUpB_IrqHandler  hc32f4a0_ll_interrupts_share.o
    0x0000ad14   0x0000ad14   0x00000002   Code   RO         3973    i.TMR6_5_GCmpA_IrqHandler  hc32f4a0_ll_interrupts_share.o
    0x0000ad16   0x0000ad16   0x00000002   Code   RO         3974    i.TMR6_5_GCmpB_IrqHandler  hc32f4a0_ll_interrupts_share.o
    0x0000ad18   0x0000ad18   0x00000002   Code   RO         3975    i.TMR6_5_GCmpC_IrqHandler  hc32f4a0_ll_interrupts_share.o
    0x0000ad1a   0x0000ad1a   0x00000002   Code   RO         3976    i.TMR6_5_GCmpD_IrqHandler  hc32f4a0_ll_interrupts_share.o
    0x0000ad1c   0x0000ad1c   0x00000002   Code   RO         3977    i.TMR6_5_GCmpE_IrqHandler  hc32f4a0_ll_interrupts_share.o
    0x0000ad1e   0x0000ad1e   0x00000002   Code   RO         3978    i.TMR6_5_GCmpF_IrqHandler  hc32f4a0_ll_interrupts_share.o
    0x0000ad20   0x0000ad20   0x00000002   Code   RO         3979    i.TMR6_5_GOvf_IrqHandler  hc32f4a0_ll_interrupts_share.o
    0x0000ad22   0x0000ad22   0x00000002   Code   RO         3980    i.TMR6_5_GUdf_IrqHandler  hc32f4a0_ll_interrupts_share.o
    0x0000ad24   0x0000ad24   0x00000002   Code   RO         3981    i.TMR6_5_Gdte_IrqHandler  hc32f4a0_ll_interrupts_share.o
    0x0000ad26   0x0000ad26   0x00000002   Code   RO         3982    i.TMR6_5_SCmpDownA_IrqHandler  hc32f4a0_ll_interrupts_share.o
    0x0000ad28   0x0000ad28   0x00000002   Code   RO         3983    i.TMR6_5_SCmpDownB_IrqHandler  hc32f4a0_ll_interrupts_share.o
    0x0000ad2a   0x0000ad2a   0x00000002   Code   RO         3984    i.TMR6_5_SCmpUpA_IrqHandler  hc32f4a0_ll_interrupts_share.o
    0x0000ad2c   0x0000ad2c   0x00000002   Code   RO         3985    i.TMR6_5_SCmpUpB_IrqHandler  hc32f4a0_ll_interrupts_share.o
    0x0000ad2e   0x0000ad2e   0x00000002   Code   RO         3986    i.TMR6_6_GCmpA_IrqHandler  hc32f4a0_ll_interrupts_share.o
    0x0000ad30   0x0000ad30   0x00000002   Code   RO         3987    i.TMR6_6_GCmpB_IrqHandler  hc32f4a0_ll_interrupts_share.o
    0x0000ad32   0x0000ad32   0x00000002   Code   RO         3988    i.TMR6_6_GCmpC_IrqHandler  hc32f4a0_ll_interrupts_share.o
    0x0000ad34   0x0000ad34   0x00000002   Code   RO         3989    i.TMR6_6_GCmpD_IrqHandler  hc32f4a0_ll_interrupts_share.o
    0x0000ad36   0x0000ad36   0x00000002   Code   RO         3990    i.TMR6_6_GCmpE_IrqHandler  hc32f4a0_ll_interrupts_share.o
    0x0000ad38   0x0000ad38   0x00000002   Code   RO         3991    i.TMR6_6_GCmpF_IrqHandler  hc32f4a0_ll_interrupts_share.o
    0x0000ad3a   0x0000ad3a   0x00000002   Code   RO         3992    i.TMR6_6_GOvf_IrqHandler  hc32f4a0_ll_interrupts_share.o
    0x0000ad3c   0x0000ad3c   0x00000002   Code   RO         3993    i.TMR6_6_GUdf_IrqHandler  hc32f4a0_ll_interrupts_share.o
    0x0000ad3e   0x0000ad3e   0x00000002   Code   RO         3994    i.TMR6_6_Gdte_IrqHandler  hc32f4a0_ll_interrupts_share.o
    0x0000ad40   0x0000ad40   0x00000002   Code   RO         3995    i.TMR6_6_SCmpDownA_IrqHandler  hc32f4a0_ll_interrupts_share.o
    0x0000ad42   0x0000ad42   0x00000002   Code   RO         3996    i.TMR6_6_SCmpDownB_IrqHandler  hc32f4a0_ll_interrupts_share.o
    0x0000ad44   0x0000ad44   0x00000002   Code   RO         3997    i.TMR6_6_SCmpUpA_IrqHandler  hc32f4a0_ll_interrupts_share.o
    0x0000ad46   0x0000ad46   0x00000002   Code   RO         3998    i.TMR6_6_SCmpUpB_IrqHandler  hc32f4a0_ll_interrupts_share.o
    0x0000ad48   0x0000ad48   0x00000002   Code   RO         3999    i.TMR6_7_GCmpA_IrqHandler  hc32f4a0_ll_interrupts_share.o
    0x0000ad4a   0x0000ad4a   0x00000002   Code   RO         4000    i.TMR6_7_GCmpB_IrqHandler  hc32f4a0_ll_interrupts_share.o
    0x0000ad4c   0x0000ad4c   0x00000002   Code   RO         4001    i.TMR6_7_GCmpC_IrqHandler  hc32f4a0_ll_interrupts_share.o
    0x0000ad4e   0x0000ad4e   0x00000002   Code   RO         4002    i.TMR6_7_GCmpD_IrqHandler  hc32f4a0_ll_interrupts_share.o
    0x0000ad50   0x0000ad50   0x00000002   Code   RO         4003    i.TMR6_7_GCmpE_IrqHandler  hc32f4a0_ll_interrupts_share.o
    0x0000ad52   0x0000ad52   0x00000002   Code   RO         4004    i.TMR6_7_GCmpF_IrqHandler  hc32f4a0_ll_interrupts_share.o
    0x0000ad54   0x0000ad54   0x00000002   Code   RO         4005    i.TMR6_7_GOvf_IrqHandler  hc32f4a0_ll_interrupts_share.o
    0x0000ad56   0x0000ad56   0x00000002   Code   RO         4006    i.TMR6_7_GUdf_IrqHandler  hc32f4a0_ll_interrupts_share.o
    0x0000ad58   0x0000ad58   0x00000002   Code   RO         4007    i.TMR6_7_Gdte_IrqHandler  hc32f4a0_ll_interrupts_share.o
    0x0000ad5a   0x0000ad5a   0x00000002   Code   RO         4008    i.TMR6_7_SCmpDownA_IrqHandler  hc32f4a0_ll_interrupts_share.o
    0x0000ad5c   0x0000ad5c   0x00000002   Code   RO         4009    i.TMR6_7_SCmpDownB_IrqHandler  hc32f4a0_ll_interrupts_share.o
    0x0000ad5e   0x0000ad5e   0x00000002   Code   RO         4010    i.TMR6_7_SCmpUpA_IrqHandler  hc32f4a0_ll_interrupts_share.o
    0x0000ad60   0x0000ad60   0x00000002   Code   RO         4011    i.TMR6_7_SCmpUpB_IrqHandler  hc32f4a0_ll_interrupts_share.o
    0x0000ad62   0x0000ad62   0x00000002   Code   RO         4012    i.TMR6_8_GCmpA_IrqHandler  hc32f4a0_ll_interrupts_share.o
    0x0000ad64   0x0000ad64   0x00000002   Code   RO         4013    i.TMR6_8_GCmpB_IrqHandler  hc32f4a0_ll_interrupts_share.o
    0x0000ad66   0x0000ad66   0x00000002   Code   RO         4014    i.TMR6_8_GCmpC_IrqHandler  hc32f4a0_ll_interrupts_share.o
    0x0000ad68   0x0000ad68   0x00000002   Code   RO         4015    i.TMR6_8_GCmpD_IrqHandler  hc32f4a0_ll_interrupts_share.o
    0x0000ad6a   0x0000ad6a   0x00000002   Code   RO         4016    i.TMR6_8_GCmpE_IrqHandler  hc32f4a0_ll_interrupts_share.o
    0x0000ad6c   0x0000ad6c   0x00000002   Code   RO         4017    i.TMR6_8_GCmpF_IrqHandler  hc32f4a0_ll_interrupts_share.o
    0x0000ad6e   0x0000ad6e   0x00000002   Code   RO         4018    i.TMR6_8_GOvf_IrqHandler  hc32f4a0_ll_interrupts_share.o
    0x0000ad70   0x0000ad70   0x00000002   Code   RO         4019    i.TMR6_8_GUdf_IrqHandler  hc32f4a0_ll_interrupts_share.o
    0x0000ad72   0x0000ad72   0x00000002   Code   RO         4020    i.TMR6_8_Gdte_IrqHandler  hc32f4a0_ll_interrupts_share.o
    0x0000ad74   0x0000ad74   0x00000002   Code   RO         4021    i.TMR6_8_SCmpDownA_IrqHandler  hc32f4a0_ll_interrupts_share.o
    0x0000ad76   0x0000ad76   0x00000002   Code   RO         4022    i.TMR6_8_SCmpDownB_IrqHandler  hc32f4a0_ll_interrupts_share.o
    0x0000ad78   0x0000ad78   0x00000002   Code   RO         4023    i.TMR6_8_SCmpUpA_IrqHandler  hc32f4a0_ll_interrupts_share.o
    0x0000ad7a   0x0000ad7a   0x00000002   Code   RO         4024    i.TMR6_8_SCmpUpB_IrqHandler  hc32f4a0_ll_interrupts_share.o
    0x0000ad7c   0x0000ad7c   0x00000002   Code   RO         4025    i.TMRA_10_Cmp_IrqHandler  hc32f4a0_ll_interrupts_share.o
    0x0000ad7e   0x0000ad7e   0x00000002   Code   RO         4026    i.TMRA_10_Ovf_IrqHandler  hc32f4a0_ll_interrupts_share.o
    0x0000ad80   0x0000ad80   0x00000002   Code   RO         4027    i.TMRA_10_Udf_IrqHandler  hc32f4a0_ll_interrupts_share.o
    0x0000ad82   0x0000ad82   0x00000002   Code   RO         4028    i.TMRA_11_Cmp_IrqHandler  hc32f4a0_ll_interrupts_share.o
    0x0000ad84   0x0000ad84   0x00000002   Code   RO         4029    i.TMRA_11_Ovf_IrqHandler  hc32f4a0_ll_interrupts_share.o
    0x0000ad86   0x0000ad86   0x00000002   Code   RO         4030    i.TMRA_11_Udf_IrqHandler  hc32f4a0_ll_interrupts_share.o
    0x0000ad88   0x0000ad88   0x00000002   Code   RO         4031    i.TMRA_12_Cmp_IrqHandler  hc32f4a0_ll_interrupts_share.o
    0x0000ad8a   0x0000ad8a   0x00000002   Code   RO         4032    i.TMRA_12_Ovf_IrqHandler  hc32f4a0_ll_interrupts_share.o
    0x0000ad8c   0x0000ad8c   0x00000002   Code   RO         4033    i.TMRA_12_Udf_IrqHandler  hc32f4a0_ll_interrupts_share.o
    0x0000ad8e   0x0000ad8e   0x00000002   Code   RO         4034    i.TMRA_1_Cmp_IrqHandler  hc32f4a0_ll_interrupts_share.o
    0x0000ad90   0x0000ad90   0x00000002   Code   RO         4035    i.TMRA_1_Ovf_IrqHandler  hc32f4a0_ll_interrupts_share.o
    0x0000ad92   0x0000ad92   0x00000002   Code   RO         4036    i.TMRA_1_Udf_IrqHandler  hc32f4a0_ll_interrupts_share.o
    0x0000ad94   0x0000ad94   0x00000002   Code   RO         4037    i.TMRA_2_Cmp_IrqHandler  hc32f4a0_ll_interrupts_share.o
    0x0000ad96   0x0000ad96   0x00000002   Code   RO         4038    i.TMRA_2_Ovf_IrqHandler  hc32f4a0_ll_interrupts_share.o
    0x0000ad98   0x0000ad98   0x00000002   Code   RO         4039    i.TMRA_2_Udf_IrqHandler  hc32f4a0_ll_interrupts_share.o
    0x0000ad9a   0x0000ad9a   0x00000002   Code   RO         4040    i.TMRA_3_Cmp_IrqHandler  hc32f4a0_ll_interrupts_share.o
    0x0000ad9c   0x0000ad9c   0x00000002   Code   RO         4041    i.TMRA_3_Ovf_IrqHandler  hc32f4a0_ll_interrupts_share.o
    0x0000ad9e   0x0000ad9e   0x00000002   Code   RO         4042    i.TMRA_3_Udf_IrqHandler  hc32f4a0_ll_interrupts_share.o
    0x0000ada0   0x0000ada0   0x00000002   Code   RO         4043    i.TMRA_4_Cmp_IrqHandler  hc32f4a0_ll_interrupts_share.o
    0x0000ada2   0x0000ada2   0x00000002   Code   RO         4044    i.TMRA_4_Ovf_IrqHandler  hc32f4a0_ll_interrupts_share.o
    0x0000ada4   0x0000ada4   0x00000002   Code   RO         4045    i.TMRA_4_Udf_IrqHandler  hc32f4a0_ll_interrupts_share.o
    0x0000ada6   0x0000ada6   0x00000002   Code   RO         4046    i.TMRA_5_Cmp_IrqHandler  hc32f4a0_ll_interrupts_share.o
    0x0000ada8   0x0000ada8   0x00000002   Code   RO         4047    i.TMRA_5_Ovf_IrqHandler  hc32f4a0_ll_interrupts_share.o
    0x0000adaa   0x0000adaa   0x00000002   Code   RO         4048    i.TMRA_5_Udf_IrqHandler  hc32f4a0_ll_interrupts_share.o
    0x0000adac   0x0000adac   0x00000002   Code   RO         4049    i.TMRA_6_Cmp_IrqHandler  hc32f4a0_ll_interrupts_share.o
    0x0000adae   0x0000adae   0x00000002   Code   RO         4050    i.TMRA_6_Ovf_IrqHandler  hc32f4a0_ll_interrupts_share.o
    0x0000adb0   0x0000adb0   0x00000002   Code   RO         4051    i.TMRA_6_Udf_IrqHandler  hc32f4a0_ll_interrupts_share.o
    0x0000adb2   0x0000adb2   0x00000002   Code   RO         4052    i.TMRA_7_Cmp_IrqHandler  hc32f4a0_ll_interrupts_share.o
    0x0000adb4   0x0000adb4   0x00000002   Code   RO         4053    i.TMRA_7_Ovf_IrqHandler  hc32f4a0_ll_interrupts_share.o
    0x0000adb6   0x0000adb6   0x00000002   Code   RO         4054    i.TMRA_7_Udf_IrqHandler  hc32f4a0_ll_interrupts_share.o
    0x0000adb8   0x0000adb8   0x00000002   Code   RO         4055    i.TMRA_8_Cmp_IrqHandler  hc32f4a0_ll_interrupts_share.o
    0x0000adba   0x0000adba   0x00000002   Code   RO         4056    i.TMRA_8_Ovf_IrqHandler  hc32f4a0_ll_interrupts_share.o
    0x0000adbc   0x0000adbc   0x00000002   Code   RO         4057    i.TMRA_8_Udf_IrqHandler  hc32f4a0_ll_interrupts_share.o
    0x0000adbe   0x0000adbe   0x00000002   Code   RO         4058    i.TMRA_9_Cmp_IrqHandler  hc32f4a0_ll_interrupts_share.o
    0x0000adc0   0x0000adc0   0x00000002   Code   RO         4059    i.TMRA_9_Ovf_IrqHandler  hc32f4a0_ll_interrupts_share.o
    0x0000adc2   0x0000adc2   0x00000002   Code   RO         4060    i.TMRA_9_Udf_IrqHandler  hc32f4a0_ll_interrupts_share.o
    0x0000adc4   0x0000adc4   0x00000240   Code   RO         6843    i.UART_CalculateBrr  hc32_ll_usart.o
    0x0000b004   0x0000b004   0x00000002   Code   RO         4061    i.USART10_LinBreakField_IrqHandler  hc32f4a0_ll_interrupts_share.o
    0x0000b006   0x0000b006   0x00000002   Code   RO         4062    i.USART10_LinWakeup_IrqHandler  hc32f4a0_ll_interrupts_share.o
    0x0000b008   0x0000b008   0x00000002   Code   RO         4063    i.USART10_RxError_IrqHandler  hc32f4a0_ll_interrupts_share.o
    0x0000b00a   0x0000b00a   0x00000002   Code   RO         4064    i.USART10_RxFull_IrqHandler  hc32f4a0_ll_interrupts_share.o
    0x0000b00c   0x0000b00c   0x00000002   Code   RO         4065    i.USART10_TxComplete_IrqHandler  hc32f4a0_ll_interrupts_share.o
    0x0000b00e   0x0000b00e   0x00000002   Code   RO         4066    i.USART10_TxEmpty_IrqHandler  hc32f4a0_ll_interrupts_share.o
    0x0000b010   0x0000b010   0x00000002   Code   RO         4067    i.USART1_RxError_IrqHandler  hc32f4a0_ll_interrupts_share.o
    0x0000b012   0x0000b012   0x00000002   Code   RO         4068    i.USART1_RxFull_IrqHandler  hc32f4a0_ll_interrupts_share.o
    0x0000b014   0x0000b014   0x00000002   Code   RO         4069    i.USART1_RxTO_IrqHandler  hc32f4a0_ll_interrupts_share.o
    0x0000b016   0x0000b016   0x00000002   Code   RO         4070    i.USART1_TxComplete_IrqHandler  hc32f4a0_ll_interrupts_share.o
    0x0000b018   0x0000b018   0x00000002   Code   RO         4071    i.USART1_TxEmpty_IrqHandler  hc32f4a0_ll_interrupts_share.o
    0x0000b01a   0x0000b01a   0x00000002   Code   RO         4072    i.USART2_RxError_IrqHandler  hc32f4a0_ll_interrupts_share.o
    0x0000b01c   0x0000b01c   0x00000002   Code   RO         4073    i.USART2_RxFull_IrqHandler  hc32f4a0_ll_interrupts_share.o
    0x0000b01e   0x0000b01e   0x00000002   Code   RO         4074    i.USART2_RxTO_IrqHandler  hc32f4a0_ll_interrupts_share.o
    0x0000b020   0x0000b020   0x00000002   Code   RO         4075    i.USART2_TxComplete_IrqHandler  hc32f4a0_ll_interrupts_share.o
    0x0000b022   0x0000b022   0x00000002   Code   RO         4076    i.USART2_TxEmpty_IrqHandler  hc32f4a0_ll_interrupts_share.o
    0x0000b024   0x0000b024   0x00000002   Code   RO         4077    i.USART3_RxError_IrqHandler  hc32f4a0_ll_interrupts_share.o
    0x0000b026   0x0000b026   0x00000002   Code   RO         4078    i.USART3_RxFull_IrqHandler  hc32f4a0_ll_interrupts_share.o
    0x0000b028   0x0000b028   0x00000002   Code   RO         4079    i.USART3_TxComplete_IrqHandler  hc32f4a0_ll_interrupts_share.o
    0x0000b02a   0x0000b02a   0x00000002   Code   RO         4080    i.USART3_TxEmpty_IrqHandler  hc32f4a0_ll_interrupts_share.o
    0x0000b02c   0x0000b02c   0x00000002   Code   RO         4081    i.USART4_RxError_IrqHandler  hc32f4a0_ll_interrupts_share.o
    0x0000b02e   0x0000b02e   0x00000002   Code   RO         4082    i.USART4_RxFull_IrqHandler  hc32f4a0_ll_interrupts_share.o
    0x0000b030   0x0000b030   0x00000002   Code   RO         4083    i.USART4_TxComplete_IrqHandler  hc32f4a0_ll_interrupts_share.o
    0x0000b032   0x0000b032   0x00000002   Code   RO         4084    i.USART4_TxEmpty_IrqHandler  hc32f4a0_ll_interrupts_share.o
    0x0000b034   0x0000b034   0x00000002   Code   RO         4085    i.USART5_LinBreakField_IrqHandler  hc32f4a0_ll_interrupts_share.o
    0x0000b036   0x0000b036   0x00000002   Code   RO         4086    i.USART5_LinWakeup_IrqHandler  hc32f4a0_ll_interrupts_share.o
    0x0000b038   0x0000b038   0x00000002   Code   RO         4087    i.USART5_RxError_IrqHandler  hc32f4a0_ll_interrupts_share.o
    0x0000b03a   0x0000b03a   0x00000002   Code   RO         4088    i.USART5_RxFull_IrqHandler  hc32f4a0_ll_interrupts_share.o
    0x0000b03c   0x0000b03c   0x00000002   Code   RO         4089    i.USART5_TxComplete_IrqHandler  hc32f4a0_ll_interrupts_share.o
    0x0000b03e   0x0000b03e   0x00000002   Code   RO         4090    i.USART5_TxEmpty_IrqHandler  hc32f4a0_ll_interrupts_share.o
    0x0000b040   0x0000b040   0x00000002   Code   RO         4091    i.USART6_RxError_IrqHandler  hc32f4a0_ll_interrupts_share.o
    0x0000b042   0x0000b042   0x00000002   Code   RO         4092    i.USART6_RxFull_IrqHandler  hc32f4a0_ll_interrupts_share.o
    0x0000b044   0x0000b044   0x00000002   Code   RO         4093    i.USART6_RxTO_IrqHandler  hc32f4a0_ll_interrupts_share.o
    0x0000b046   0x0000b046   0x00000002   Code   RO         4094    i.USART6_TxComplete_IrqHandler  hc32f4a0_ll_interrupts_share.o
    0x0000b048   0x0000b048   0x00000002   Code   RO         4095    i.USART6_TxEmpty_IrqHandler  hc32f4a0_ll_interrupts_share.o
    0x0000b04a   0x0000b04a   0x00000002   Code   RO         4096    i.USART7_RxError_IrqHandler  hc32f4a0_ll_interrupts_share.o
    0x0000b04c   0x0000b04c   0x00000002   Code   RO         4097    i.USART7_RxFull_IrqHandler  hc32f4a0_ll_interrupts_share.o
    0x0000b04e   0x0000b04e   0x00000002   Code   RO         4098    i.USART7_RxTO_IrqHandler  hc32f4a0_ll_interrupts_share.o
    0x0000b050   0x0000b050   0x00000002   Code   RO         4099    i.USART7_TxComplete_IrqHandler  hc32f4a0_ll_interrupts_share.o
    0x0000b052   0x0000b052   0x00000002   Code   RO         4100    i.USART7_TxEmpty_IrqHandler  hc32f4a0_ll_interrupts_share.o
    0x0000b054   0x0000b054   0x00000002   Code   RO         4101    i.USART8_RxError_IrqHandler  hc32f4a0_ll_interrupts_share.o
    0x0000b056   0x0000b056   0x00000002   Code   RO         4102    i.USART8_RxFull_IrqHandler  hc32f4a0_ll_interrupts_share.o
    0x0000b058   0x0000b058   0x00000002   Code   RO         4103    i.USART8_TxComplete_IrqHandler  hc32f4a0_ll_interrupts_share.o
    0x0000b05a   0x0000b05a   0x00000002   Code   RO         4104    i.USART8_TxEmpty_IrqHandler  hc32f4a0_ll_interrupts_share.o
    0x0000b05c   0x0000b05c   0x00000002   Code   RO         4105    i.USART9_RxError_IrqHandler  hc32f4a0_ll_interrupts_share.o
    0x0000b05e   0x0000b05e   0x00000002   Code   RO         4106    i.USART9_RxFull_IrqHandler  hc32f4a0_ll_interrupts_share.o
    0x0000b060   0x0000b060   0x00000002   Code   RO         4107    i.USART9_TxComplete_IrqHandler  hc32f4a0_ll_interrupts_share.o
    0x0000b062   0x0000b062   0x00000002   Code   RO         4108    i.USART9_TxEmpty_IrqHandler  hc32f4a0_ll_interrupts_share.o
    0x0000b064   0x0000b064   0x0000014c   Code   RO         6852    i.USART_FuncCmd     hc32_ll_usart.o
    0x0000b1b0   0x0000b1b0   0x00000018   Code   RO         6853    i.USART_GetBusClockFreq  hc32_ll_usart.o
    0x0000b1c8   0x0000b1c8   0x000000b8   Code   RO         6858    i.USART_GetUsartClockFreq  hc32_ll_usart.o
    0x0000b280   0x0000b280   0x00000128   Code   RO         6875    i.USART_SetBaudrate  hc32_ll_usart.o
    0x0000b3a8   0x0000b3a8   0x000001d0   Code   RO         6892    i.USART_UART_Init   hc32_ll_usart.o
    0x0000b578   0x0000b578   0x0000002e   Code   RO         6894    i.USART_UART_StructInit  hc32_ll_usart.o
    0x0000b5a6   0x0000b5a6   0x00000002   PAD
    0x0000b5a8   0x0000b5a8   0x000003ac   Code   RO         9257    i.USBD_IRQHandler   usb_dc_dwc2.o
    0x0000b954   0x0000b954   0x00000002   Code   RO         4109    i.USBFS_Global_IrqHandler  hc32f4a0_ll_interrupts_share.o
    0x0000b956   0x0000b956   0x00000006   Code   RO         8697    i.USB_IRQ_Handler   msc_storage.o
    0x0000b95c   0x0000b95c   0x00000002   Code   RO         4110    i.WDT_IrqHandler    hc32f4a0_ll_interrupts_share.o
    0x0000b95e   0x0000b95e   0x00000002   PAD
    0x0000b960   0x0000b960   0x00000020   Code   RO         9693    i.__0printf         mc_w.l(printfa.o)
    0x0000b980   0x0000b980   0x0000001a   Code   RO         8698    i.__NVIC_ClearPendingIRQ  msc_storage.o
    0x0000b99a   0x0000b99a   0x00000020   Code   RO         8699    i.__NVIC_SetPriority  msc_storage.o
    0x0000b9ba   0x0000b9ba   0x0000000e   Code   RO         9793    i.__scatterload_copy  mc_w.l(handlers.o)
    0x0000b9c8   0x0000b9c8   0x00000002   Code   RO         9794    i.__scatterload_null  mc_w.l(handlers.o)
    0x0000b9ca   0x0000b9ca   0x0000000e   Code   RO         9795    i.__scatterload_zeroinit  mc_w.l(handlers.o)
    0x0000b9d8   0x0000b9d8   0x00000184   Code   RO         9700    i._fp_digits        mc_w.l(printfa.o)
    0x0000bb5c   0x0000bb5c   0x000006b4   Code   RO         9701    i._printf_core      mc_w.l(printfa.o)
    0x0000c210   0x0000c210   0x00000024   Code   RO         9702    i._printf_post_padding  mc_w.l(printfa.o)
    0x0000c234   0x0000c234   0x0000002e   Code   RO         9703    i._printf_pre_padding  mc_w.l(printfa.o)
    0x0000c262   0x0000c262   0x00000002   PAD
    0x0000c264   0x0000c264   0x000000d4   Code   RO         8269    i.check_fs          ff.o
    0x0000c338   0x0000c338   0x00000134   Code   RO         8275    i.create_partition  ff.o
    0x0000c46c   0x0000c46c   0x00000020   Code   RO         7980    i.delay_init        delay_systick.o
    0x0000c48c   0x0000c48c   0x00000032   Code   RO         7981    i.delay_ms          delay_systick.o
    0x0000c4be   0x0000c4be   0x00000002   PAD
    0x0000c4c0   0x0000c4c0   0x00000034   Code   RO         7982    i.delay_us          delay_systick.o
    0x0000c4f4   0x0000c4f4   0x00000034   Code   RO         7983    i.delay_xms         delay_systick.o
    0x0000c528   0x0000c528   0x00000020   Code   RO         8197    i.disk_initialize   diskio.o
    0x0000c548   0x0000c548   0x00000048   Code   RO         8198    i.disk_ioctl        diskio.o
    0x0000c590   0x0000c590   0x00000046   Code   RO         8199    i.disk_read         diskio.o
    0x0000c5d6   0x0000c5d6   0x00000002   PAD
    0x0000c5d8   0x0000c5d8   0x00000028   Code   RO         8200    i.disk_status       diskio.o
    0x0000c600   0x0000c600   0x00000046   Code   RO         8201    i.disk_write        diskio.o
    0x0000c646   0x0000c646   0x00000002   PAD
    0x0000c648   0x0000c648   0x00000040   Code   RO         9258    i.dwc2_ep0_start_read_setup  usb_dc_dwc2.o
    0x0000c688   0x0000c688   0x00000028   Code   RO         9259    i.dwc2_ep_read      usb_dc_dwc2.o
    0x0000c6b0   0x0000c6b0   0x0000002c   Code   RO         9260    i.dwc2_ep_write     usb_dc_dwc2.o
    0x0000c6dc   0x0000c6dc   0x0000004c   Code   RO         9261    i.dwc2_flush_rxfifo  usb_dc_dwc2.o
    0x0000c728   0x0000c728   0x00000050   Code   RO         9262    i.dwc2_flush_txfifo  usb_dc_dwc2.o
    0x0000c778   0x0000c778   0x0000002c   Code   RO         9263    i.dwc2_get_devspeed  usb_dc_dwc2.o
    0x0000c7a4   0x0000c7a4   0x00000108   Code   RO         9264    i.dwc2_set_turnaroundtime  usb_dc_dwc2.o
    0x0000c8ac   0x0000c8ac   0x000000a4   Code   RO         9265    i.dwc2_set_txfifo   usb_dc_dwc2.o
    0x0000c950   0x0000c950   0x000000f4   Code   RO         9266    i.dwc2_tx_fifo_empty_procecss  usb_dc_dwc2.o
    0x0000ca44   0x0000ca44   0x000000d4   Code   RO         8288    i.f_getfree         ff.o
    0x0000cb18   0x0000cb18   0x000006b8   Code   RO         8293    i.f_mkfs            ff.o
    0x0000d1d0   0x0000d1d0   0x0000004c   Code   RO         8294    i.f_mount           ff.o
    0x0000d21c   0x0000d21c   0x00000008   Code   RO         8202    i.ff_memalloc       diskio.o
    0x0000d224   0x0000d224   0x00000008   Code   RO         8203    i.ff_memfree        diskio.o
    0x0000d22c   0x0000d22c   0x00000062   Code   RO         8309    i.find_volume       ff.o
    0x0000d28e   0x0000d28e   0x00000002   PAD
    0x0000d290   0x0000d290   0x00000014   Code   RO         7627    i.fputc             uart1.o
    0x0000d2a4   0x0000d2a4   0x00000018   Code   RO         7522    i.getDataTime       rtc.o
    0x0000d2bc   0x0000d2bc   0x0000002a   Code   RO         8182    i.get_FreeDiskSpace  exfatfs.o
    0x0000d2e6   0x0000d2e6   0x000000ee   Code   RO         8313    i.get_fat           ff.o
    0x0000d3d4   0x0000d3d4   0x00000050   Code   RO         8204    i.get_fattime       diskio.o
    0x0000d424   0x0000d424   0x0000008c   Code   RO         8315    i.get_ldnumber      ff.o
    0x0000d4b0   0x0000d4b0   0x0000001c   Code   RO         8839    i.is_device_configured  usbd_core.o
    0x0000d4cc   0x0000d4cc   0x00000016   Code   RO         8319    i.ld_dword          ff.o
    0x0000d4e2   0x0000d4e2   0x0000000a   Code   RO         8320    i.ld_word           ff.o
    0x0000d4ec   0x0000d4ec   0x000003a0   Code   RO         8024    i.main              main.o
    0x0000d88c   0x0000d88c   0x00000070   Code   RO         9098    i.mass_storage_bulk_in  usbd_msc.o
    0x0000d8fc   0x0000d8fc   0x000000a0   Code   RO         9099    i.mass_storage_bulk_out  usbd_msc.o
    0x0000d99c   0x0000d99c   0x0000027c   Code   RO         8321    i.mount_volume      ff.o
    0x0000dc18   0x0000dc18   0x00000034   Code   RO         8322    i.move_window       ff.o
    0x0000dc4c   0x0000dc4c   0x00000090   Code   RO         9100    i.msc_storage_class_interface_request_handler  usbd_msc.o
    0x0000dcdc   0x0000dcdc   0x0000003c   Code   RO         8700    i.msc_storage_init  msc_storage.o
    0x0000dd18   0x0000dd18   0x00000034   Code   RO         9101    i.msc_storage_notify_handler  usbd_msc.o
    0x0000dd4c   0x0000dd4c   0x00000058   Code   RO         8101    i.my_mem_free       malloc.o
    0x0000dda4   0x0000dda4   0x0000003c   Code   RO         8102    i.my_mem_init       malloc.o
    0x0000dde0   0x0000dde0   0x0000009c   Code   RO         8103    i.my_mem_malloc     malloc.o
    0x0000de7c   0x0000de7c   0x00000038   Code   RO         8104    i.my_mem_perused    malloc.o
    0x0000deb4   0x0000deb4   0x00000018   Code   RO         8105    i.myfree            malloc.o
    0x0000decc   0x0000decc   0x00000024   Code   RO         8106    i.mymalloc          malloc.o
    0x0000def0   0x0000def0   0x0000000e   Code   RO         8108    i.mymemset          malloc.o
    0x0000defe   0x0000defe   0x00000014   Code   RO         7524    i.setDataTime       rtc.o
    0x0000df12   0x0000df12   0x00000002   PAD
    0x0000df14   0x0000df14   0x000000c8   Code   RO         7490    i.spi1_init         spi.o
    0x0000dfdc   0x0000dfdc   0x00000010   Code   RO         8332    i.st_dword          ff.o
    0x0000dfec   0x0000dfec   0x00000008   Code   RO         8333    i.st_word           ff.o
    0x0000dff4   0x0000dff4   0x0000008c   Code   RO         7525    i.sw12Hour          rtc.o
    0x0000e080   0x0000e080   0x00000090   Code   RO         7526    i.sw24Hour          rtc.o
    0x0000e110   0x0000e110   0x00000048   Code   RO         8336    i.sync_window       ff.o
    0x0000e158   0x0000e158   0x000000e0   Code   RO         8077    i.systemClockConfig240MHZ  systemclockconfig.o
    0x0000e238   0x0000e238   0x00000090   Code   RO         7628    i.uart1_init        uart1.o
    0x0000e2c8   0x0000e2c8   0x00000458   Code   RO         9268    i.usb_dc_init       usb_dc_dwc2.o
    0x0000e720   0x0000e720   0x00000090   Code   RO         8702    i.usb_dc_low_level_init  msc_storage.o
    0x0000e7b0   0x0000e7b0   0x00000058   Code   RO         8842    i.usbd_add_endpoint  usbd_core.o
    0x0000e808   0x0000e808   0x0000002c   Code   RO         8843    i.usbd_add_interface  usbd_core.o
    0x0000e834   0x0000e834   0x0000005c   Code   RO         8845    i.usbd_class_event_notify_handler  usbd_core.o
    0x0000e890   0x0000e890   0x00000098   Code   RO         8846    i.usbd_class_request_handler  usbd_core.o
    0x0000e928   0x0000e928   0x00000044   Code   RO         8848    i.usbd_desc_register  usbd_core.o
    0x0000e96c   0x0000e96c   0x00000004   Code   RO         9410    i.usbd_dwc2_delay_ms  usb_glue_hc.o
    0x0000e970   0x0000e970   0x0000007c   Code   RO         9269    i.usbd_ep_clear_stall  usb_dc_dwc2.o
    0x0000e9ec   0x0000e9ec   0x000000f8   Code   RO         9270    i.usbd_ep_close     usb_dc_dwc2.o
    0x0000eae4   0x0000eae4   0x0000004c   Code   RO         9271    i.usbd_ep_is_stalled  usb_dc_dwc2.o
    0x0000eb30   0x0000eb30   0x00000194   Code   RO         9272    i.usbd_ep_open      usb_dc_dwc2.o
    0x0000ecc4   0x0000ecc4   0x00000060   Code   RO         9273    i.usbd_ep_set_stall  usb_dc_dwc2.o
    0x0000ed24   0x0000ed24   0x00000158   Code   RO         9274    i.usbd_ep_start_read  usb_dc_dwc2.o
    0x0000ee7c   0x0000ee7c   0x00000170   Code   RO         9275    i.usbd_ep_start_write  usb_dc_dwc2.o
    0x0000efec   0x0000efec   0x00000018   Code   RO         8849    i.usbd_event_connect_handler  usbd_core.o
    0x0000f004   0x0000f004   0x00000018   Code   RO         8850    i.usbd_event_disconnect_handler  usbd_core.o
    0x0000f01c   0x0000f01c   0x0000005c   Code   RO         8851    i.usbd_event_ep0_in_complete_handler  usbd_core.o
    0x0000f078   0x0000f078   0x00000068   Code   RO         8852    i.usbd_event_ep0_out_complete_handler  usbd_core.o
    0x0000f0e0   0x0000f0e0   0x00000110   Code   RO         8853    i.usbd_event_ep0_setup_complete_handler  usbd_core.o
    0x0000f1f0   0x0000f1f0   0x0000002c   Code   RO         8854    i.usbd_event_ep_in_complete_handler  usbd_core.o
    0x0000f21c   0x0000f21c   0x0000002c   Code   RO         8855    i.usbd_event_ep_out_complete_handler  usbd_core.o
    0x0000f248   0x0000f248   0x00000002   Code   RO         8703    i.usbd_event_handler  msc_storage.o
    0x0000f24a   0x0000f24a   0x00000002   PAD
    0x0000f24c   0x0000f24c   0x00000070   Code   RO         8856    i.usbd_event_reset_handler  usbd_core.o
    0x0000f2bc   0x0000f2bc   0x0000001c   Code   RO         8857    i.usbd_event_resume_handler  usbd_core.o
    0x0000f2d8   0x0000f2d8   0x00000028   Code   RO         8858    i.usbd_event_suspend_handler  usbd_core.o
    0x0000f300   0x0000f300   0x0000012c   Code   RO         8859    i.usbd_get_descriptor  usbd_core.o
    0x0000f42c   0x0000f42c   0x00000014   Code   RO         9411    i.usbd_get_dwc2_gccfg_conf  usb_glue_hc.o
    0x0000f440   0x0000f440   0x00000078   Code   RO         8862    i.usbd_initialize   usbd_core.o
    0x0000f4b8   0x0000f4b8   0x0000004c   Code   RO         9102    i.usbd_msc_bot_abort  usbd_msc.o
    0x0000f504   0x0000f504   0x00000028   Code   RO         8704    i.usbd_msc_get_cap  msc_storage.o
    0x0000f52c   0x0000f52c   0x000000dc   Code   RO         9104    i.usbd_msc_init_intf  usbd_msc.o
    0x0000f608   0x0000f608   0x0000001c   Code   RO         9105    i.usbd_msc_reset    usbd_msc.o
    0x0000f624   0x0000f624   0x0000002c   Code   RO         8705    i.usbd_msc_sector_read  msc_storage.o
    0x0000f650   0x0000f650   0x0000002c   Code   RO         8706    i.usbd_msc_sector_write  msc_storage.o
    0x0000f67c   0x0000f67c   0x0000003c   Code   RO         9106    i.usbd_msc_send_csw  usbd_msc.o
    0x0000f6b8   0x0000f6b8   0x00000048   Code   RO         9107    i.usbd_msc_send_info  usbd_msc.o
    0x0000f700   0x0000f700   0x00000044   Code   RO         8865    i.usbd_print_setup  usbd_core.o
    0x0000f744   0x0000f744   0x00000012   Code   RO         8866    i.usbd_reset_endpoint  usbd_core.o
    0x0000f756   0x0000f756   0x00000002   PAD
    0x0000f758   0x0000f758   0x00000030   Code   RO         9277    i.usbd_set_address  usb_dc_dwc2.o
    0x0000f788   0x0000f788   0x00000080   Code   RO         8868    i.usbd_set_configuration  usbd_core.o
    0x0000f808   0x0000f808   0x00000070   Code   RO         8869    i.usbd_set_endpoint  usbd_core.o
    0x0000f878   0x0000f878   0x00000098   Code   RO         8870    i.usbd_set_interface  usbd_core.o
    0x0000f910   0x0000f910   0x00000104   Code   RO         8871    i.usbd_setup_request_handler  usbd_core.o
    0x0000fa14   0x0000fa14   0x0000004a   Code   RO         8872    i.usbd_standard_request_handler  usbd_core.o
    0x0000fa5e   0x0000fa5e   0x00000002   PAD
    0x0000fa60   0x0000fa60   0x0000010c   Code   RO         8873    i.usbd_std_device_req_handler  usbd_core.o
    0x0000fb6c   0x0000fb6c   0x00000100   Code   RO         8874    i.usbd_std_endpoint_req_handler  usbd_core.o
    0x0000fc6c   0x0000fc6c   0x0000012c   Code   RO         8875    i.usbd_std_interface_req_handler  usbd_core.o
    0x0000fd98   0x0000fd98   0x0000017c   Code   RO         8876    i.usbd_vendor_request_handler  usbd_core.o
    0x0000ff14   0x0000ff14   0x0000001c   Code   RO         9109    i.usdb_msc_set_max_lun  usbd_msc.o
    0x0000ff30   0x0000ff30   0x00000010   Data   RO         6899    .constdata          hc32_ll_usart.o
    0x0000ff40   0x0000ff40   0x0000000b   Data   RO         7629    .constdata          uart1.o
    0x0000ff4b   0x0000ff4b   0x00000001   PAD
    0x0000ff4c   0x0000ff4c   0x0000000c   Data   RO         8112    .constdata          malloc.o
    0x0000ff58   0x0000ff58   0x000000d4   Data   RO         8339    .constdata          ff.o
    0x0001002c   0x0001002c   0x00000087   Data   RO         8708    .constdata          msc_storage.o
    0x000100b3   0x000100b3   0x00000001   PAD
    0x000100b4   0x000100b4   0x0000000a   Data   RO         8340    .conststring        ff.o
    0x000100be   0x000100be   0x00000002   PAD
    0x000100c0   0x000100c0   0x0000005d   Data   RO         8887    .conststring        usbd_core.o
    0x0001011d   0x0001011d   0x00000003   PAD
    0x00010120   0x00010120   0x00000041   Data   RO         9119    .conststring        usbd_msc.o
    0x00010161   0x00010161   0x00000003   PAD
    0x00010164   0x00010164   0x0000005a   Data   RO         9282    .conststring        usb_dc_dwc2.o
    0x000101be   0x000101be   0x00000002   PAD
    0x000101c0   0x000101c0   0x00000020   Data   RO         9791    Region$$Table       anon$$obj.o


    Execution Region RW_IRAM1 (Exec base: 0x1ffe0000, Load base: 0x000101e0, Size: 0x00000008, Max: 0x00000008, ABSOLUTE, UNINIT)

    Exec Addr    Load Addr    Size         Type   Attr      Idx    E Section Name        Object

    0x1ffe0000        -       0x00000008   Zero   RW            6    .bss.noinit         system_hc32f4a0.o


    Execution Region RW_IRAM2 (Exec base: 0x1ffe0008, Load base: 0x000101e0, Size: 0x00039e08, Max: 0x0007fff8, ABSOLUTE, COMPRESSED[0x00000030])

    Exec Addr    Load Addr    Size         Type   Attr      Idx    E Section Name        Object

    0x1ffe0008   COMPRESSED   0x00000008   Data   RW         3405    .data               hc32_ll_ots.o
    0x1ffe0010   COMPRESSED   0x00000002   Data   RW         7375    .data               w25qxx.o
    0x1ffe0012   COMPRESSED   0x00000002   Data   RW         7376    .data               w25qxx.o
    0x1ffe0014   COMPRESSED   0x0000000a   Data   RW         7527    .data               rtc.o
    0x1ffe001e   COMPRESSED   0x00000001   Data   RW         7713    .data               sd_diskio.o
    0x1ffe001f   COMPRESSED   0x00000001   PAD
    0x1ffe0020   COMPRESSED   0x00000008   Data   RW         7984    .data               delay_systick.o
    0x1ffe0028   COMPRESSED   0x00000002   Data   RW         8030    .data               main.o
    0x1ffe002a   COMPRESSED   0x00000002   PAD
    0x1ffe002c   COMPRESSED   0x00000014   Data   RW         8113    .data               malloc.o
    0x1ffe0040   COMPRESSED   0x0000000c   Data   RW         8341    .data               ff.o
    0x1ffe004c   COMPRESSED   0x00000008   Data   RW         8888    .data               usbd_core.o
    0x1ffe0054   COMPRESSED   0x00000004   Data   RW         9773    .data               mc_w.l(stdout.o)
    0x1ffe0058   COMPRESSED   0x000003fc   Data   RW         8889    .noncacheable       usbd_core.o
    0x1ffe0454   COMPRESSED   0x00000250   Data   RW         9120    .noncacheable       usbd_msc.o
    0x1ffe06a4   COMPRESSED   0x0000001c   PAD
    0x1ffe06c0   COMPRESSED   0x00000220   Data   RW         9283    .noncacheable       usb_dc_dwc2.o
    0x1ffe08e0        -       0x00000200   Zero   RW         1873    .bss                hc32_ll_interrupts.o
    0x1ffe0ae0        -       0x00000088   Zero   RW         7712    .bss                sd_diskio.o
    0x1ffe0b68        -       0x00002070   Zero   RW         8025    .bss                main.o
    0x1ffe2bd8   COMPRESSED   0x00000008   PAD
    0x1ffe2be0        -       0x00032000   Zero   RW         8110    .bss                malloc.o
    0x20014be0        -       0x00003200   Zero   RW         8111    .bss                malloc.o
    0x20017de0        -       0x0000001c   Zero   RW         8707    .bss                msc_storage.o
    0x20017dfc        -       0x00000010   Zero   RW         9110    .bss                usbd_msc.o
    0x20017e0c   COMPRESSED   0x00000004   PAD
    0x20017e10        -       0x00002000   Zero   RW           74    STACK               startup_hc32f4a0.o


    Execution Region RW_IRAMB (Exec base: 0x200f0000, Load base: 0x00010210, Size: 0x00000000, Max: 0x00001000, ABSOLUTE)

    **** No section assigned to this execution region ****


==============================================================================

Image component sizes


      Code (inc. data)   RO Data    RW Data    ZI Data      Debug   Object Name

       186         18          0          8          0       2279   delay_systick.o
       380         22          0          0          0       9007   diskio.o
        42          0          0          0          0       1124   exfatfs.o
      3820        122        222         12          0      37332   ff.o
       240         52          0          0          0      92646   hc32_ll.o
      3304        736          0          0          0      23591   hc32_ll_clk.o
       132         52          0          0          0       3388   hc32_ll_dma.o
       164         58          0          0          0        719   hc32_ll_efm.o
       328        152          0          0          0       1971   hc32_ll_fcg.o
      1098        266          0          0          0      12120   hc32_ll_gpio.o
         0          0         96          0          0        650   hc32_ll_icg.o
      2760        642          0          0        512      97256   hc32_ll_interrupts.o
       460         78          0          8          0       4552   hc32_ll_ots.o
       492        264          0          0          0      15155   hc32_ll_pwc.o
      2622        498          0          0          0      11946   hc32_ll_rtc.o
      5266       1278          0          0          0      41308   hc32_ll_sdioc.o
      1860        318          0          0          0      11478   hc32_ll_spi.o
       180         52          0          0          0        820   hc32_ll_sram.o
       294         58          0          0          0       3246   hc32_ll_tmr0.o
      2986        636         16          0          0      13218   hc32_ll_usart.o
       130         22          0          0          0       2076   hc32_ll_utility.o
     13174        978          0          0          0     241009   hc32f4a0_ll_interrupts_share.o
       928        474          0          2       8304       1936   main.o
       434         46         12         20     217600       6124   malloc.o
       398         22        135          0         28      68468   msc_storage.o
        54          0          0          0          0       1358   ots.o
       588         40          0         10          0       4649   rtc.o
      3382         48          0          0          0      15841   sd.o
       650         38          0          1        136      13429   sd_diskio.o
       232         10          0          0          0       1157   spi.o
        36          8        640          0       8192        856   startup_hc32f4a0.o
       172         42          0          0          8     506873   system_hc32f4a0.o
       224          8          0          0          0        690   systemclockconfig.o
        68          4          0          0          0        583   tmr0.o
       164         44         11          0          0       2377   uart1.o
      4780        724         90        544          0      18416   usb_dc_dwc2.o
        24          0          0          0          0       1044   usb_glue_hc.o
      3692        570         93       1028          0      27204   usbd_core.o
      3704        848         65        592         16      20774   usbd_msc.o
       614         34          0          4          0       6692   w25qxx.o

    ----------------------------------------------------------------------
     60112       9262       1424       2260     234808    1325362   Object Totals
         0          0         32          0          0          0   (incl. Generated)
        50          0         12         31         12          0   (incl. Padding)

    ----------------------------------------------------------------------

      Code (inc. data)   RO Data    RW Data    ZI Data      Debug   Library Member Name

        58          0          0          0          0          0   __dczerorl.o
         0          0          0          0          0          0   entry.o
         0          0          0          0          0          0   entry10a.o
         0          0          0          0          0          0   entry11a.o
         4          0          0          0          0          0   entry12b.o
         8          4          0          0          0          0   entry2.o
         4          0          0          0          0          0   entry5.o
         0          0          0          0          0          0   entry7b.o
         0          0          0          0          0          0   entry8b.o
         8          4          0          0          0          0   entry9a.o
        30          0          0          0          0          0   handlers.o
        36          8          0          0          0         68   init.o
         0          0          0          0          0          0   iusefp.o
        30          0          0          0          0         68   llshl.o
        36          0          0          0          0         68   llsshr.o
        32          0          0          0          0         68   llushr.o
        26          0          0          0          0         80   memcmp.o
        36          0          0          0          0         68   memcpya.o
        36          0          0          0          0        108   memseta.o
      2218         90          0          0          0        464   printfa.o
         0          0          0          4          0          0   stdout.o
        44          0          0          0          0         80   uidiv.o
        98          0          0          0          0         92   uldiv.o
        48          0          0          0          0         68   cdrcmple.o
        56          0          0          0          0         88   d2f.o
       334          0          0          0          0        148   dadd.o
       222          0          0          0          0        100   ddiv.o
       186          0          0          0          0        176   depilogue.o
        48          0          0          0          0         68   dfixul.o
        26          0          0          0          0         76   dfltui.o
        24          0          0          0          0         76   dfltul.o
       228          0          0          0          0         96   dmul.o
        38          0          0          0          0         68   f2d.o
       176          0          0          0          0        140   fadd.o
       124          0          0          0          0         88   fdiv.o
       110          0          0          0          0        168   fepilogue.o
        18          0          0          0          0         68   fflti.o
        10          0          0          0          0         68   ffltui.o
       100          0          0          0          0         76   fmul.o
        24          0          0          0          0         68   fscalb.o

    ----------------------------------------------------------------------
      4480        106          0          4          0       2804   Library Totals
         4          0          0          0          0          0   (incl. Padding)

    ----------------------------------------------------------------------

      Code (inc. data)   RO Data    RW Data    ZI Data      Debug   Library Name

      2704        106          0          4          0       1164   mc_w.l
      1772          0          0          0          0       1640   mf_w.l

    ----------------------------------------------------------------------
      4480        106          0          4          0       2804   Library Totals

    ----------------------------------------------------------------------

==============================================================================


      Code (inc. data)   RO Data    RW Data    ZI Data      Debug   

     64592       9368       1424       2264     234808    1281234   Grand Totals
     64592       9368       1424         48     234808    1281234   ELF Image Totals (compressed)
     64592       9368       1424         48          0          0   ROM Totals

==============================================================================

    Total RO  Size (Code + RO Data)                66016 (  64.47kB)
    Total RW  Size (RW Data + ZI Data)            237072 ( 231.52kB)
    Total ROM Size (Code + RO Data + RW Data)      66064 (  64.52kB)

==============================================================================

